(1703,1161)
(1825,1337)
(1027,1052)
(1151,1655)
(843,242)
(155,370)
(261,1631)
(1938,532)
(258,329)
(1477,861)
(806,1043)
(1281,43)
(378,942)
(1527,1355)
(1065,736)
(1966,1939)
(77,1367)
(1956,63)
(1163,773)
(183,1163)
(1176,670)
(921,1862)
(480,1871)
(173,1361)
(1162,1061)
(1623,249)
(479,163)
(822,630)
(1721,226)
(1392,1941)
(1955,963)
(1055,1742)
(393,525)
(1390,1059)
(807,39)
(633,439)
(1699,469)
(1597,1660)
(1159,1958)
(1829,1237)
(915,1528)
(166,946)
(1520,1759)
(717,1345)
(1376,926)
(1488,125)
(1742,1631)
(1027,52)
(1620,1746)
(1275,1672)
(274,956)
(626,930)
(1293,1753)
(598,1648)
(805,746)
(716,673)
(1252,725)
(186,672)
(1737,1563)
(1138,1144)
(949,747)
(1523,330)
(258,1528)
(693,1034)
(1596,1074)
(1922,1338)
(1060,958)
(1612,1869)
(1413,73)
(305,141)
(40,1751)
(1922,234)
(141,254)
(695,1437)
(157,734)
(269,269)
(294,534)
(379,1925)
(65,1836)
(1382,1326)
(582,1160)
(1303,375)
(1190,443)
(1949,1154)
(1045,1959)
(716,443)
(1926,1654)
(1138,160)
(1161,43)
(29,551)
(79,1055)
(590,1737)
(1627,129)
(1846,948)
(1497,1851)
(1474,1556)
(1706,331)
(748,327)
(1378,1460)
(928,547)
(1603,1327)
(1745,1737)
(603,773)
(63,74)
(1027,532)
(842,968)
(1583,1469)
(1269,540)
(939,29)
(292,1247)
(704,959)
(1725,1465)
(1721,538)
(487,843)
(1843,763)
(487,1970)
(841,1850)
(1056,275)
(742,1142)
(1509,1468)
(395,668)
(83,168)
(1032,345)
(919,1051)
(1074,660)
(410,230)
(1829,269)
(1809,446)
(859,1151)
(285,43)
(1720,1831)
(1933,728)
(1828,1930)
(939,1931)
(150,564)
(1924,1254)
(505,561)
(413,437)
(969,1753)
(398,350)
(1278,1564)
(260,1174)
(959,472)
(1181,354)
(1718,28)
(83,667)
(402,1344)
(1305,1938)
(186,1650)
(1963,331)
(1609,1955)
(1511,465)
(1803,1662)
(1820,368)
(195,1242)
(488,1263)
(1483,951)
(717,852)
(952,347)
(806,1757)
(1614,844)
(841,872)
(1254,1174)
(935,169)
(1522,1274)
(260,471)
(710,1925)
(1031,826)
(1962,1439)
(519,1665)
(947,646)
(281,1853)
(1269,1458)
(861,1372)
(360,1841)
(391,1173)
(584,1975)
(618,153)
(1606,1538)
(1190,1246)
(697,165)
(1381,1767)
(607,657)
(1817,1845)
(1050,1129)
(1394,268)
(603,1038)
(1156,240)
(1394,773)
(727,1775)
(1176,855)
(1249,254)
(1266,1353)
(361,869)
(154,874)
(1283,975)
(298,671)
(821,564)
(389,1546)
(268,1346)
(603,42)
(67,838)
(1491,655)
(1476,1668)
(1280,472)
(523,348)
(377,1247)
(619,240)
(503,237)
(1852,830)
(525,653)
(585,860)
(1517,1962)
(852,1648)
(527,764)
(1251,1835)
(50,1436)
(1363,454)
(621,1533)
(1156,1543)
(806,372)
(1163,1351)
(164,143)
(1491,272)
(1622,430)
(1919,1860)
(389,1436)
(146,458)
(516,1438)
(1850,135)
(713,1275)
(936,1170)
(624,1848)
(516,1169)
(1194,557)
(474,431)
(1037,1836)
(1415,1250)
(528,67)
(1404,1867)
(1963,626)
(1746,749)
(937,1471)
(1077,1575)
(1149,948)
(1048,1258)
(1843,1168)
(1930,138)
(1722,1241)
(1820,1535)
(1585,765)
(1859,1072)
(1373,155)
(290,1974)
(59,1671)
(922,261)
(855,1962)
(822,1444)
(1077,1458)
(50,1535)
(748,768)
(1950,426)
(1709,652)
(195,1961)
(1728,1065)
(1704,1938)
(58,927)
(1609,1247)
(927,1626)
(1595,68)
(618,345)
(273,758)
(1494,526)
(289,1033)
(703,1831)
(597,1466)
(1261,1244)
(382,1046)
(1401,1162)
(1597,341)
(1508,1172)
(1586,1144)
(524,1529)
(1150,1473)
(1416,362)
(53,1228)
(1049,127)
(1694,843)
(1963,1547)
(1251,647)
(53,351)
(1806,1732)
(178,1553)
(821,447)
(1471,1029)
(30,1941)
(38,1157)
(1842,557)
(78,268)
(1397,542)
(1841,1441)
(173,1434)
(379,127)
(943,962)
(1739,172)
(483,930)
(267,1456)
(701,546)
(30,463)
(373,1731)
(1255,167)
(1268,862)
(377,749)
(1372,1641)
(744,1564)
(1919,1038)
(924,843)
(27,747)
(172,1068)
(1041,1659)
(738,1625)
(1267,1067)
(387,1627)
(739,31)
(1727,969)
(1735,1326)
(289,857)
(1485,740)
(1487,72)
(485,1058)
(1187,1831)
(1072,1361)
(194,27)
(946,1226)
(806,1231)
(1595,526)
(1411,674)
(1064,467)
(397,73)
(1826,657)
(601,1234)
(476,1755)
(138,1762)
(945,1355)
(1959,865)
(1374,1560)
(269,1769)
(830,1557)
(154,1835)
(733,255)
(1815,29)
(1920,1773)
(485,1349)
(1616,629)
(622,1366)
(1142,1726)
(636,546)
(1586,965)
(817,147)
(1414,849)
(1788,850)
(x-1771.573)^2 +(y-1683.205)^2 = 900
(x-1132.126)^2 +(y-1598.046)^2 = 900
(x-896.657)^2 +(y-215.15)^2 = 900
(x-228.764)^2 +(y-1580.395)^2 = 900
(x-1549.695)^2 +(y-1299.458)^2 = 900
(x-127.238)^2 +(y-1399.805)^2 = 900
(x-1199.355)^2 +(y-725.268)^2 = 900
(x-215.039)^2 +(y-1213.73)^2 = 900
(x-890.768)^2 +(y-1913.827)^2 = 900
(x-469.496)^2 +(y-222.243)^2 = 900
(x-1017.263)^2 +(y-1788.647)^2 = 900
(x-1882.781)^2 +(y-1210.399)^2 = 900
(x-113.024)^2 +(y-917.829)^2 = 900
(x-670.094)^2 +(y-1382.414)^2 = 900
(x-1472.698)^2 +(y-66.984)^2 = 900
(x-554.114)^2 +(y-1688.915)^2 = 900
(x-749.747)^2 +(y-722.61)^2 = 900
(x-126.86)^2 +(y-682.12)^2 = 900
(x-1463.195)^2 +(y-325.168)^2 = 900
(x-1652.293)^2 +(y-1913.458)^2 = 900
(x-361.765)^2 +(y-121.564)^2 = 900
(x-91.322)^2 +(y-1782.082)^2 = 900
(x-137.01)^2 +(y-194.133)^2 = 900
(x-555.743)^2 +(y-1213.95)^2 = 900
(x-1323.998)^2 +(y-431.206)^2 = 900
(x-771.988)^2 +(y-421.429)^2 = 900
(x-972.546)^2 +(y-506.805)^2 = 900
(x-554.504)^2 +(y-808.328)^2 = 900
(x-895.079)^2 +(y-995.974)^2 = 900
(x-1241.682)^2 +(y-593.42)^2 = 900
(x-1798.368)^2 +(y-803.1)^2 = 900
(x-1560.291)^2 +(y-1499.132)^2 = 900
(x-347.591)^2 +(y-704.775)^2 = 900
(x-913.837)^2 +(y-1175.349)^2 = 900
(x-1864.147)^2 +(y-1882.11)^2 = 900
(x-445.548)^2 +(y-386.595)^2 = 900
(x-452.215)^2 +(y-1311.161)^2 = 900
(x-1551.595)^2 +(y-509.182)^2 = 900
(x-1248.74)^2 +(y-1233.769)^2 = 900
(x-677.935)^2 +(y-1874.287)^2 = 900
(x-313.778)^2 +(y-1802.744)^2 = 900
(x-650.778)^2 +(y-203.256)^2 = 900
(x-1427.411)^2 +(y-723.163)^2 = 900
(x-876.685)^2 +(y-1593.313)^2 = 900
(x-563.521)^2 +(y-1515.791)^2 = 900
(x-1127.693)^2 +(y-1490.097)^2 = 900
(x-792.335)^2 +(y-1599.549)^2 = 900
(x-1755.018)^2 +(y-1190.902)^2 = 900
(x-1873.864)^2 +(y-1302.182)^2 = 900
(x-1075.059)^2 +(y-1016.079)^2 = 900
(x-214.994)^2 +(y-370.839)^2 = 900
(x-1984.459)^2 +(y-569.968)^2 = 900
(x-1519.485)^2 +(y-903.368)^2 = 900
(x-751.063)^2 +(y-1018.877)^2 = 900
(x-1221)^2 +(y-43)^2 = 900
(x-329.883)^2 +(y-977.843)^2 = 900
(x-1008.354)^2 +(y-755.78)^2 = 900
(x-1985.515)^2 +(y-115.239)^2 = 900
(x-437.944)^2 +(y-1913.794)^2 = 900
(x-1190)^2 +(y-1114.066)^2 = 900
(x-1679.463)^2 +(y-269.297)^2 = 900
(x-871.602)^2 +(y-596.241)^2 = 900
(x-1349.923)^2 +(y-1898.227)^2 = 900
(x-1903.765)^2 +(y-931.776)^2 = 900
(x-346.543)^2 +(y-562.97)^2 = 900
(x-1425.619)^2 +(y-1107.283)^2 = 900
(x-767.243)^2 +(y-83.937)^2 = 900
(x-661.578)^2 +(y-386.243)^2 = 900
(x-1755.58)^2 +(y-488.967)^2 = 900
(x-1647.368)^2 +(y-1692.605)^2 = 900
(x-1102.164)^2 +(y-1977.228)^2 = 900
(x-974.177)^2 +(y-1518.095)^2 = 900
(x-1544.168)^2 +(y-1813.917)^2 = 900
(x-1342.99)^2 +(y-976.103)^2 = 900
(x-992.897)^2 +(y-2.634)^2 = 900
(x-1326.312)^2 +(y-1703.097)^2 = 900
(x-680.065)^2 +(y-903.981)^2 = 900
(x-1764.85)^2 +(y-1509.855)^2 = 900
(x-1638.99)^2 +(y-1115.856)^2 = 900
(x-1887.348)^2 +(y-282.982)^2 = 900
(x-1325.662)^2 +(y-1346.641)^2 = 900
(x-1225.291)^2 +(y-394.476)^2 = 900
(x-1937.211)^2 +(y-1095.17)^2 = 900
(x-1963.295)^2 +(y-1606.999)^2 = 900
(x-1189.738)^2 +(y-190.384)^2 = 900
(x-70.286)^2 +(y-507.463)^2 = 900
(x-80.821)^2 +(y-1114.972)^2 = 900
(x-1654.507)^2 +(y-75.677)^2 = 900
(x-1496.514)^2 +(y-1611.616)^2 = 900
(x-1763.913)^2 +(y-346.686)^2 = 900
(x-786.914)^2 +(y-281.33)^2 = 900
(x-1323.96)^2 +(y-1433.929)^2 = 900
(x-310.821)^2 +(y-1303.972)^2 = 900
(x-526.233)^2 +(y-888.396)^2 = 900
(x-537.314)^2 +(y-1937.312)^2 = 900
(x-854.982)^2 +(y-1791.652)^2 = 900
(x-1088.68)^2 +(y-325.319)^2 = 900
(x-793.816)^2 +(y-1172.25)^2 = 900
(x-1840.58)^2 +(y-497.017)^2 = 900
(x-232.87)^2 +(y-72.707)^2 = 900
(x-176.034)^2 +(y-509.942)^2 = 900
(x-551.353)^2 +(y-599.097)^2 = 900
(x-1327.496)^2 +(y-1597.913)^2 = 900
(x-1766.136)^2 +(y-63.818)^2 = 900
(x-1992.243)^2 +(y-383.391)^2 = 900
(x-1639.653)^2 +(y-789.76)^2 = 900
(x-895.969)^2 +(y-896.05)^2 = 900
(x-880.066)^2 +(y-1428.89)^2 = 900
(x-429.898)^2 +(y-1218.683)^2 = 900
(x-1422.817)^2 +(y-1810.027)^2 = 900
(x-638.521)^2 +(y-605.947)^2 = 900
(x-1400.458)^2 +(y-208.349)^2 = 900
(x-544.728)^2 +(y-1052.298)^2 = 900
(x-1196.528)^2 +(y-911.379)^2 = 900
(x-1293.118)^2 +(y-213.336)^2 = 900
(x-332.829)^2 +(y-816.024)^2 = 900
(x-412.979)^2 +(y-1491)^2 = 900
(x-579.774)^2 +(y-97.322)^2 = 900
(x-77.77)^2 +(y-778.975)^2 = 900
(x-1222.164)^2 +(y-1782.384)^2 = 900
(x-83.908)^2 +(y-1485.5)^2 = 900
(x-1121.737)^2 +(y-1394.559)^2 = 900
(x-1646.33)^2 +(y-375.154)^2 = 900
(x-1798.713)^2 +(y-166.139)^2 = 900
(x-1755.616)^2 +(y-689.776)^2 = 900
(x-1865.427)^2 +(y-1495.803)^2 = 900
(x-247.391)^2 +(y-1931.757)^2 = 900
(x-1763.495)^2 +(y-1016.625)^2 = 900
(x-340.672)^2 +(y-1002.503)^2 = 900
(x-105.228)^2 +(y-321.466)^2 = 900
(x-408.843)^2 +(y-1682.883)^2 = 900
(x-212.237)^2 +(y-1596.041)^2 = 900
(x-1006.737)^2 +(y-1706.353)^2 = 900
(x-122.842)^2 +(y-1820.054)^2 = 900
(x-1581.916)^2 +(y-1270.826)^2 = 900
(x-1018.998)^2 +(y-472.536)^2 = 900
(x-323.357)^2 +(y-725.378)^2 = 900
(x-1445.859)^2 +(y-694.525)^2 = 900
(x-542.779)^2 +(y-1491.692)^2 = 900
(x-1784.768)^2 +(y-1292.487)^2 = 900
(x-1081.195)^2 +(y-1077.747)^2 = 900
(x-1194.279)^2 +(y-1696.556)^2 = 900
(x-863.059)^2 +(y-185.452)^2 = 900
(x-314.323)^2 +(y-308.317)^2 = 900
(x-1454.989)^2 +(y-805.183)^2 = 900
(x-1115.394)^2 +(y-703.435)^2 = 900
(x-1081.547)^2 +(y-793.673)^2 = 900
(x-1975.646)^2 +(y-1879.78)^2 = 900
(x-213.502)^2 +(y-1111.331)^2 = 900
(x-493.222)^2 +(y-1812.475)^2 = 900
(x-1216.148)^2 +(y-1035.155)^2 = 900
(x-1991.54)^2 +(y-915.41)^2 = 900
(x-1444.966)^2 +(y-1083.058)^2 = 900
(x-763.614)^2 +(y-1307.222)^2 = 900
(x-1081.687)^2 +(y-76.685)^2 = 900
(x-1333.163)^2 +(y-1686.735)^2 = 900
(x-673.425)^2 +(y-893.246)^2 = 900
(x-980.378)^2 +(y-695.859)^2 = 900
(x-309.92)^2 +(y-1497.927)^2 = 900
(x-1615.489)^2 +(y-1017.253)^2 = 900
(x-1965.699)^2 +(y-1379.114)^2 = 900
(x-1671.965)^2 +(y-1866.953)^2 = 900
(x-92.018)^2 +(y-1721.098)^2 = 900
(x-319.376)^2 +(y-479.63)^2 = 900
(x-69.494)^2 +(y-1895.831)^2 = 900
(x-1438.311)^2 +(y-1305.286)^2 = 900
(x-738.046)^2 +(y-498.803)^2 = 900
(x-1930.115)^2 +(y-1713.859)^2 = 900
(x-1527.163)^2 +(y-1902.867)^2 = 900
(x-108.144)^2 +(y-113.523)^2 = 900
(x-1900.91)^2 +(y-778.698)^2 = 900
(x-1860.971)^2 +(y-705.755)^2 = 900
(x-993.117)^2 +(y-390.696)^2 = 900
(x-776.332)^2 +(y-1809.152)^2 = 900
(x-1654.559)^2 +(y-888.215)^2 = 900
(x-1545.536)^2 +(y-1218.809)^2 = 900
(x-911.331)^2 +(y-1404.663)^2 = 900
(x-1224.911)^2 +(y-820.247)^2 = 900
(x-533.163)^2 +(y-288.867)^2 = 900
(x-1414.589)^2 +(y-484.636)^2 = 900
(x-1087.611)^2 +(y-1303.066)^2 = 900
(x-1885.622)^2 +(y-1125.77)^2 = 900
(x-1671.174)^2 +(y-605.425)^2 = 900
(x-92.254)^2 +(y-1182.622)^2 = 900
(x-1711.745)^2 +(y-1687.733)^2 = 900
(x-1651.916)^2 +(y-1692.261)^2 = 900
(x-1830.482)^2 +(y-1694.595)^2 = 900
(x-1889.391)^2 +(y-1705.985)^2 = 900
(x-1129.664)^2 +(y-1538.096)^2 = 900
(x-1164.142)^2 +(y-1648.79)^2 = 900
(x-1086.72)^2 +(y-1637.267)^2 = 900
(x-1041.313)^2 +(y-1676.487)^2 = 900
(x-270.849)^2 +(y-1537.63)^2 = 900
(x-1489.777)^2 +(y-1302.593)^2 = 900
(x-100.164)^2 +(y-1453.349)^2 = 900
(x-1141.286)^2 +(y-710.168)^2 = 900
(x-1214.944)^2 +(y-783.207)^2 = 900
(x-1217.695)^2 +(y-668.14)^2 = 900
(x-1236.035)^2 +(y-611.011)^2 = 900
(x-214.138)^2 +(y-1153.737)^2 = 900
(x-156.876)^2 +(y-1198.994)^2 = 900
(x-98.714)^2 +(y-1184.259)^2 = 900
(x-258.709)^2 +(y-1254.875)^2 = 900
(x-302.38)^2 +(y-1296.019)^2 = 900
(x-873.902)^2 +(y-1856.246)^2 = 900
(x-857.036)^2 +(y-1798.665)^2 = 900
(x-510.949)^2 +(y-265.621)^2 = 900
(x-425.659)^2 +(y-181.275)^2 = 900
(x-381.822)^2 +(y-140.308)^2 = 900
(x-1009.651)^2 +(y-1729.132)^2 = 900
(x-957.273)^2 +(y-1789.758)^2 = 900
(x-897.284)^2 +(y-1790.869)^2 = 900
(x-1041.894)^2 +(y-1843.358)^2 = 900
(x-1066.526)^2 +(y-1898.069)^2 = 900
(x-1091.157)^2 +(y-1952.78)^2 = 900
(x-1884.794)^2 +(y-1150.433)^2 = 900
(x-1876.979)^2 +(y-1270.118)^2 = 900
(x-98.259)^2 +(y-859.674)^2 = 900
(x-83.494)^2 +(y-801.519)^2 = 900
(x-716.854)^2 +(y-1344.818)^2 = 900
(x-624.565)^2 +(y-1421.493)^2 = 900
(x-579.037)^2 +(y-1460.571)^2 = 900
(x-1445.395)^2 +(y-120.412)^2 = 900
(x-1418.092)^2 +(y-173.84)^2 = 900
(x-527.591)^2 +(y-1742.734)^2 = 900
(x-501.069)^2 +(y-1796.554)^2 = 900
(x-494.166)^2 +(y-1686.426)^2 = 900
(x-434.217)^2 +(y-1683.936)^2 = 900
(x-708.345)^2 +(y-679.184)^2 = 900
(x-666.942)^2 +(y-635.757)^2 = 900
(x-99.735)^2 +(y-735.638)^2 = 900
(x-143.337)^2 +(y-624.427)^2 = 900
(x-159.814)^2 +(y-566.733)^2 = 900
(x-1434.807)^2 +(y-272.309)^2 = 900
(x-1406.419)^2 +(y-219.449)^2 = 900
(x-1445.701)^2 +(y-382.562)^2 = 900
(x-1428.208)^2 +(y-439.955)^2 = 900
(x-1592.506)^2 +(y-1908.398)^2 = 900
(x-1532.72)^2 +(y-1903.337)^2 = 900
(x-305.66)^2 +(y-100.298)^2 = 900
(x-249.555)^2 +(y-79.031)^2 = 900
(x-92.007)^2 +(y-1722.086)^2 = 900
(x-116.782)^2 +(y-137.645)^2 = 900
(x-122.48)^2 +(y-252.347)^2 = 900
(x-107.95)^2 +(y-310.561)^2 = 900
(x-495.786)^2 +(y-1216.205)^2 = 900
(x-435.828)^2 +(y-1218.46)^2 = 900
(x-551.664)^2 +(y-1154.089)^2 = 900
(x-547.585)^2 +(y-1094.227)^2 = 900
(x-1375.679)^2 +(y-461.687)^2 = 900
(x-1267.765)^2 +(y-410.281)^2 = 900
(x-747.885)^2 +(y-476.374)^2 = 900
(x-714.821)^2 +(y-403.211)^2 = 900
(x-778.344)^2 +(y-361.766)^2 = 900
(x-784.701)^2 +(y-302.104)^2 = 900
(x-927.637)^2 +(y-546.594)^2 = 900
(x-882.728)^2 +(y-586.383)^2 = 900
(x-534.527)^2 +(y-864.905)^2 = 900
(x-603.333)^2 +(y-843.195)^2 = 900
(x-652.162)^2 +(y-878.063)^2 = 900
(x-895.614)^2 +(y-935.977)^2 = 900
(x-835.824)^2 +(y-1005.398)^2 = 900
(x-776.569)^2 +(y-1014.821)^2 = 900
(x-1856.738)^2 +(y-789.209)^2 = 900
(x-1530.698)^2 +(y-1551.326)^2 = 900
(x-1501.104)^2 +(y-1603.52)^2 = 900
(x-347.147)^2 +(y-644.776)^2 = 900
(x-346.704)^2 +(y-584.778)^2 = 900
(x-853.857)^2 +(y-1173.8)^2 = 900
(x-793.877)^2 +(y-1172.252)^2 = 900
(x-1924.134)^2 +(y-1880.857)^2 = 900
(x-485.6)^2 +(y-341.92)^2 = 900
(x-525.652)^2 +(y-297.245)^2 = 900
(x-438.14)^2 +(y-1252.835)^2 = 900
(x-392.293)^2 +(y-1308.114)^2 = 900
(x-332.37)^2 +(y-1305.067)^2 = 900
(x-1492.535)^2 +(y-498.601)^2 = 900
(x-1433.476)^2 +(y-488.02)^2 = 900
(x-1222.308)^2 +(y-1179.905)^2 = 900
(x-1195.876)^2 +(y-1126.041)^2 = 900
(x-1282.53)^2 +(y-1283.35)^2 = 900
(x-1316.319)^2 +(y-1332.931)^2 = 900
(x-727.967)^2 +(y-1841.168)^2 = 900
(x-623.183)^2 +(y-1898.826)^2 = 900
(x-568.431)^2 +(y-1923.365)^2 = 900
(x-286.325)^2 +(y-1856.095)^2 = 900
(x-258.872)^2 +(y-1909.446)^2 = 900
(x-351.062)^2 +(y-1755.735)^2 = 900
(x-388.346)^2 +(y-1708.726)^2 = 900
(x-617.372)^2 +(y-153.416)^2 = 900
(x-583.965)^2 +(y-103.575)^2 = 900
(x-602.268)^2 +(y-238.566)^2 = 900
(x-553.758)^2 +(y-273.876)^2 = 900
(x-702.826)^2 +(y-233.105)^2 = 900
(x-754.874)^2 +(y-262.955)^2 = 900
(x-1446.533)^2 +(y-780.034)^2 = 900
(x-816.849)^2 +(y-1597.737)^2 = 900
(x-924.19)^2 +(y-1556.662)^2 = 900
(x-971.694)^2 +(y-1520.01)^2 = 900
(x-1123.96)^2 +(y-1430.213)^2 = 900
(x-1068.666)^2 +(y-1500.862)^2 = 900
(x-1009.64)^2 +(y-1511.627)^2 = 900
(x-1771.881)^2 +(y-1248.483)^2 = 900
(x-1704.638)^2 +(y-1158.316)^2 = 900
(x-1654.257)^2 +(y-1125.731)^2 = 900
(x-1814.216)^2 +(y-1295.691)^2 = 900
(x-1919.858)^2 +(y-1340.712)^2 = 900
(x-1081)^2 +(y-1075.785)^2 = 900
(x-265.772)^2 +(y-338.877)^2 = 900
(x-160.275)^2 +(y-346.226)^2 = 900
(x-105.555)^2 +(y-321.613)^2 = 900
(x-198.812)^2 +(y-428.616)^2 = 900
(x-182.63)^2 +(y-486.392)^2 = 900
(x-1930.944)^2 +(y-542.835)^2 = 900
(x-1877.43)^2 +(y-515.701)^2 = 900
(x-1486.543)^2 +(y-853.219)^2 = 900
(x-1579.111)^2 +(y-896.679)^2 = 900
(x-1638.737)^2 +(y-889.99)^2 = 900
(x-719.523)^2 +(y-967.836)^2 = 900
(x-687.983)^2 +(y-916.794)^2 = 900
(x-767.174)^2 +(y-1076.674)^2 = 900
(x-783.285)^2 +(y-1134.47)^2 = 900
(x-1162.681)^2 +(y-57.101)^2 = 900
(x-1104.361)^2 +(y-71.203)^2 = 900
(x-1208.55)^2 +(y-101.694)^2 = 900
(x-1196.1)^2 +(y-160.388)^2 = 900
(x-330.975)^2 +(y-917.853)^2 = 900
(x-332.067)^2 +(y-857.863)^2 = 900
(x-982.971)^2 +(y-701.413)^2 = 900
(x-1061.637)^2 +(y-783.365)^2 = 900
(x-1927.626)^2 +(y-131.013)^2 = 900
(x-1869.736)^2 +(y-146.786)^2 = 900
(x-1811.847)^2 +(y-162.56)^2 = 900
(x-496.331)^2 +(y-1927.612)^2 = 900
(x-466.681)^2 +(y-1861.123)^2 = 900
(x-1208.873)^2 +(y-1057.112)^2 = 900
(x-1133.087)^2 +(y-1095.069)^2 = 900
(x-1661.541)^2 +(y-326.558)^2 = 900
(x-1723.698)^2 +(y-309.834)^2 = 900
(x-915.85)^2 +(y-636.764)^2 = 900
(x-960.098)^2 +(y-677.286)^2 = 900
(x-823.131)^2 +(y-560.878)^2 = 900
(x-774.659)^2 +(y-525.515)^2 = 900
(x-1388.146)^2 +(y-1851.978)^2 = 900
(x-1962.748)^2 +(y-920.778)^2 = 900
(x-1902.646)^2 +(y-871.786)^2 = 900
(x-1901.527)^2 +(y-811.797)^2 = 900
(x-327.947)^2 +(y-505.924)^2 = 900
(x-808.427)^2 +(y-127.571)^2 = 900
(x-849.611)^2 +(y-171.204)^2 = 900
(x-1815.313)^2 +(y-494.624)^2 = 900
(x-1759.088)^2 +(y-429.07)^2 = 900
(x-1762.596)^2 +(y-369.172)^2 = 900
(x-1720.369)^2 +(y-537.549)^2 = 900
(x-1685.158)^2 +(y-586.131)^2 = 900
(x-1608.49)^2 +(y-1738.306)^2 = 900
(x-1569.613)^2 +(y-1784.007)^2 = 900
(x-930.63)^2 +(y-1476.818)^2 = 900
(x-887.084)^2 +(y-1435.542)^2 = 900
(x-1532.902)^2 +(y-1872.85)^2 = 900
(x-1484.199)^2 +(y-1811.995)^2 = 900
(x-1424.23)^2 +(y-1810.072)^2 = 900
(x-1288.596)^2 +(y-1001.427)^2 = 900
(x-1234.202)^2 +(y-1026.75)^2 = 900
(x-1384.394)^2 +(y-1019.528)^2 = 900
(x-1425.797)^2 +(y-1062.953)^2 = 900
(x-1038.975)^2 +(y-41.064)^2 = 900
(x-1278.572)^2 +(y-1739.441)^2 = 900
(x-1230.832)^2 +(y-1775.785)^2 = 900
(x-1366.512)^2 +(y-1747.639)^2 = 900
(x-1406.711)^2 +(y-1792.181)^2 = 900
(x-1824.273)^2 +(y-1501.553)^2 = 900
(x-1625.079)^2 +(y-1057.49)^2 = 900
(x-1598.662)^2 +(y-1160.282)^2 = 900
(x-1558.335)^2 +(y-1204.709)^2 = 900
(x-1834.03)^2 +(y-310.499)^2 = 900
(x-1780.712)^2 +(y-338.017)^2 = 900
(x-1930.691)^2 +(y-324.472)^2 = 900
(x-1974.034)^2 +(y-365.961)^2 = 900
(x-1851.086)^2 +(y-235.18)^2 = 900
(x-1814.824)^2 +(y-187.377)^2 = 900
(x-1324.492)^2 +(y-1406.629)^2 = 900
(x-1381.987)^2 +(y-1325.963)^2 = 900
(x-1171.759)^2 +(y-367.377)^2 = 900
(x-1118.228)^2 +(y-340.277)^2 = 900
(x-1945.503)^2 +(y-1664.301)^2 = 900
(x-1923.654)^2 +(y-1561.96)^2 = 900
(x-1884.013)^2 +(y-1516.92)^2 = 900
(x-1248.312)^2 +(y-203.388)^2 = 900
(x-130.27)^2 +(y-508.869)^2 = 900
(x-90.819)^2 +(y-1174.133)^2 = 900
(x-1714.171)^2 +(y-69.338)^2 = 900
(x-1436.71)^2 +(y-1606.767)^2 = 900
(x-1376.906)^2 +(y-1601.919)^2 = 900
(x-824.229)^2 +(y-234.345)^2 = 900
(x-861.544)^2 +(y-187.36)^2 = 900
(x-532.961)^2 +(y-948.017)^2 = 900
(x-539.689)^2 +(y-1007.639)^2 = 900
(x-796.414)^2 +(y-1804.683)^2 = 900
(x-1039.16)^2 +(y-359.197)^2 = 900
(x-780.714)^2 +(y-1230.802)^2 = 900
(x-767.612)^2 +(y-1289.354)^2 = 900
(x-175.846)^2 +(y-91.368)^2 = 900
(x-118.822)^2 +(y-110.028)^2 = 900
(x-234.735)^2 +(y-497.529)^2 = 900
(x-293.437)^2 +(y-485.115)^2 = 900
(x-611.169)^2 +(y-603.798)^2 = 900
(x-1331.316)^2 +(y-1657.792)^2 = 900
(x-1784.338)^2 +(y-120.99)^2 = 900
(x-1648.634)^2 +(y-849.084)^2 = 900
(x-1685.094)^2 +(y-750.58)^2 = 900
(x-1730.535)^2 +(y-711.4)^2 = 900
(x-679.356)^2 +(y-561.986)^2 = 900
(x-720.19)^2 +(y-518.026)^2 = 900
(x-1340.522)^2 +(y-211.133)^2 = 900
(x-1214.369)^2 +(y-854.093)^2 = 900
(x-1205.922)^2 +(y-970.639)^2 = 900
(x-1215.315)^2 +(y-1029.899)^2 = 900
(x-326.593)^2 +(y-756.349)^2 = 900
(x-353.114)^2 +(y-1495.024)^2 = 900
(x-472.978)^2 +(y-1491.32)^2 = 900
(x-532.977)^2 +(y-1491.64)^2 = 900
(x-1203.624)^2 +(y-1725.32)^2 = 900
(x-129.368)^2 +(y-1524.659)^2 = 900
(x-174.828)^2 +(y-1563.817)^2 = 900
(x-1100.769)^2 +(y-1338.342)^2 = 900
(x-1814.937)^2 +(y-698.773)^2 = 900
(x-1713.166)^2 +(y-647.372)^2 = 900
(x-1904.531)^2 +(y-1450.296)^2 = 900
(x-1943.636)^2 +(y-1404.79)^2 = 900
(x-202.724)^2 +(y-1891.696)^2 = 900
(x-158.057)^2 +(y-1851.636)^2 = 900
(x-1703.495)^2 +(y-1016.88)^2 = 900
(x-1643.496)^2 +(y-1017.134)^2 = 900
(x-295.085)^2 +(y-1041.515)^2 = 900
(x-249.499)^2 +(y-1080.526)^2 = 900
(x-88.303)^2 +(y-1869.115)^2 = 900
(x-1547.529)^2 +(y-1221.658)^2 = 900
(x-1000.907)^2 +(y-415.328)^2 = 900
(x-1094.322)^2 +(y-759.613)^2 = 900
(x-1959.768)^2 +(y-1821.919)^2 = 900
(x-1943.89)^2 +(y-1764.058)^2 = 900
(x-1632.876)^2 +(y-959.828)^2 = 900
(x-1650.263)^2 +(y-902.402)^2 = 900
(x-1872.095)^2 +(y-726.07)^2 = 900
