(1771,930)
(44,1866)
(333,1422)
(562,781)
(1362,723)
(1171,727)
(864,1921)
(626,865)
(1816,1969)
(873,386)
(1521,1765)
(1178,572)
(1763,538)
(283,671)
(877,275)
(255,266)
(1240,1680)
(1876,317)
(1702,1075)
(641,1026)
(927,1817)
(136,1123)
(394,878)
(206,171)
(80,1314)
(758,264)
(455,1664)
(1876,1729)
(508,522)
(1780,1215)
(575,74)
(942,981)
(577,913)
(744,1676)
(630,1162)
(1182,970)
(999,420)
(1937,1487)
(1586,1368)
(1888,1387)
(1242,435)
(1164,437)
(574,1812)
(1832,1769)
(625,787)
(218,1983)
(1893,130)
(820,1968)
(1760,816)
(1825,724)
(985,1275)
(1358,770)
(1707,1824)
(495,379)
(627,1864)
(1401,786)
(503,217)
(1659,735)
(1766,381)
(1288,113)
(990,1478)
(1169,1376)
(1185,1937)
(22,580)
(763,1071)
(455,915)
(323,116)
(1839,1368)
(1644,1488)
(1215,1981)
(1362,637)
(403,1477)
(1780,1430)
(859,662)
(860,1737)
(1336,1680)
(1595,762)
(1278,1522)
(1532,1720)
(993,1937)
(1640,917)
(740,965)
(1229,1474)
(809,1162)
(1779,1936)
(765,75)
(403,1274)
(1277,265)
(1941,1024)
(1035,278)
(925,867)
(1463,314)
(1823,1086)
(1046,1787)
(983,218)
(385,128)
(1232,1837)
(1111,1115)
(1822,120)
(36,416)
(1179,1483)
(577,1768)
(1348,1868)
(263,1421)
(328,1230)
(1292,336)
(335,812)
(1425,1825)
(858,1332)
(1774,616)
(859,334)
(1239,187)
(34,324)
(1338,1083)
(1047,1520)
(210,663)
(1635,571)
(1221,1313)
(1467,867)
(926,180)
(1348,78)
(1346,1819)
(1162,275)
(1478,1323)
(328,335)
(874,621)
(1712,817)
(92,132)
(504,966)
(705,736)
(1223,770)
(1297,1386)
(698,1681)
(681,167)
(1878,216)
(1696,120)
(1052,1077)
(94,220)
(807,831)
(1359,136)
(137,725)
(316,382)
(1003,1721)
(43,1465)
(154,1466)
(23,1083)
(95,767)
(921,669)
(451,681)
(205,1574)
(1541,682)
(982,1585)
(1471,376)
(1832,826)
(1839,1936)
(740,1366)
(1905,1422)
(1832,1488)
(1162,866)
(398,1030)
(1900,264)
(1958,1864)
(442,513)
(200,482)
(1469,272)
(1604,838)
(1781,1678)
(1701,1616)
(1657,1578)
(1878,663)
(1663,74)
(145,1324)
(1845,623)
(1877,1584)
(800,375)
(1591,1683)
(1657,28)
(1831,1224)
(1698,1220)
(1057,1438)
(1283,786)
(395,314)
(808,876)
(1175,1613)
(1350,312)
(1541,1380)
(1665,477)
(759,1863)
(998,1176)
(266,1928)
(1108,1233)
(29,1626)
(920,476)
(1103,1087)
(934,572)
(1358,681)
(1106,779)
(884,182)
(322,1071)
(1216,485)
(1362,469)
(1045,970)
(150,1429)
(558,1878)
(825,1664)
(1232,1718)
(201,1537)
(622,312)
(401,465)
(1946,370)
(1587,1877)
(436,123)
(1820,1524)
(1035,1385)
(558,477)
(1048,383)
(811,1824)
(1043,717)
(1001,75)
(797,1531)
(644,1917)
(87,1938)
(1241,1287)
(1596,867)
(807,76)
(214,1129)
(1242,35)
(1832,1684)
(999,872)
(1541,988)
(1599,1229)
(1281,1982)
(1180,13)
(1948,1263)
(1771,419)
(1403,1484)
(444,25)
(25,1270)
(75,1874)
(1421,1381)
(572,581)
(1515,1874)
(1533,1476)
(1097,1188)
(638,123)
(1598,624)
(80,169)
(1884,820)
(325,681)
(1591,1535)
(1482,1565)
(1713,864)
(820,1012)
(1518,436)
(1964,116)
(1880,484)
(1124,1720)
(997,576)
(321,524)
(315,1722)
(383,75)
(941,1075)
(1894,1114)
(1536,1686)
(1413,1123)
(1164,319)
(201,1331)
(151,1038)
(1003,1526)
(688,565)
(1061,227)
(22,1366)
(936,1662)
(1649,1432)
(1531,1565)
(751,1724)
(1830,363)
(1725,782)
(395,171)
(642,426)
(1901,886)
(438,1415)
(1175,68)
(1337,227)
(643,88)
(1037,927)
(878,984)
(1345,1587)
(1709,1013)
(1518,1072)
(1001,825)
(1904,1467)
(1162,1273)
(941,87)
(582,1271)
(1305,820)
(1944,920)
(930,517)
(1275,1177)
(1047,777)
(1545,1613)
(1276,636)
(1773,1469)
(1533,767)
(1781,236)
(1529,369)
(751,1973)
(201,1670)
(94,1082)
(1467,1737)
(256,1724)
(98,1228)
(693,114)
(683,1520)
(1281,1831)
(1529,19)
(1603,1271)
(557,388)
(1944,480)
(322,1880)
(644,1377)
(1463,1832)
(1660,1968)
(38,1414)
(1289,463)
(447,636)
(449,288)
(1035,519)
(1467,166)
(271,1778)
(1883,774)
(1095,62)
(690,24)
(629,967)
(148,1213)
(320,423)
(195,1424)
(394,370)
(1063,673)
(1717,614)
(1527,628)
(686,886)
(1294,888)
(568,414)
(806,1618)
(1460,1188)
(1835,1721)
(1542,1975)
(1603,1424)
(1696,163)
(15,1180)
(996,468)
(214,1218)
(568,1665)
(205,83)
(801,1333)
(1716,724)
(1657,772)
(1703,1469)
(321,1328)
(804,1927)
(513,914)
(813,1432)
(1644,1636)
(513,1528)
(1345,565)
(806,320)
(693,1379)
(705,1274)
(865,1788)
(1707,582)
(1061,1126)
(1780,272)
(1697,323)
(1701,937)
(1890,415)
(1834,83)
(1476,1417)
(1599,324)
(279,982)
(18,1122)
(440,1088)
(1230,982)
(805,512)
(385,30)
(1955,1423)
(1643,1336)
(936,1880)
(1785,33)
(161,1934)
(1905,585)
(1951,687)
(1095,1464)
(523,1024)
(1050,70)
(1724,1120)
(446,426)
(1227,882)
(755,1575)
(696,688)
(1903,726)
(282,1118)
(338,1030)
(323,962)
(1636,1768)
(145,1778)
(1168,380)
(1231,1936)
(921,228)
(97,630)
(931,1138)
(1602,1018)
(1643,1282)
(942,25)
(103,1281)
(1950,238)
(1904,976)
(1455,1263)
(1241,930)
(1816,578)
(569,1086)
(1952,1581)
(930,331)
(1648,263)
(1588,162)
(809,685)
(763,1171)
(449,1817)
(1041,568)
(579,170)
(1408,429)
(1175,818)
(1844,1028)
(571,20)
(23,1229)
(1060,829)
(525,1774)
(1121,212)
(390,1728)
(1400,1583)
(514,1177)
(375,620)
(1168,785)
(1341,414)
(983,29)
(165,217)
(1951,1535)
(1829,1185)
(800,620)
(1167,1570)
(139,1571)
(758,1477)
(1417,1666)
(447,826)
(1408,531)
(675,463)
(800,166)
(622,14)
(276,367)
(440,1771)
(865,1524)
(1122,627)
(1523,818)
(315,867)
(1533,1537)
(207,584)
(264,1315)
(146,581)
(1478,418)
(1039,437)
(1894,1914)
(1102,583)
(1720,1429)
(1822,1869)
(1164,1018)
(559,1626)
(1655,967)
(389,1232)
(741,734)
(1942,1676)
(459,215)
(756,29)
(449,1615)
(943,1632)
(867,1572)
(159,818)
(1715,1877)
(1935,1132)
(461,1330)
(320,1638)
(1581,365)
(1283,1914)
(749,1923)
(509,1087)
(1951,964)
(1954,1985)
(806,230)
(813,122)
(1180,475)
(1664,385)
(1705,378)
(1409,833)
(811,765)
(1472,1777)
(30,1323)
(798,1720)
(394,1336)
(1651,422)
(379,1975)
(1360,1367)
(1878,1823)
(520,267)
(1527,1325)
(98,1485)
(195,1837)
(922,1934)
(274,73)
(1875,927)
(884,1877)
(1176,1736)
(1536,933)
(561,1727)
(159,288)
(1482,966)
(1221,1183)
(33,536)
(1639,1836)
(1780,1983)
(1885,1085)
(23,1724)
(1785,129)
(98,1775)
(315,1762)
(257,723)
(1937,1068)
(563,512)
(1481,1935)
(563,962)
(202,617)
(1050,614)
(77,69)
(1420,570)
(704,1570)
(77,883)
(1062,1263)
(629,1979)
(270,568)
(1278,1272)
(875,1262)
(501,715)
(505,1471)
(680,925)
(979,527)
(1763,1824)
(1103,113)
(376,1372)
(34,1517)
(1421,1071)
(1963,1219)
(204,1469)
(1651,1512)
(31,1962)
(452,1862)
(1279,535)
(403,518)
(1579,1716)
(934,1415)
(1292,1019)
(1302,222)
(1649,220)
(1656,1687)
(36,1917)
(1581,685)
(1718,1533)
(1300,436)
(162,316)
(883,424)
(1958,524)
(747,581)
(276,163)
(28,380)
(1650,1937)
(997,129)
(1819,1288)
(1884,1182)
(627,1838)
(1295,1238)
(1480,1628)
(281,1267)
(1400,329)
(1223,271)
(1823,1332)
(1294,1714)
(1774,1727)
(1169,1414)
(1777,76)
(153,163)
(95,1671)
(1960,1327)
(1963,1918)
(861,520)
(750,422)
(43,137)
(1764,476)
(702,533)
(622,1627)
(151,1612)
(1575,520)
(148,414)
(634,1117)
(1959,165)
(99,735)
(1185,1969)
(283,624)
(930,417)
(1517,178)
(329,577)
(1955,730)
(1407,220)
(498,1217)
(1350,188)
(224,362)
(452,879)
(1949,1737)
(326,713)
(1001,1377)
(689,1421)
(86,1127)
(1768,1267)
(697,1825)
(522,764)
(378,928)
(1463,1484)
(323,769)
(997,787)
(523,1126)
(1181,678)
(1350,1964)
(1700,483)
(85,1583)
(566,1434)
(1941,1618)
(515,816)
(1815,424)
(1455,37)
(1410,13)
(1123,1972)
(1582,1184)
(1538,1821)
(1224,720)
(1102,273)
(136,668)
(742,168)
(1339,1938)
(1238,1082)
(1097,1820)
(917,835)
(1535,1129)
(870,1212)
(1940,585)
(1586,1088)
(1406,477)
(381,1935)
(499,1574)
(1277,1481)
(580,1162)
(1582,1471)
(1837,276)
(1775,181)
(620,177)
(878,1821)
(577,1338)
(224,34)
(1779,1031)
(152,1964)
(1239,625)
(1709,1385)
(85,415)
(1957,812)
(1356,1318)
(870,126)
(1176,1674)
(89,369)
(1355,1434)
(687,83)
(380,1871)
(103,319)
(943,916)
(326,1467)
(1114,386)
(1645,684)
(1834,321)
(1943,314)
(1656,620)
(735,1122)
(25,768)
(1358,1467)
(1406,1234)
(1414,1866)
(510,1937)
(1582,16)
(1111,872)
(210,1378)
(1820,1119)
(86,273)
(819,714)
(738,626)
(1826,535)
(1876,513)
(1591,1827)
(394,668)
(685,1168)
(942,1568)
(1585,1776)
(632,265)
(258,1520)
(928,1977)
(77,1982)
(1298,175)
(1226,313)
(447,1465)
(752,868)
(1696,986)
(1230,1421)
(30,475)
(520,1877)
(1237,671)
(749,1618)
(944,727)
(803,1230)
(266,1024)
(393,829)
(1107,1370)
(1285,1116)
(1116,1665)
(1416,722)
(805,431)
(1780,1888)
(1289,1571)
(1661,834)
(1716,1712)
(684,1887)
(223,267)
(43,14)
(147,117)
(915,365)
(999,275)
(279,230)
(1406,1915)
(1649,1132)
(318,1515)
(1349,862)
(936,762)
(509,25)
(991,669)
(1125,1784)
(1291,362)
(435,171)
(692,1020)
(1771,1181)
(626,1716)
(201,1169)
(1876,1673)
(765,320)
(566,1933)
(525,468)
(1483,135)
(391,1631)
(1768,1774)
(878,833)
(285,1174)
(1942,1829)
(1160,1531)
(823,30)
(1604,85)
(317,1667)
(688,1225)
(157,1823)
(575,130)
(856,1483)
(30,1580)
(270,1568)
(1892,1318)
(1420,1634)
(209,1068)
(152,888)
(1040,1012)
(1475,831)
(924,273)
(276,423)
(1638,128)
(1276,971)
(209,987)
(1395,674)
(457,763)
(1826,175)
(1706,1764)
(1892,1635)
(1480,634)
(377,1427)
(282,35)
(1600,1137)
(1352,1122)
(390,273)
(1294,17)
(402,727)
(1833,235)
(447,1575)
(1540,269)
(39,172)
(686,1333)
(692,1777)
(1120,534)
(1278,679)
(642,486)
(281,1620)
(201,1712)
(1108,1623)
(1640,1030)
(33,863)
(1844,983)
(1045,1322)
(398,962)
(1964,774)
(519,674)
(643,1426)
(690,637)
(1277,1414)
(316,1174)
(639,926)
(1770,864)
(1182,1872)
(763,522)
(1106,1588)
(987,1419)
(629,1283)
(856,875)
(1480,1684)
(884,1014)
(1590,581)
(862,79)
(877,1186)
(212,720)
(740,822)
(1174,917)
(1541,1169)
(1113,838)
(152,1730)
(1403,1415)
(1542,876)
(1521,1024)
(1401,1524)
(921,1330)
(98,987)
(1405,278)
(275,765)
(453,78)
(1406,1725)
(196,513)
(1341,1777)
(140,1280)
(196,1614)
(1215,1121)
(939,1165)
(145,971)
(501,1962)
(1585,1928)
(1695,1187)
(1899,1220)
(32,227)
(1956,631)
(1060,1727)
(343,171)
(1470,471)
(155,914)
(1155,122)
(523,1372)
(1965,24)
(1051,313)
(1841,1580)
(505,333)
(80,1417)
(824,275)
(1653,170)
(1036,31)
(342,271)
(572,677)
(198,234)
(28,817)
(1822,21)
(1641,1174)
(934,1767)
(1064,1185)
(210,1769)
(437,1984)
(282,874)
(1037,1588)
(329,1988)
(808,1786)
(1037,1237)
(1521,734)
(1461,236)
(1476,1384)
(1845,914)
(197,1879)
(147,29)
(1829,1638)
(1107,1877)
(77,929)
(392,1564)
(1284,1787)
(683,763)
(404,421)
(1240,1581)
(1352,1016)
(1642,1212)
(1515,572)
(643,1474)
(1774,333)
(1898,19)
(992,1212)
(1419,168)
(1107,168)
(765,673)
(397,214)
(1517,134)
(747,1264)
(271,1216)
(157,537)
(1235,235)
(634,1527)
(393,765)
(437,1377)
(979,1072)
(693,217)
(573,337)
(509,1837)
(17,279)
(515,429)
(436,719)
(1464,1981)
(265,928)
(704,282)
(683,1977)
(858,1063)
(1481,1513)
(1102,473)
(82,1371)
(825,1384)
(926,1719)
(396,1686)
(1533,1914)
(513,573)
(1774,1112)
(622,714)
(98,513)
(1289,1873)
(1288,1684)
(207,830)
(1709,1318)
(856,1620)
(998,1863)
(916,1231)
(1172,1169)
(621,212)
(1665,866)
(621,1216)
(265,1679)
(1360,383)
(336,1822)
(1888,72)
(1003,1123)
(560,1027)
(1665,1726)
(565,1976)
(1637,1878)
(878,936)
(335,1569)
(1120,1336)
(745,1229)
(812,980)
(737,138)
(987,935)
(1104,1284)
(582,1119)
(582,268)
(1097,1020)
(21,1776)
(1764,1575)
(20,87)
(1231,1362)
(457,971)
(1651,1067)
(440,475)
(1659,1386)
(78,1185)
(1061,477)
(1837,1820)
(1761,1620)
(1156,1088)
(272,1975)
(1900,1021)
(103,834)
(810,1130)
(561,717)
(464,1226)
(637,513)
(1480,1066)
(503,1673)
(1039,1880)
(1220,576)
(340,1916)
(1175,531)
(261,321)
(271,485)
(198,323)
(741,1776)
(1339,1229)
(208,1023)
(1114,322)
(1184,1321)
(1594,1333)
(1575,1967)
(339,638)
(581,881)
(998,366)
(739,1535)
(1892,376)
(748,1417)
(518,1616)
(510,171)
(1235,362)
(1102,37)
(152,482)
(997,1035)
(870,1434)
(144,1074)
(1891,1985)
(1706,676)
(1353,819)
(1577,722)
(1116,915)
(1000,969)
(697,1122)
(1424,383)
(745,1813)
(805,562)
(585,1571)
(202,918)
(449,1119)
(876,1363)
(1698,270)
(808,1870)
(137,763)
(863,579)
(811,934)
(1232,1226)
(43,1667)
(1710,1971)
(1046,865)
(462,1520)
(1420,875)
(403,1181)
(206,1280)
(285,1823)
(389,1835)
(571,1218)
(680,965)
(1228,1031)
(945,1278)
(104,29)
(144,1172)
(1939,1780)
(803,1271)
(748,216)
(1357,1266)
(873,476)
(146,636)
(502,1267)
(870,737)
(1155,1113)
(1889,1537)
(1468,677)
(697,328)
(329,27)
(1778,987)
(388,588)
(443,1262)
(987,335)
(1775,1066)
(31,936)
(1159,215)
(864,772)
(1517,487)
(392,1080)
(271,136)
(1460,69)
(457,1719)
(1952,1176)
(1401,73)
(1844,684)
(90,1636)
(1460,538)
(284,521)
(1409,1788)
(684,1067)
(268,1081)
(1940,1367)
(1410,1165)
(1359,262)
(1463,1883)
(1215,1881)
(34,1820)
(1707,220)
(1339,1163)
(1292,568)
(15,716)
(519,623)
(642,686)
(160,1871)
(1516,1215)
(28,676)
(1003,1779)
(281,837)
(1949,262)
(1041,113)
(932,1482)
(996,1632)
(1423,987)
(1758,1315)
(1759,780)
(339,475)
(1885,1279)
(619,1769)
(1945,864)
(1348,1713)
(576,628)
(1244,836)
(927,1513)
(863,1965)
(78,465)
(207,1921)
(1595,926)
(1414,928)
(1772,1528)
(735,370)
(875,38)
(35,973)
(583,1380)
(1344,522)
(941,630)
(811,481)
(569,232)
(929,1031)
(821,1463)
(993,1312)
(81,1024)
(144,384)
(1585,1630)
(1297,1615)
(751,1323)
(1783,674)
(501,1415)
(1714,73)
(693,415)
(1158,1237)
(1896,1765)
(98,671)
(1473,721)
(1481,925)
(1419,123)
(1425,1285)
(1596,117)
(1354,1530)
(1586,966)
(1223,518)
(1345,930)
(818,1574)
(455,388)
(1519,329)
(203,438)
(1469,566)
(1423,1020)
(923,116)
(693,1738)
(1171,1775)
(1052,1680)
(343,223)
(202,124)
(1575,485)
(1468,770)
(1481,1226)
(618,370)
(1702,1274)
(162,1666)
(1395,633)
(1841,784)
(1292,912)
(562,830)
(644,579)
(272,1463)
(868,1683)
(620,1317)
(675,1612)
(138,1537)
(1287,1318)
(1229,71)
(1114,1419)
(1816,864)
(158,87)
(1344,1629)
(1340,965)
(1517,1414)
(1528,525)
(689,1937)
(510,1724)
(997,178)
(1516,219)
(640,1563)
(1053,1833)
(1227,1515)
(513,79)
(1179,163)
(513,132)
(17,1023)
(1777,1383)
(1605,1565)
(1298,86)
(762,785)
(335,1283)
(1724,526)
(139,1362)
(982,1980)
(576,1464)
(1519,1276)
(645,1662)
(1581,278)
(1881,1878)
(763,923)
(1103,1529)
(700,815)
(1779,563)
(396,1121)
(678,387)
(1477,1035)
(449,314)
(1765,735)
(1223,1613)
(1881,635)
(1161,620)
(1649,322)
(278,1884)
(1286,728)
(758,1033)
(507,1312)
(698,1487)
(338,1380)
(339,81)
(870,236)
(1586,219)
(332,1129)
(999,617)
(1112,674)
(333,926)
(105,586)
(1050,1988)
(569,1513)
(1046,1921)
(1284,1087)
(1038,1619)
(1723,1564)
(1715,33)
(630,825)
(1227,1776)
(1346,37)
(444,573)
(1111,985)
(1004,1683)
(82,1521)
(1824,1430)
(1538,62)
(1722,1914)
(824,1070)
(1695,427)
(1578,438)
(1005,1824)
(1960,76)
(1895,187)
(1837,483)
(32,628)
(1041,1483)
(1005,729)
(1409,1326)
(85,1732)
(615,638)
(876,1125)
(1406,1985)
(1104,1914)
(763,486)
(1114,713)
(1723,1662)
(462,1184)
(391,1521)
(498,863)
(1243,115)
(401,1780)
(225,780)
(1166,1823)
(1642,516)
(87,1833)
(447,1016)
(464,1921)
(622,1070)
(1479,1126)
(1063,183)
(924,1376)
(268,1386)
(202,875)
(1956,414)
(1125,428)
(859,1786)
(x-383.582)^2 +(y-1389.728)^2 = 900
(x-195.071)^2 +(y-268.92)^2 = 900
(x-898.047)^2 +(y-1764.448)^2 = 900
(x-1825.619)^2 +(y-1696.415)^2 = 900
(x-1001.752)^2 +(y-975.555)^2 = 900
(x-1714.795)^2 +(y-757.065)^2 = 900
(x-331.2)^2 +(y-56.563)^2 = 900
(x-438.639)^2 +(y-1225.731)^2 = 900
(x-1416.43)^2 +(y-276.168)^2 = 900
(x-1055.481)^2 +(y-1846.246)^2 = 900
(x-1636.514)^2 +(y-127.838)^2 = 900
(x-1823.686)^2 +(y-637.506)^2 = 900
(x-1178.977)^2 +(y-532.215)^2 = 900
(x-1060.818)^2 +(y-70.331)^2 = 900
(x-760.639)^2 +(y-1578.727)^2 = 900
(x-1638.017)^2 +(y-1183.419)^2 = 900
(x-629.797)^2 +(y-907.005)^2 = 900
(x-154.617)^2 +(y-613.257)^2 = 900
(x-820.225)^2 +(y-503.964)^2 = 900
(x-1119.81)^2 +(y-170.597)^2 = 900
(x-1478.077)^2 +(y-178.482)^2 = 900
(x-555.901)^2 +(y-721.311)^2 = 900
(x-1341.371)^2 +(y-779.342)^2 = 900
(x-1228.619)^2 +(y-710.264)^2 = 900
(x-1833.869)^2 +(y-1911.723)^2 = 900
(x-1462.453)^2 +(y-1778.125)^2 = 900
(x-316.967)^2 +(y-621.54)^2 = 900
(x-818)^2 +(y-264.092)^2 = 900
(x-1291.554)^2 +(y-1710.696)^2 = 900
(x-1909.378)^2 +(y-267.141)^2 = 900
(x-1660.4)^2 +(y-1031.763)^2 = 900
(x-628.988)^2 +(y-1084.785)^2 = 900
(x-102.451)^2 +(y-1073.256)^2 = 900
(x-422.095)^2 +(y-931.016)^2 = 900
(x-164.714)^2 +(y-127.463)^2 = 900
(x-81.467)^2 +(y-1373.982)^2 = 900
(x-514.938)^2 +(y-1666.725)^2 = 900
(x-481.743)^2 +(y-468.05)^2 = 900
(x-1824.446)^2 +(y-1174.695)^2 = 900
(x-599.131)^2 +(y-128.933)^2 = 900
(x-726.982)^2 +(y-1733.536)^2 = 900
(x-1229.397)^2 +(y-933.209)^2 = 900
(x-1044.006)^2 +(y-459.68)^2 = 900
(x-1537.128)^2 +(y-1333.193)^2 = 900
(x-580.98)^2 +(y-1752.407)^2 = 900
(x-864)^2 +(y-1927.207)^2 = 900
(x-1024.496)^2 +(y-1229.833)^2 = 900
(x-448.605)^2 +(y-340.954)^2 = 900
(x-482.85)^2 +(y-160.485)^2 = 900
(x-1293.348)^2 +(y-53.239)^2 = 900
(x-1012.791)^2 +(y-1533.503)^2 = 900
(x-1191.011)^2 +(y-1320.183)^2 = 900
(x-1229.681)^2 +(y-1896.955)^2 = 900
(x-807.442)^2 +(y-1030.69)^2 = 900
(x-1662.596)^2 +(y-1430.954)^2 = 900
(x-1415.556)^2 +(y-664.051)^2 = 900
(x-358.608)^2 +(y-1517.366)^2 = 900
(x-1810.281)^2 +(y-1481.798)^2 = 900
(x-895.75)^2 +(y-614.572)^2 = 900
(x-1559.875)^2 +(y-713.356)^2 = 900
(x-1238.667)^2 +(y-1476.691)^2 = 900
(x-1564.68)^2 +(y-1669.681)^2 = 900
(x-1655.468)^2 +(y-859.028)^2 = 900
(x-783.268)^2 +(y-1216.202)^2 = 900
(x-784.662)^2 +(y-131.687)^2 = 900
(x-1295.262)^2 +(y-207.847)^2 = 900
(x-1889.152)^2 +(y-1054.196)^2 = 900
(x-1139.598)^2 +(y-1062.254)^2 = 900
(x-1790.052)^2 +(y-69.213)^2 = 900
(x-73.501)^2 +(y-369.163)^2 = 900
(x-1305.66)^2 +(y-1825.488)^2 = 900
(x-204.259)^2 +(y-1433.228)^2 = 900
(x-270.445)^2 +(y-1213.048)^2 = 900
(x-880.64)^2 +(y-1387.565)^2 = 900
(x-896.541)^2 +(y-380.805)^2 = 900
(x-1293.785)^2 +(y-1123.559)^2 = 900
(x-1682.53)^2 +(y-534.382)^2 = 900
(x-896.806)^2 +(y-127.582)^2 = 900
(x-283.571)^2 +(y-375.325)^2 = 900
(x-52.231)^2 +(y-176.927)^2 = 900
(x-726.174)^2 +(y-792.14)^2 = 900
(x-807.417)^2 +(y-890.999)^2 = 900
(x-112.688)^2 +(y-779.853)^2 = 900
(x-995.997)^2 +(y-1661.41)^2 = 900
(x-410.849)^2 +(y-725.586)^2 = 900
(x-167.087)^2 +(y-1620.504)^2 = 900
(x-1529.833)^2 +(y-387.778)^2 = 900
(x-1864.189)^2 +(y-876.635)^2 = 900
(x-696.05)^2 +(y-1406.846)^2 = 900
(x-1115.793)^2 +(y-827.725)^2 = 900
(x-368)^2 +(y-1081.962)^2 = 900
(x-1689.665)^2 +(y-1674.92)^2 = 900
(x-1125.045)^2 +(y-1579.766)^2 = 900
(x-54.661)^2 +(y-1680.236)^2 = 900
(x-1387.946)^2 +(y-523.1)^2 = 900
(x-498)^2 +(y-1878.212)^2 = 900
(x-573.224)^2 +(y-277.058)^2 = 900
(x-1549.003)^2 +(y-1923.435)^2 = 900
(x-1031.834)^2 +(y-325.219)^2 = 900
(x-993.192)^2 +(y-750.454)^2 = 900
(x-1489.689)^2 +(y-1019.099)^2 = 900
(x-1799.296)^2 +(y-366.091)^2 = 900
(x-1435.359)^2 +(y-1534.526)^2 = 900
(x-116.808)^2 +(y-1830.964)^2 = 900
(x-1572.224)^2 +(y-1521.404)^2 = 900
(x-1915.164)^2 +(y-532.616)^2 = 900
(x-1028.96)^2 +(y-626.78)^2 = 900
(x-283.73)^2 +(y-1670.793)^2 = 900
(x-361.03)^2 +(y-220.457)^2 = 900
(x-699.277)^2 +(y-408.131)^2 = 900
(x-564.069)^2 +(y-1328.258)^2 = 900
(x-624.001)^2 +(y-1530.912)^2 = 900
(x-299.636)^2 +(y-1935.676)^2 = 900
(x-1812.193)^2 +(y-221.368)^2 = 900
(x-1671.765)^2 +(y-268.565)^2 = 900
(x-247.468)^2 +(y-1033.046)^2 = 900
(x-886.806)^2 +(y-1178.582)^2 = 900
(x-119.958)^2 +(y-1223.446)^2 = 900
(x-1395.866)^2 +(y-1273.159)^2 = 900
(x-1892.045)^2 +(y-1583.311)^2 = 900
(x-284.719)^2 +(y-815.202)^2 = 900
(x-1676.584)^2 +(y-1923.09)^2 = 900
(x-1443.517)^2 +(y-882.077)^2 = 900
(x-111.389)^2 +(y-932.167)^2 = 900
(x-702.344)^2 +(y-592.999)^2 = 900
(x-1519.756)^2 +(y-543.41)^2 = 900
(x-1504.162)^2 +(y-1180.469)^2 = 900
(x-1907.331)^2 +(y-1780.17)^2 = 900
(x-570.014)^2 +(y-1163.279)^2 = 900
(x-852.476)^2 +(y-721.644)^2 = 900
(x-1255.908)^2 +(y-321.17)^2 = 900
(x-1805.144)^2 +(y-1028.719)^2 = 900
(x-1406.423)^2 +(y-64.333)^2 = 900
(x-234.839)^2 +(y-530.849)^2 = 900
(x-1715.113)^2 +(y-1592.93)^2 = 900
(x-752.784)^2 +(y-1809.478)^2 = 900
(x-1458.599)^2 +(y-1427.758)^2 = 900
(x-1928.851)^2 +(y-780.145)^2 = 900
(x-1134.273)^2 +(y-1779.114)^2 = 900
(x-816.116)^2 +(y-1491.919)^2 = 900
(x-474.85)^2 +(y-1574.31)^2 = 900
(x-1806.012)^2 +(y-518.837)^2 = 900
(x-1340.697)^2 +(y-1573.883)^2 = 900
(x-85.571)^2 +(y-1543.699)^2 = 900
(x-407.683)^2 +(y-1821.553)^2 = 900
(x-889.708)^2 +(y-888.433)^2 = 900
(x-1380.922)^2 +(y-978.058)^2 = 900
(x-1932.575)^2 +(y-1427.163)^2 = 900
(x-1153.091)^2 +(y-378)^2 = 900
(x-198.611)^2 +(y-1926.219)^2 = 900
(x-645.107)^2 +(y-1921.202)^2 = 900
(x-1871.288)^2 +(y-1317.428)^2 = 900
(x-1737.474)^2 +(y-1265.187)^2 = 900
(x-1109.252)^2 +(y-1408.509)^2 = 900
(x-1925.983)^2 +(y-69.581)^2 = 900
(x-1588.134)^2 +(y-1804.178)^2 = 900
(x-1325.855)^2 +(y-1416.337)^2 = 900
(x-998.69)^2 +(y-1360.15)^2 = 900
(x-1428.879)^2 +(y-1932.353)^2 = 900
(x-1139.418)^2 +(y-675.984)^2 = 900
(x-904.209)^2 +(y-1027.603)^2 = 900
(x-544.207)^2 +(y-862.754)^2 = 900
(x-1270.095)^2 +(y-488.016)^2 = 900
(x-60.805)^2 +(y-625.762)^2 = 900
(x-1580.978)^2 +(y-906.211)^2 = 900
(x-1267.134)^2 +(y-1274.638)^2 = 900
(x-361.873)^2 +(y-420.674)^2 = 900
(x-1703.017)^2 +(y-430.581)^2 = 900
(x-1143.992)^2 +(y-1281.006)^2 = 900
(x-1400.344)^2 +(y-422.851)^2 = 900
(x-569.062)^2 +(y-640.928)^2 = 900
(x-723.786)^2 +(y-165.5)^2 = 900
(x-742.196)^2 +(y-1321.079)^2 = 900
(x-1930.711)^2 +(y-922.274)^2 = 900
(x-844.733)^2 +(y-1627.715)^2 = 900
(x-1198.669)^2 +(y-1127.311)^2 = 900
(x-546.164)^2 +(y-1427.348)^2 = 900
(x-713.418)^2 +(y-1177.984)^2 = 900
(x-241.467)^2 +(y-872.808)^2 = 900
(x-45.051)^2 +(y-1925.991)^2 = 900
(x-1794.376)^2 +(y-1815.738)^2 = 900
(x-1052.985)^2 +(y-1938.347)^2 = 900
(x-1027.201)^2 +(y-177.426)^2 = 900
(x-1620.512)^2 +(y-629.225)^2 = 900
(x-1006.992)^2 +(y-1116.678)^2 = 900
(x-176)^2 +(y-427.009)^2 = 900
(x-204.974)^2 +(y-1325.767)^2 = 900
(x-258.108)^2 +(y-1518.596)^2 = 900
(x-1921.046)^2 +(y-424.564)^2 = 900
(x-1213.71)^2 +(y-62.635)^2 = 900
(x-1940.002)^2 +(y-1203.535)^2 = 900
(x-294.711)^2 +(y-1778.466)^2 = 900
(x-597.501)^2 +(y-466.247)^2 = 900
(x-1449.432)^2 +(y-1679.63)^2 = 900
(x-1588.034)^2 +(y-265.011)^2 = 900
(x-425.818)^2 +(y-1679.864)^2 = 900
(x-451.268)^2 +(y-1070.658)^2 = 900
(x-511.14)^2 +(y-992.176)^2 = 900
(x-1289.833)^2 +(y-852.039)^2 = 900
(x-228.433)^2 +(y-720.098)^2 = 900
(x-501.385)^2 +(y-42.519)^2 = 900
(x-1925.661)^2 +(y-1964.966)^2 = 900
(x-83.085)^2 +(y-502.963)^2 = 900
(x-102.993)^2 +(y-14.923)^2 = 900
(x-682.728)^2 +(y-982.887)^2 = 900
(x-746.065)^2 +(y-322.801)^2 = 900
(x-1802.567)^2 +(y-773.715)^2 = 900
(x-959.209)^2 +(y-1529.497)^2 = 900
(x-1241.463)^2 +(y-1957.297)^2 = 900
(x-325.001)^2 +(y-128.375)^2 = 900
(x-421.636)^2 +(y-628.676)^2 = 900
(x-537.503)^2 +(y-1934.39)^2 = 900
(x-260.942)^2 +(y-1166.369)^2 = 900
(x-1055.147)^2 +(y-850.847)^2 = 900
(x-1135.734)^2 +(y-266.075)^2 = 900
(x-197.585)^2 +(y-1710.298)^2 = 900
(x-61.124)^2 +(y-1275.331)^2 = 900
(x-1510.481)^2 +(y-685.681)^2 = 900
(x-1527.081)^2 +(y-452.512)^2 = 900
(x-616.587)^2 +(y-1609.154)^2 = 900
(x-1266.943)^2 +(y-678.096)^2 = 900
(x-62.32)^2 +(y-987.177)^2 = 900
(x-1212.729)^2 +(y-1626.556)^2 = 900
(x-970.679)^2 +(y-472.895)^2 = 900
(x-1628.271)^2 +(y-1325.419)^2 = 900
(x-645.251)^2 +(y-730.521)^2 = 900
(x-781.957)^2 +(y-1921.603)^2 = 900
(x-925.197)^2 +(y-1270.147)^2 = 900
(x-708.11)^2 +(y-55.934)^2 = 900
(x-1384.978)^2 +(y-1915.25)^2 = 900
(x-1385.641)^2 +(y-1119.474)^2 = 900
(x-1707.088)^2 +(y-61.033)^2 = 900
(x-53.978)^2 +(y-1134.385)^2 = 900
(x-60.696)^2 +(y-816.226)^2 = 900
(x-1558.541)^2 +(y-71.224)^2 = 900
(x-966.978)^2 +(y-1931.385)^2 = 900
(x-931.14)^2 +(y-59.174)^2 = 900
(x-1731.163)^2 +(y-885.133)^2 = 900
(x-1926.055)^2 +(y-180.074)^2 = 900
(x-436.489)^2 +(y-1957.824)^2 = 900
(x-918.149)^2 +(y-231.334)^2 = 900
(x-438.264)^2 +(y-857.381)^2 = 900
(x-461.796)^2 +(y-1285.96)^2 = 900
(x-1774.333)^2 +(y-1121.093)^2 = 900
(x-1034.72)^2 +(y-1728.07)^2 = 900
(x-719.826)^2 +(y-677.86)^2 = 900
(x-1932.656)^2 +(y-638.246)^2 = 900
(x-55.429)^2 +(y-1817.282)^2 = 900
(x-1738)^2 +(y-1420.266)^2 = 900
(x-782.708)^2 +(y-375.295)^2 = 900
(x-1484.725)^2 +(y-771.793)^2 = 900
(x-318.326)^2 +(y-921.754)^2 = 900
(x-298.696)^2 +(y-1372.774)^2 = 900
(x-1947.555)^2 +(y-1379.702)^2 = 900
(x-1695.926)^2 +(y-1765.031)^2 = 900
(x-1715.363)^2 +(y-628.718)^2 = 900
(x-64.957)^2 +(y-272.603)^2 = 900
(x-609.522)^2 +(y-370.688)^2 = 900
(x-368.754)^2 +(y-560.326)^2 = 900
(x-1086.486)^2 +(y-960.928)^2 = 900
(x-641.444)^2 +(y-1262.849)^2 = 900
(x-1266.819)^2 +(y-1029.374)^2 = 900
(x-618.869)^2 +(y-33.067)^2 = 900
(x-20.742)^2 +(y-1520.719)^2 = 900
(x-214.657)^2 +(y-310.412)^2 = 900
(x-737.924)^2 +(y-1520.511)^2 = 900
(x-1592.012)^2 +(y-1147.698)^2 = 900
(x-588.667)^2 +(y-834.748)^2 = 900
(x-1761.041)^2 +(y-1944.926)^2 = 900
(x-1237.592)^2 +(y-565.017)^2 = 900
(x-291.033)^2 +(y-730.46)^2 = 900
(x-224.929)^2 +(y-214.08)^2 = 900
(x-1203.271)^2 +(y-1727.444)^2 = 900
(x-1667.975)^2 +(y-1025.58)^2 = 900
(x-1345.429)^2 +(y-95.624)^2 = 900
(x-414.409)^2 +(y-1418.095)^2 = 900
(x-808.505)^2 +(y-1767.794)^2 = 900
(x-823.783)^2 +(y-62.977)^2 = 900
(x-1281.123)^2 +(y-205.142)^2 = 900
(x-1912.059)^2 +(y-1076.559)^2 = 900
(x-1349.062)^2 +(y-354.544)^2 = 900
(x-1208.642)^2 +(y-828.257)^2 = 900
(x-621.019)^2 +(y-168.5)^2 = 900
(x-1639.984)^2 +(y-141.5)^2 = 900
(x-1077.905)^2 +(y-1131.12)^2 = 900
(x-965.695)^2 +(y-1674.007)^2 = 900
(x-172.161)^2 +(y-535.151)^2 = 900
(x-1679.704)^2 +(y-1522.461)^2 = 900
(x-1916.371)^2 +(y-1629.276)^2 = 900
(x-1299.637)^2 +(y-1274.283)^2 = 900
(x-45.383)^2 +(y-119.994)^2 = 900
(x-1042.164)^2 +(y-578.571)^2 = 900
(x-181.695)^2 +(y-1877.682)^2 = 900
(x-822.876)^2 +(y-1174.861)^2 = 900
(x-1908.445)^2 +(y-1577.298)^2 = 900
(x-1142.017)^2 +(y-1624.551)^2 = 900
(x-329.008)^2 +(y-1231.011)^2 = 900
(x-804.831)^2 +(y-565.014)^2 = 900
(x-182.522)^2 +(y-77.354)^2 = 900
(x-1374.967)^2 +(y-1673.649)^2 = 900
(x-544.997)^2 +(y-569.236)^2 = 900
(x-577.493)^2 +(y-1871.898)^2 = 900
(x-1171.138)^2 +(y-1940.06)^2 = 900
(x-59.304)^2 +(y-718.774)^2 = 900
(x-1898.807)^2 +(y-1854.193)^2 = 900
(x-617.871)^2 +(y-480.934)^2 = 900
(x-703.883)^2 +(y-1920.751)^2 = 900
(x-83.725)^2 +(y-1933.362)^2 = 900
(x-324.744)^2 +(y-1377.976)^2 = 900
(x-223.761)^2 +(y-216.224)^2 = 900
(x-838.089)^2 +(y-1766.688)^2 = 900
(x-933.985)^2 +(y-1716.401)^2 = 900
(x-1873.854)^2 +(y-1660.73)^2 = 900
(x-1867.518)^2 +(y-1739.362)^2 = 900
(x-1060.878)^2 +(y-965.349)^2 = 900
(x-948.817)^2 +(y-1003.801)^2 = 900
(x-1773.744)^2 +(y-768.247)^2 = 900
(x-1684.62)^2 +(y-808.925)^2 = 900
(x-1715.061)^2 +(y-697.066)^2 = 900
(x-1715.326)^2 +(y-637.066)^2 = 900
(x-326.04)^2 +(y-116.341)^2 = 900
(x-460.171)^2 +(y-1281.734)^2 = 900
(x-378.708)^2 +(y-1228.617)^2 = 900
(x-1377.319)^2 +(y-321.67)^2 = 900
(x-1448.451)^2 +(y-225.428)^2 = 900
(x-1053.855)^2 +(y-1906.224)^2 = 900
(x-1101.152)^2 +(y-1807.334)^2 = 900
(x-1587.962)^2 +(y-92.586)^2 = 900
(x-1680.088)^2 +(y-86.591)^2 = 900
(x-1763.882)^2 +(y-632.654)^2 = 900
(x-1883.684)^2 +(y-637.913)^2 = 900
(x-1231.336)^2 +(y-561.516)^2 = 900
(x-1042.849)^2 +(y-127.576)^2 = 900
(x-738.829)^2 +(y-1522.831)^2 = 900
(x-812.484)^2 +(y-1608.929)^2 = 900
(x-1684.364)^2 +(y-1221.523)^2 = 900
(x-1730.712)^2 +(y-1259.627)^2 = 900
(x-600.115)^2 +(y-854.861)^2 = 900
(x-664.124)^2 +(y-956.216)^2 = 900
(x-167.766)^2 +(y-554.716)^2 = 900
(x-95.143)^2 +(y-621.185)^2 = 900
(x-805.555)^2 +(y-562.143)^2 = 900
(x-1059.973)^2 +(y-175.009)^2 = 900
(x-1129.681)^2 +(y-229.78)^2 = 900
(x-1514.083)^2 +(y-130.486)^2 = 900
(x-1550.089)^2 +(y-82.49)^2 = 900
(x-565.596)^2 +(y-662.099)^2 = 900
(x-615.585)^2 +(y-727.463)^2 = 900
(x-572.551)^2 +(y-778.954)^2 = 900
(x-1306.67)^2 +(y-828.289)^2 = 900
(x-1172.612)^2 +(y-688.74)^2 = 900
(x-1218.603)^2 +(y-769.422)^2 = 900
(x-1779.275)^2 +(y-1936.613)^2 = 900
(x-1878.78)^2 +(y-1871.935)^2 = 900
(x-1811.039)^2 +(y-1856.236)^2 = 900
(x-1885.77)^2 +(y-1941.827)^2 = 900
(x-1454.59)^2 +(y-1718.643)^2 = 900
(x-355.719)^2 +(y-575.734)^2 = 900
(x-303.069)^2 +(y-679.909)^2 = 900
(x-276.692)^2 +(y-577.066)^2 = 900
(x-236.417)^2 +(y-532.592)^2 = 900
(x-771.516)^2 +(y-302.029)^2 = 900
(x-875.027)^2 +(y-245.439)^2 = 900
(x-1232.605)^2 +(y-1721.879)^2 = 900
(x-1346.389)^2 +(y-1686.341)^2 = 900
(x-1298.872)^2 +(y-1770.248)^2 = 900
(x-1920.665)^2 +(y-208.212)^2 = 900
(x-1855.097)^2 +(y-241.575)^2 = 900
(x-1629.916)^2 +(y-1083.442)^2 = 900
(x-1599.431)^2 +(y-1135.12)^2 = 900
(x-592.947)^2 +(y-1132.755)^2 = 900
(x-656.977)^2 +(y-1031.714)^2 = 900
(x-65.171)^2 +(y-1120.269)^2 = 900
(x-77.098)^2 +(y-1018.875)^2 = 900
(x-434.963)^2 +(y-872.412)^2 = 900
(x-362.332)^2 +(y-925.682)^2 = 900
(x-471.552)^2 +(y-964.985)^2 = 900
(x-198.962)^2 +(y-176.728)^2 = 900
(x-69.349)^2 +(y-1315.218)^2 = 900
(x-455.58)^2 +(y-1675.476)^2 = 900
(x-491.061)^2 +(y-1611.681)^2 = 900
(x-551.567)^2 +(y-1714.247)^2 = 900
(x-567.146)^2 +(y-1637.156)^2 = 900
(x-541.736)^2 +(y-467.116)^2 = 900
(x-1783.47)^2 +(y-1130.866)^2 = 900
(x-1882.661)^2 +(y-1189.224)^2 = 900
(x-1782.869)^2 +(y-1217.954)^2 = 900
(x-1741.293)^2 +(y-1261.213)^2 = 900
(x-611.231)^2 +(y-70.166)^2 = 900
(x-746.284)^2 +(y-1790.347)^2 = 900
(x-1265.229)^2 +(y-885.084)^2 = 900
(x-1251.156)^2 +(y-989.125)^2 = 900
(x-984.957)^2 +(y-470.322)^2 = 900
(x-1043.076)^2 +(y-519.673)^2 = 900
(x-1596.911)^2 +(y-1328.094)^2 = 900
(x-1498.796)^2 +(y-1379.353)^2 = 900
(x-1460.464)^2 +(y-1425.512)^2 = 900
(x-579.23)^2 +(y-1812.382)^2 = 900
(x-804.139)^2 +(y-1923.118)^2 = 900
(x-923.95)^2 +(y-1929.639)^2 = 900
(x-968.903)^2 +(y-1252.403)^2 = 900
(x-1053.048)^2 +(y-1177.062)^2 = 900
(x-404.43)^2 +(y-381.557)^2 = 900
(x-492.163)^2 +(y-101.212)^2 = 900
(x-1339.884)^2 +(y-91.112)^2 = 900
(x-1233.761)^2 +(y-60.269)^2 = 900
(x-1068.264)^2 +(y-1556.365)^2 = 900
(x-1123.738)^2 +(y-1579.227)^2 = 900
(x-1144.916)^2 +(y-1281.775)^2 = 900
(x-1242.499)^2 +(y-1289.377)^2 = 900
(x-1150.253)^2 +(y-1364.215)^2 = 900
(x-1109.495)^2 +(y-1408.246)^2 = 900
(x-1241.179)^2 +(y-1955.843)^2 = 900
(x-1273.385)^2 +(y-1855.846)^2 = 900
(x-867.412)^2 +(y-1028.777)^2 = 900
(x-1722.002)^2 +(y-1422.534)^2 = 900
(x-1673.622)^2 +(y-1489.932)^2 = 900
(x-1644.038)^2 +(y-1373.896)^2 = 900
(x-1474.057)^2 +(y-677.381)^2 = 900
(x-298.613)^2 +(y-1518.1)^2 = 900
(x-412.49)^2 +(y-1543.761)^2 = 900
(x-466.372)^2 +(y-1570.157)^2 = 900
(x-1764.594)^2 +(y-1442.905)^2 = 900
(x-843.068)^2 +(y-585.856)^2 = 900
(x-873.268)^2 +(y-670.2)^2 = 900
(x-1594.957)^2 +(y-664.681)^2 = 900
(x-1288.001)^2 +(y-1442.541)^2 = 900
(x-1504.902)^2 +(y-1674.841)^2 = 900
(x-1712.19)^2 +(y-878.59)^2 = 900
(x-1604.781)^2 +(y-891.134)^2 = 900
(x-730.631)^2 +(y-1187.402)^2 = 900
(x-761.389)^2 +(y-1272.071)^2 = 900
(x-732.21)^2 +(y-160.821)^2 = 900
(x-814.349)^2 +(y-79.546)^2 = 900
(x-1319.749)^2 +(y-153.071)^2 = 900
(x-1344.235)^2 +(y-98.295)^2 = 900
(x-1831.735)^2 +(y-1036.783)^2 = 900
(x-1179.932)^2 +(y-1106.675)^2 = 900
(x-1099.563)^2 +(y-1106.944)^2 = 900
(x-1111.743)^2 +(y-1009.112)^2 = 900
(x-1730.341)^2 +(y-63.326)^2 = 900
(x-1850.052)^2 +(y-69.376)^2 = 900
(x-1910.051)^2 +(y-69.538)^2 = 900
(x-68.212)^2 +(y-309.397)^2 = 900
(x-125.754)^2 +(y-398.652)^2 = 900
(x-1345.39)^2 +(y-1870.449)^2 = 900
(x-236.27)^2 +(y-1483.976)^2 = 900
(x-204.658)^2 +(y-1373.229)^2 = 900
(x-327.807)^2 +(y-1230.642)^2 = 900
(x-939.085)^2 +(y-1373.992)^2 = 900
(x-997.529)^2 +(y-1360.42)^2 = 900
(x-836.611)^2 +(y-377.904)^2 = 900
(x-934.167)^2 +(y-427.541)^2 = 900
(x-1353.726)^2 +(y-1120.893)^2 = 900
(x-1233.832)^2 +(y-1125.924)^2 = 900
(x-1277.27)^2 +(y-1065.877)^2 = 900
(x-1702.253)^2 +(y-591.048)^2 = 900
(x-1694.148)^2 +(y-475.518)^2 = 900
(x-923.72)^2 +(y-73.957)^2 = 900
(x-851.868)^2 +(y-87.824)^2 = 900
(x-908.896)^2 +(y-186.351)^2 = 900
(x-335.492)^2 +(y-405.395)^2 = 900
(x-239.896)^2 +(y-334.185)^2 = 900
(x-229.49)^2 +(y-401.309)^2 = 900
(x-60.142)^2 +(y-236.403)^2 = 900
(x-678.438)^2 +(y-755.791)^2 = 900
(x-764.269)^2 +(y-838.495)^2 = 900
(x-802.364)^2 +(y-884.85)^2 = 900
(x-867.388)^2 +(y-889.129)^2 = 900
(x-63.524)^2 +(y-814.248)^2 = 900
(x-73.203)^2 +(y-734.676)^2 = 900
(x-1026.135)^2 +(y-1713.292)^2 = 900
(x-417.487)^2 +(y-665.954)^2 = 900
(x-186.383)^2 +(y-1677.316)^2 = 900
(x-123.417)^2 +(y-1579.358)^2 = 900
(x-114.101)^2 +(y-1648.655)^2 = 900
(x-61.115)^2 +(y-1676.807)^2 = 900
(x-1527.284)^2 +(y-447.724)^2 = 900
(x-1913.664)^2 +(y-910.578)^2 = 900
(x-1897.591)^2 +(y-826.792)^2 = 900
(x-1833.367)^2 +(y-825.157)^2 = 900
(x-724.479)^2 +(y-1354.009)^2 = 900
(x-716.791)^2 +(y-1463.147)^2 = 900
(x-737.532)^2 +(y-1519.448)^2 = 900
(x-1059.73)^2 +(y-849.1)^2 = 900
(x-1175.792)^2 +(y-828.069)^2 = 900
(x-427.455)^2 +(y-1073.891)^2 = 900
(x-312.404)^2 +(y-1059.399)^2 = 900
(x-256.808)^2 +(y-1036.837)^2 = 900
(x-1707.451)^2 +(y-1617.616)^2 = 900
(x-1693.824)^2 +(y-1734.775)^2 = 900
(x-54.997)^2 +(y-1740.235)^2 = 900
(x-55.334)^2 +(y-1800.234)^2 = 900
(x-1395.31)^2 +(y-463.553)^2 = 900
(x-532.512)^2 +(y-1927.293)^2 = 900
(x-461.316)^2 +(y-1925.691)^2 = 900
(x-447.174)^2 +(y-1846.327)^2 = 900
(x-594.912)^2 +(y-333.002)^2 = 900
(x-1489.167)^2 +(y-1927.877)^2 = 900
(x-1429.332)^2 +(y-1932.32)^2 = 900
(x-1083.978)^2 +(y-295.537)^2 = 900
(x-1024.702)^2 +(y-801.514)^2 = 900
(x-1433.552)^2 +(y-997.917)^2 = 900
(x-1749.446)^2 +(y-399.482)^2 = 900
(x-1379.957)^2 +(y-1557.56)^2 = 900
(x-1448.12)^2 +(y-1475.899)^2 = 900
(x-58.246)^2 +(y-1817.909)^2 = 900
(x-165.501)^2 +(y-1866.022)^2 = 900
(x-98.362)^2 +(y-1888.058)^2 = 900
(x-1632.221)^2 +(y-1521.994)^2 = 900
(x-1924.966)^2 +(y-591.81)^2 = 900
(x-1918.425)^2 +(y-472.705)^2 = 900
(x-1855.636)^2 +(y-525.102)^2 = 900
(x-1083.768)^2 +(y-651.194)^2 = 900
(x-1138.576)^2 +(y-675.609)^2 = 900
(x-229.192)^2 +(y-1695.804)^2 = 900
(x-289.818)^2 +(y-1730.483)^2 = 900
(x-339.168)^2 +(y-164.582)^2 = 900
(x-755.109)^2 +(y-386.157)^2 = 900
(x-643.903)^2 +(y-385.031)^2 = 900
(x-553.4)^2 +(y-1387.302)^2 = 900
(x-609.89)^2 +(y-1289.523)^2 = 900
(x-508.623)^2 +(y-1305.327)^2 = 900
(x-618.341)^2 +(y-1590.645)^2 = 900
(x-683.752)^2 +(y-1525.457)^2 = 900
(x-239.897)^2 +(y-1930.084)^2 = 900
(x-1611.819)^2 +(y-266.02)^2 = 900
(x-1657.207)^2 +(y-210.358)^2 = 900
(x-1642.648)^2 +(y-152.151)^2 = 900
(x-826.907)^2 +(y-1175.096)^2 = 900
(x-910.005)^2 +(y-1233.915)^2 = 900
(x-74.957)^2 +(y-1263.132)^2 = 900
(x-84.241)^2 +(y-1175.235)^2 = 900
(x-1335.87)^2 +(y-1273.86)^2 = 900
(x-248.694)^2 +(y-863.182)^2 = 900
(x-289.178)^2 +(y-755.367)^2 = 900
(x-1734.674)^2 +(y-1938.109)^2 = 900
(x-1410.742)^2 +(y-932.334)^2 = 900
(x-1464.519)^2 +(y-825.872)^2 = 900
(x-71.449)^2 +(y-976.942)^2 = 900
(x-87.352)^2 +(y-877.192)^2 = 900
(x-63.316)^2 +(y-822.217)^2 = 900
(x-714.45)^2 +(y-651.765)^2 = 900
(x-760.225)^2 +(y-577.194)^2 = 900
(x-1524.575)^2 +(y-483.604)^2 = 900
(x-1560.378)^2 +(y-1159.498)^2 = 900
(x-1900.467)^2 +(y-1839.776)^2 = 900
(x-1312.392)^2 +(y-341.407)^2 = 900
(x-1203.395)^2 +(y-350.195)^2 = 900
(x-1268.65)^2 +(y-262.539)^2 = 900
(x-1786.159)^2 +(y-1085.636)^2 = 900
(x-1353.038)^2 +(y-91.721)^2 = 900
(x-174.98)^2 +(y-534.957)^2 = 900
(x-1688.174)^2 +(y-1539.318)^2 = 900
(x-800.828)^2 +(y-1773.536)^2 = 900
(x-1398.82)^2 +(y-1422.615)^2 = 900
(x-1339.04)^2 +(y-1417.472)^2 = 900
(x-1182.299)^2 +(y-1743.149)^2 = 900
(x-1080.882)^2 +(y-1751.739)^2 = 900
(x-759.765)^2 +(y-1512.525)^2 = 900
(x-1360.189)^2 +(y-1630.629)^2 = 900
(x-29.019)^2 +(y-1523.653)^2 = 900
(x-351.622)^2 +(y-1800.171)^2 = 900
(x-295.561)^2 +(y-1778.79)^2 = 900
(x-1326.201)^2 +(y-1002.668)^2 = 900
(x-1271.481)^2 +(y-1027.278)^2 = 900
(x-1143.897)^2 +(y-318.709)^2 = 900
(x-596.628)^2 +(y-1885.851)^2 = 900
(x-1917.763)^2 +(y-1355.376)^2 = 900
(x-1902.283)^2 +(y-1266.054)^2 = 900
(x-1933.278)^2 +(y-1214.68)^2 = 900
(x-1684.935)^2 +(y-1294.165)^2 = 900
(x-1632.397)^2 +(y-1323.143)^2 = 900
(x-1054.28)^2 +(y-1384.464)^2 = 900
(x-999.309)^2 +(y-1360.42)^2 = 900
(x-1926.022)^2 +(y-129.581)^2 = 900
(x-1644.53)^2 +(y-1783.696)^2 = 900
(x-960.741)^2 +(y-1313.676)^2 = 900
(x-484.284)^2 +(y-859.715)^2 = 900
(x-1246.762)^2 +(y-543.293)^2 = 900
(x-59.837)^2 +(y-685.754)^2 = 900
(x-1364.321)^2 +(y-374.868)^2 = 900
(x-1458.765)^2 +(y-436.524)^2 = 900
(x-1517.186)^2 +(y-450.196)^2 = 900
(x-549.969)^2 +(y-584.047)^2 = 900
(x-663.811)^2 +(y-167.251)^2 = 900
(x-674.61)^2 +(y-1223.743)^2 = 900
(x-292.076)^2 +(y-905.037)^2 = 900
(x-1741.035)^2 +(y-1788.264)^2 = 900
(x-993.181)^2 +(y-1933.506)^2 = 900
(x-973.414)^2 +(y-204.014)^2 = 900
(x-919.627)^2 +(y-230.603)^2 = 900
(x-1680.511)^2 +(y-628.904)^2 = 900
(x-1065.786)^2 +(y-1128.651)^2 = 900
(x-173.871)^2 +(y-486.971)^2 = 900
(x-258.606)^2 +(y-1352.666)^2 = 900
(x-604.99)^2 +(y-406.716)^2 = 900
(x-1389.625)^2 +(y-1674.826)^2 = 900
(x-487.66)^2 +(y-1022.955)^2 = 900
(x-1232.252)^2 +(y-835.173)^2 = 900
(x-287.628)^2 +(y-729.896)^2 = 900
(x-561.192)^2 +(y-37.707)^2 = 900
(x-139.514)^2 +(y-523.354)^2 = 900
(x-150.188)^2 +(y-51.971)^2 = 900
(x-780.409)^2 +(y-372)^2 = 900
(x-1183.188)^2 +(y-1943.014)^2 = 900
(x-279.43)^2 +(y-167.404)^2 = 900
(x-233.858)^2 +(y-206.432)^2 = 900
(x-384.921)^2 +(y-581.222)^2 = 900
(x-569.844)^2 +(y-1883.852)^2 = 900
(x-1493.288)^2 +(y-743.165)^2 = 900
(x-1251.869)^2 +(y-620.021)^2 = 900
(x-1152.753)^2 +(y-1624.856)^2 = 900
(x-1207.129)^2 +(y-1686.294)^2 = 900
(x-694.263)^2 +(y-695.911)^2 = 900
(x-721.96)^2 +(y-1920.948)^2 = 900
(x-649.988)^2 +(y-41.041)^2 = 900
(x-583.188)^2 +(y-522.96)^2 = 900
