(1944,822)
(548,1133)
(808,976)
(578,1262)
(1870,1087)
(1414,852)
(313,1259)
(361,1781)
(423,977)
(1014,1762)
(441,789)
(502,1452)
(883,479)
(296,93)
(1360,38)
(1686,1037)
(480,725)
(544,1815)
(1155,103)
(1206,766)
(20,1532)
(694,1154)
(1365,847)
(697,1595)
(1807,583)
(1604,407)
(763,1379)
(507,589)
(1732,759)
(427,1943)
(1281,338)
(1033,146)
(557,1218)
(221,1577)
(1549,346)
(112,292)
(177,166)
(1622,202)
(1277,148)
(27,1817)
(494,280)
(1228,821)
(821,658)
(962,1522)
(481,1212)
(163,763)
(974,167)
(27,163)
(1141,157)
(296,217)
(547,847)
(1038,664)
(224,1832)
(1740,1882)
(1083,1134)
(830,1379)
(837,769)
(1279,848)
(116,834)
(1898,158)
(951,1332)
(348,396)
(150,1388)
(1012,1595)
(550,39)
(771,32)
(766,1966)
(1074,273)
(755,1257)
(832,1152)
(1289,1952)
(1278,1162)
(1633,946)
(43,889)
(700,1381)
(31,1465)
(832,1260)
(1014,1269)
(1942,418)
(175,958)
(1869,280)
(1018,1393)
(906,272)
(831,1225)
(1892,1404)
(291,727)
(1607,1333)
(1149,463)
(88,217)
(643,1753)
(1816,1449)
(757,1581)
(1825,709)
(1627,1007)
(1614,904)
(1414,473)
(964,789)
(23,1343)
(304,589)
(498,1387)
(1631,533)
(1362,407)
(166,1088)
(696,472)
(306,1893)
(1343,1592)
(696,1202)
(633,721)
(1210,1641)
(1353,1825)
(489,636)
(1491,717)
(362,1574)
(116,17)
(1739,395)
(1633,1157)
(1228,1273)
(695,139)
(614,1194)
(365,1200)
(1610,1824)
(1350,346)
(896,905)
(1687,279)
(1283,1577)
(1219,84)
(1884,778)
(242,1693)
(1414,1343)
(881,528)
(745,1451)
(1288,291)
(36,1206)
(1668,1507)
(1023,1907)
(1930,1717)
(435,1270)
(1673,344)
(1077,167)
(1547,900)
(567,1966)
(225,1140)
(1744,273)
(1681,1084)
(1687,407)
(1870,46)
(546,1751)
(282,776)
(1890,827)
(1950,329)
(573,899)
(1959,635)
(440,1710)
(1547,1274)
(1080,704)
(1033,1149)
(435,1527)
(621,1510)
(708,1085)
(1344,1709)
(1160,1594)
(1668,1886)
(697,1777)
(810,1090)
(1476,789)
(1690,1466)
(812,1939)
(678,205)
(610,1143)
(1817,667)
(1674,81)
(1428,1763)
(1490,587)
(547,664)
(1808,534)
(952,903)
(899,397)
(1078,1595)
(643,913)
(1362,959)
(1073,1899)
(1829,1948)
(99,578)
(877,1638)
(1943,141)
(1206,1843)
(350,530)
(1299,714)
(821,1534)
(1040,1033)
(556,1628)
(432,349)
(1545,1400)
(562,770)
(1549,1713)
(1675,1592)
(232,840)
(1682,162)
(173,81)
(1608,778)
(170,1331)
(1016,1208)
(1228,1530)
(351,1038)
(423,511)
(1683,781)
(967,1028)
(223,1017)
(945,971)
(1358,1452)
(1039,106)
(1406,975)
(1078,1961)
(1029,1085)
(1144,1081)
(1026,223)
(612,1096)
(1238,1090)
(1087,520)
(226,454)
(1756,1823)
(1208,1396)
(374,157)
(1300,1204)
(215,726)
(564,334)
(1757,1594)
(280,1082)
(32,1565)
(511,230)
(1559,846)
(1036,849)
(1492,830)
(641,39)
(1930,1222)
(876,1579)
(616,644)
(685,1654)
(698,779)
(1092,969)
(1555,1590)
(96,893)
(1479,143)
(829,226)
(313,415)
(108,455)
(24,580)
(906,840)
(1232,583)
(45,761)
(1105,646)
(756,648)
(1161,349)
(1884,602)
(1818,41)
(814,1337)
(1223,1212)
(1749,35)
(180,533)
(1567,1015)
(374,1096)
(1607,640)
(941,38)
(1468,87)
(108,342)
(1696,1775)
(1881,1566)
(904,1033)
(90,1573)
(620,95)
(1607,289)
(1606,357)
(1496,1035)
(1026,784)
(1760,1966)
(1495,26)
(428,279)
(823,514)
(768,1511)
(176,914)
(770,848)
(1422,1469)
(897,786)
(1219,465)
(236,1450)
(616,1263)
(307,1214)
(623,1579)
(1148,775)
(1159,1714)
(1606,1899)
(160,1206)
(890,1137)
(440,1395)
(1483,215)
(1281,763)
(1549,216)
(1830,1159)
(1364,772)
(1564,601)
(1158,666)
(1217,1320)
(1831,848)
(1281,1267)
(1096,1265)
(1015,1339)
(877,603)
(622,1832)
(42,217)
(1422,1658)
(771,760)
(1473,265)
(772,699)
(1471,1758)
(1073,1772)
(1214,1446)
(1955,538)
(1295,646)
(1954,222)
(1214,1699)
(302,659)
(1808,1696)
(770,410)
(877,1690)
(312,467)
(174,574)
(1205,538)
(1865,1644)
(369,662)
(702,331)
(1082,1078)
(1734,1766)
(1424,576)
(881,1877)
(896,1394)
(1550,1333)
(314,905)
(1157,824)
(1408,1576)
(1073,24)
(547,415)
(751,1902)
(1737,1283)
(503,479)
(1037,575)
(819,265)
(361,202)
(775,1029)
(548,105)
(1561,1135)
(1147,970)
(357,1836)
(426,1337)
(1894,1837)
(1489,411)
(1022,974)
(1423,148)
(1214,211)
(103,102)
(1629,106)
(87,641)
(1896,1147)
(1156,533)
(355,38)
(1030,721)
(618,1640)
(1695,512)
(1808,1205)
(1285,955)
(956,1393)
(506,81)
(1814,892)
(1285,1015)
(1631,1946)
(25,649)
(619,265)
(1608,1212)
(478,330)
(763,588)
(302,1818)
(429,168)
(1489,638)
(1743,1132)
(1951,1070)
(1609,577)
(1550,29)
(885,1947)
(482,948)
(1876,1203)
(1102,1330)
(548,169)
(370,728)
(1362,232)
(1299,1460)
(430,109)
(1032,915)
(948,1719)
(1883,532)
(823,1018)
(1289,1092)
(1019,456)
(1956,1894)
(1233,725)
(1205,153)
(1957,1343)
(1831,340)
(743,341)
(952,1942)
(20,539)
(700,86)
(413,1813)
(1355,1275)
(1881,894)
(1605,1082)
(553,206)
(1363,171)
(17,717)
(676,47)
(348,599)
(116,1275)
(1293,475)
(1735,637)
(1502,1882)
(1369,1409)
(113,780)
(1161,581)
(1346,1899)
(1944,766)
(1546,395)
(1895,203)
(1894,84)
(1270,232)
(151,1028)
(511,513)
(1427,88)
(510,1007)
(764,1708)
(1207,1576)
(1339,463)
(682,289)
(481,1327)
(1620,1701)
(1480,1944)
(706,1260)
(1668,1691)
(378,759)
(24,1944)
(1433,1956)
(155,1522)
(214,1963)
(502,1072)
(1737,953)
(953,1902)
(959,357)
(827,1837)
(875,222)
(545,1905)
(813,840)
(1409,19)
(954,294)
(1674,39)
(1155,230)
(1026,1941)
(883,960)
(1472,1400)
(151,269)
(1759,830)
(773,1090)
(623,1706)
(772,1651)
(1671,450)
(303,1593)
(687,1817)
(824,1774)
(306,161)
(1818,1010)
(1368,1939)
(1363,104)
(1556,271)
(1415,709)
(555,1011)
(103,1009)
(1740,523)
(1168,1468)
(110,1100)
(899,721)
(892,1320)
(296,1467)
(1832,791)
(102,1692)
(1941,1282)
(1941,468)
(31,335)
(1895,1885)
(890,355)
(768,1836)
(1034,353)
(638,206)
(1629,1285)
(1809,1091)
(172,1717)
(1887,1336)
(1549,141)
(946,1273)
(1075,1659)
(1554,1194)
(753,1340)
(562,951)
(377,1382)
(1337,1533)
(1483,512)
(1367,1334)
(1876,1777)
(952,1817)
(1475,346)
(686,833)
(225,47)
(1634,1570)
(1216,1949)
(1492,1843)
(1019,1823)
(898,662)
(1370,587)
(1764,1519)
(955,1582)
(84,536)
(93,1206)
(697,1329)
(896,1072)
(481,769)
(1677,1650)
(379,1505)
(114,1158)
(1231,638)
(1674,603)
(1818,1275)
(1277,1336)
(302,349)
(1489,1349)
(1670,1279)
(1943,1516)
(1541,1648)
(1759,718)
(355,450)
(19,825)
(88,1391)
(1211,959)
(296,1511)
(37,1397)
(756,894)
(1687,1210)
(813,102)
(644,1391)
(1751,218)
(1766,1204)
(18,21)
(443,391)
(1668,1318)
(1471,1567)
(563,284)
(499,1504)
(1347,1140)
(181,418)
(245,104)
(1817,1329)
(1734,477)
(545,1454)
(181,1584)
(1415,1518)
(1885,1287)
(971,516)
(1285,595)
(1690,1946)
(49,473)
(1538,1817)
(227,356)
(1688,957)
(1875,345)
(811,1643)
(1347,1760)
(686,415)
(1887,1965)
(229,270)
(1138,1638)
(1411,267)
(957,1096)
(1407,394)
(1359,277)
(1011,1656)
(418,1888)
(1549,473)
(971,576)
(766,975)
(16,78)
(1568,1085)
(1750,1411)
(1091,413)
(1270,1813)
(351,951)
(439,1091)
(36,1089)
(698,540)
(1556,1771)
(775,108)
(1751,1343)
(83,1522)
(1564,950)
(1338,647)
(240,1318)
(22,1630)
(1555,524)
(295,1721)
(1074,1385)
(1668,233)
(1631,152)
(482,387)
(1358,541)
(1468,1268)
(1493,1157)
(697,712)
(1161,267)
(170,849)
(1206,266)
(1939,951)
(421,1193)
(1236,20)
(1291,88)
(1942,723)
(705,895)
(1029,1702)
(547,470)
(1554,1882)
(431,201)
(544,535)
(707,1939)
(1621,27)
(625,462)
(749,211)
(830,1714)
(1934,1154)
(221,905)
(552,597)
(1819,148)
(1072,1711)
(29,285)
(422,1588)
(1682,1132)
(1962,288)
(182,727)
(1492,1445)
(39,1888)
(760,1754)
(1213,896)
(632,1881)
(219,964)
(1030,1508)
(361,1643)
(1759,1471)
(1816,1389)
(941,727)
(1423,760)
(227,783)
(1894,1516)
(1105,596)
(1406,896)
(1602,1659)
(1294,23)
(1751,326)
(82,1896)
(1141,1161)
(570,1592)
(1864,972)
(422,714)
(379,1944)
(960,1451)
(42,1276)
(1093,109)
(427,821)
(622,1026)
(229,1390)
(1237,413)
(1799,453)
(814,1901)
(508,1657)
(701,1506)
(418,21)
(635,1344)
(164,1758)
(825,1442)
(1543,1457)
(482,845)
(1273,1398)
(309,1937)
(575,722)
(1155,1008)
(1155,1532)
(1030,46)
(215,1272)
(429,1022)
(552,1390)
(1880,724)
(1404,1023)
(1488,976)
(1303,1634)
(154,451)
(1296,1510)
(808,345)
(837,583)
(300,1159)
(770,1223)
(181,353)
(1602,1453)
(495,1584)
(1154,886)
(1074,1461)
(834,897)
(284,1759)
(1337,1653)
(811,462)
(377,106)
(1281,399)
(247,637)
(1667,822)
(148,1153)
(1819,403)
(1934,1455)
(1678,722)
(1952,1659)
(34,415)
(445,1160)
(892,1454)
(1802,1817)
(16,1148)
(1872,1701)
(1105,230)
(570,1073)
(1875,1031)
(1958,1955)
(1230,1772)
(1823,275)
(280,43)
(511,1157)
(223,1088)
(1550,1952)
(746,1134)
(285,1329)
(1141,1322)
(110,704)
(88,389)
(895,1261)
(92,1335)
(33,1037)
(1958,1568)
(614,1939)
(495,1891)
(874,108)
(628,831)
(1539,1534)
(697,1906)
(235,168)
(159,1658)
(434,457)
(354,347)
(1230,1039)
(488,1951)
(1874,393)
(1623,833)
(370,1896)
(771,159)
(215,394)
(365,1258)
(153,1967)
(968,109)
(756,274)
(1476,1691)
(1490,1644)
(1683,1835)
(1072,1816)
(1419,1380)
(1604,1752)
(1360,901)
(311,1009)
(821,160)
(1621,1524)
(155,1261)
(1826,952)
(241,1901)
(942,1137)
(1342,1025)
(1008,390)
(1689,915)
(1412,519)
(98,1645)
(1552,101)
(437,590)
(1090,1200)
(502,1844)
(955,640)
(504,162)
(496,1752)
(1798,1566)
(1039,1465)
(1544,647)
(1270,905)
(959,1761)
(1164,1965)
(486,44)
(1820,103)
(1291,1779)
(232,586)
(1809,227)
(1806,1752)
(149,213)
(26,968)
(1699,1380)
(825,418)
(697,598)
(1090,1528)
(1751,1715)
(1227,335)
(1750,1016)
(706,1016)
(1945,1838)
(353,1153)
(1155,416)
(1554,775)
(150,649)
(1032,515)
(1364,1093)
(423,1758)
(1169,1889)
(947,411)
(1158,1761)
(170,1878)
(1223,1143)
(1145,19)
(574,1342)
(98,151)
(625,586)
(300,511)
(426,1444)
(896,1208)
(638,158)
(640,791)
(1482,1509)
(102,1943)
(1815,1647)
(154,1833)
(355,1711)
(1346,717)
(1875,637)
(1366,1214)
(814,1567)
(1945,1029)
(642,959)
(223,1530)
(364,1345)
(225,229)
(242,1656)
(954,452)
(1961,589)
(310,265)
(16,1782)
(413,1645)
(1079,830)
(1420,206)
(1761,885)
(301,965)
(1431,653)
(1958,910)
(286,1402)
(1421,1893)
(216,1200)
(307,1653)
(773,536)
(709,1448)
(1416,1090)
(243,1765)
(705,961)
(424,894)
(349,269)
(960,217)
(1102,469)
(614,1470)
(810,41)
(1416,1828)
(1088,1039)
(443,657)
(898,41)
(1156,1397)
(1412,1159)
(284,848)
(1143,1214)
(1476,897)
(1152,1262)
(1085,354)
(1894,1442)
(627,344)
(1476,1073)
(380,901)
(1945,80)
(502,888)
(693,1718)
(1417,1216)
(1481,458)
(171,27)
(1285,1898)
(1027,263)
(620,413)
(1413,1705)
(758,470)
(1742,108)
(1138,1835)
(1733,1072)
(957,837)
(1078,773)
(893,1759)
(478,1719)
(1611,1411)
(1956,33)
(557,1718)
(487,1279)
(1803,1897)
(1669,649)
(224,539)
(1427,333)
(953,1641)
(1753,599)
(883,158)
(961,1196)
(1751,1650)
(903,1833)
(1302,1704)
(108,1768)
(887,1506)
(1896,473)
(28,1694)
(1078,905)
(641,519)
(373,1462)
(1946,1778)
(1281,534)
(1930,1397)
(835,714)
(359,826)
(1424,1262)
(106,1460)
(1602,713)
(1801,1526)
(1207,1893)
(1630,454)
(1164,708)
(113,1813)
(1761,150)
(103,961)
(179,1460)
(703,660)
(1557,720)
(1486,1211)
(547,1509)
(1089,1329)
(x-1912.065)^2 +(y-771.205)^2 = 900
(x-338.752)^2 +(y-1204.807)^2 = 900
(x-425.652)^2 +(y-750.423)^2 = 900
(x-1648.9)^2 +(y-398.947)^2 = 900
(x-499.946)^2 +(y-1712.542)^2 = 900
(x-191.879)^2 +(y-404.647)^2 = 900
(x-395.304)^2 +(y-152.774)^2 = 900
(x-827.109)^2 +(y-137.744)^2 = 900
(x-488.56)^2 +(y-1124.82)^2 = 900
(x-790.295)^2 +(y-1033.328)^2 = 900
(x-1874.429)^2 +(y-1146.836)^2 = 900
(x-1383.946)^2 +(y-903.93)^2 = 900
(x-302.996)^2 +(y-1765.651)^2 = 900
(x-984.427)^2 +(y-1709.795)^2 = 900
(x-1410.219)^2 +(y-70.834)^2 = 900
(x-1734.269)^2 +(y-1072.639)^2 = 900
(x-1096.578)^2 +(y-116.668)^2 = 900
(x-720.901)^2 +(y-1207.632)^2 = 900
(x-703.776)^2 +(y-1388.616)^2 = 900
(x-1248.066)^2 +(y-287.847)^2 = 900
(x-1017.027)^2 +(y-203.835)^2 = 900
(x-191.057)^2 +(y-224.33)^2 = 900
(x-807.87)^2 +(y-716.546)^2 = 900
(x-222.954)^2 +(y-765.341)^2 = 900
(x-1732.733)^2 +(y-1822.442)^2 = 900
(x-1042.476)^2 +(y-1089.753)^2 = 900
(x-754.316)^2 +(y-1907.149)^2 = 900
(x-892)^2 +(y-1260)^2 = 900
(x-1057.132)^2 +(y-1310.709)^2 = 900
(x-1890.415)^2 +(y-336.048)^2 = 900
(x-1019.968)^2 +(y-1452.968)^2 = 900
(x-1874.694)^2 +(y-1461.45)^2 = 900
(x-1666.98)^2 +(y-1331.449)^2 = 900
(x-1146.927)^2 +(y-522.964)^2 = 900
(x-639.492)^2 +(y-1693.103)^2 = 900
(x-816.629)^2 +(y-1587.664)^2 = 900
(x-1650.355)^2 +(y-951.732)^2 = 900
(x-1623.397)^2 +(y-592.516)^2 = 900
(x-165.535)^2 +(y-1147.998)^2 = 900
(x-365.955)^2 +(y-1895.328)^2 = 900
(x-651.052)^2 +(y-98.152)^2 = 900
(x-1550.148)^2 +(y-1828.206)^2 = 900
(x-1286.599)^2 +(y-1517.108)^2 = 900
(x-1838.83)^2 +(y-97.268)^2 = 900
(x-1630.014)^2 +(y-1464.681)^2 = 900
(x-1453.845)^2 +(y-1708.852)^2 = 900
(x-955.602)^2 +(y-416.904)^2 = 900
(x-1228.204)^2 +(y-1898.74)^2 = 900
(x-223.181)^2 +(y-48.108)^2 = 900
(x-229.992)^2 +(y-1330.008)^2 = 900
(x-939.535)^2 +(y-1081.345)^2 = 900
(x-217.593)^2 +(y-957.244)^2 = 900
(x-933.124)^2 +(y-786.481)^2 = 900
(x-808.902)^2 +(y-455.68)^2 = 900
(x-1441.022)^2 +(y-1525.905)^2 = 900
(x-1177.489)^2 +(y-722.747)^2 = 900
(x-1413.017)^2 +(y-263.58)^2 = 900
(x-1269.276)^2 +(y-591.794)^2 = 900
(x-288.023)^2 +(y-600.651)^2 = 900
(x-316.661)^2 +(y-407.181)^2 = 900
(x-398.838)^2 +(y-1390.5)^2 = 900
(x-1685.355)^2 +(y-126.593)^2 = 900
(x-1792.358)^2 +(y-836.039)^2 = 900
(x-1410.27)^2 +(y-1251.651)^2 = 900
(x-150.697)^2 +(y-1773.091)^2 = 900
(x-1777.153)^2 +(y-272)^2 = 900
(x-1287.168)^2 +(y-1755.509)^2 = 900
(x-651.483)^2 +(y-464.077)^2 = 900
(x-1781.908)^2 +(y-1697.049)^2 = 900
(x-459.919)^2 +(y-845.939)^2 = 900
(x-1154.172)^2 +(y-215.536)^2 = 900
(x-1901.342)^2 +(y-1344.732)^2 = 900
(x-1806.095)^2 +(y-1508.177)^2 = 900
(x-822.926)^2 +(y-1664)^2 = 900
(x-1061.931)^2 +(y-465.488)^2 = 900
(x-1136.619)^2 +(y-1220.84)^2 = 900
(x-337.844)^2 +(y-211.852)^2 = 900
(x-616.978)^2 +(y-1216.385)^2 = 900
(x-363.041)^2 +(y-979.221)^2 = 900
(x-550.301)^2 +(y-1416.405)^2 = 900
(x-584.181)^2 +(y-1859.559)^2 = 900
(x-74.319)^2 +(y-1506.515)^2 = 900
(x-658.844)^2 +(y-1548.695)^2 = 900
(x-1854.257)^2 +(y-619.969)^2 = 900
(x-548.865)^2 +(y-631.98)^2 = 900
(x-1672.086)^2 +(y-762.216)^2 = 900
(x-270.248)^2 +(y-1542.727)^2 = 900
(x-1492.853)^2 +(y-367.154)^2 = 900
(x-56.88)^2 +(y-268.298)^2 = 900
(x-1629.604)^2 +(y-261.516)^2 = 900
(x-1237.679)^2 +(y-102.68)^2 = 900
(x-491.312)^2 +(y-339.94)^2 = 900
(x-1228.886)^2 +(y-880.993)^2 = 900
(x-953.561)^2 +(y-1581.404)^2 = 900
(x-494.999)^2 +(y-1270.344)^2 = 900
(x-63.147)^2 +(y-115.11)^2 = 900
(x-603.151)^2 +(y-868.144)^2 = 900
(x-1095.225)^2 +(y-645.964)^2 = 900
(x-852.02)^2 +(y-1434.813)^2 = 900
(x-57.433)^2 +(y-847.037)^2 = 900
(x-1939.926)^2 +(y-200.921)^2 = 900
(x-91.937)^2 +(y-1372.877)^2 = 900
(x-498.923)^2 +(y-70.483)^2 = 900
(x-1282.185)^2 +(y-1221.854)^2 = 900
(x-865.802)^2 +(y-227.456)^2 = 900
(x-1449.235)^2 +(y-521.565)^2 = 900
(x-1406.355)^2 +(y-366.594)^2 = 900
(x-1356.822)^2 +(y-1650.386)^2 = 900
(x-668.664)^2 +(y-672.75)^2 = 900
(x-1159.636)^2 +(y-1673.611)^2 = 900
(x-1396.394)^2 +(y-1866.436)^2 = 900
(x-1529.914)^2 +(y-762.67)^2 = 900
(x-376.078)^2 +(y-1515.675)^2 = 900
(x-1780.154)^2 +(y-438.662)^2 = 900
(x-1610.653)^2 +(y-1101.317)^2 = 900
(x-925.894)^2 +(y-957.023)^2 = 900
(x-1428.494)^2 +(y-1401.223)^2 = 900
(x-64.5)^2 +(y-1258.799)^2 = 900
(x-1056.594)^2 +(y-1956.714)^2 = 900
(x-1892.977)^2 +(y-1669.784)^2 = 900
(x-1501.023)^2 +(y-861.45)^2 = 900
(x-1118.466)^2 +(y-1550.7)^2 = 900
(x-1647.457)^2 +(y-1942.374)^2 = 900
(x-746.665)^2 +(y-1810.666)^2 = 900
(x-618)^2 +(y-205.008)^2 = 900
(x-627.844)^2 +(y-1085.715)^2 = 900
(x-1484.001)^2 +(y-646.699)^2 = 900
(x-1748.264)^2 +(y-539.622)^2 = 900
(x-62.748)^2 +(y-625.81)^2 = 900
(x-1340.712)^2 +(y-757.129)^2 = 900
(x-552.85)^2 +(y-1568.083)^2 = 900
(x-1576.501)^2 +(y-1659.674)^2 = 900
(x-467.927)^2 +(y-471.231)^2 = 900
(x-1459.934)^2 +(y-1001.289)^2 = 900
(x-1194.529)^2 +(y-1048.645)^2 = 900
(x-1258.394)^2 +(y-1363.435)^2 = 900
(x-53.844)^2 +(y-1620.882)^2 = 900
(x-570.749)^2 +(y-224.52)^2 = 900
(x-1080.604)^2 +(y-808.869)^2 = 900
(x-710.909)^2 +(y-837.595)^2 = 900
(x-1120.469)^2 +(y-916.184)^2 = 900
(x-1528.884)^2 +(y-176.34)^2 = 900
(x-87.807)^2 +(y-398.5)^2 = 900
(x-777.687)^2 +(y-592.057)^2 = 900
(x-1262.29)^2 +(y-423.455)^2 = 900
(x-935.718)^2 +(y-615.338)^2 = 900
(x-1078.357)^2 +(y-1831.76)^2 = 900
(x-1922.978)^2 +(y-487.259)^2 = 900
(x-735.809)^2 +(y-281.432)^2 = 900
(x-931.614)^2 +(y-1909.222)^2 = 900
(x-1781.833)^2 +(y-1322.875)^2 = 900
(x-1953.927)^2 +(y-1834.036)^2 = 900
(x-1332.914)^2 +(y-1051.115)^2 = 900
(x-541.475)^2 +(y-955.919)^2 = 900
(x-1879.074)^2 +(y-953.969)^2 = 900
(x-74.562)^2 +(y-733.929)^2 = 900
(x-1491.095)^2 +(y-1941.001)^2 = 900
(x-82.244)^2 +(y-1929.592)^2 = 900
(x-876.486)^2 +(y-1803.072)^2 = 900
(x-67.66)^2 +(y-1057.488)^2 = 900
(x-1846.679)^2 +(y-1920.568)^2 = 900
(x-1451.408)^2 +(y-1113.756)^2 = 900
(x-200.14)^2 +(y-1929.881)^2 = 900
(x-353.303)^2 +(y-1651.024)^2 = 900
(x-334.315)^2 +(y-880.687)^2 = 900
(x-748.003)^2 +(y-975.417)^2 = 900
(x-1121.283)^2 +(y-1348.064)^2 = 900
(x-1901.576)^2 +(y-1035.981)^2 = 900
(x-936.715)^2 +(y-505.733)^2 = 900
(x-474.939)^2 +(y-1906.919)^2 = 900
(x-210.733)^2 +(y-1636.115)^2 = 900
(x-1120.336)^2 +(y-311.118)^2 = 900
(x-879.114)^2 +(y-1189.152)^2 = 900
(x-1547.008)^2 +(y-1334)^2 = 900
(x-1769.566)^2 +(y-686.043)^2 = 900
(x-604.905)^2 +(y-774.016)^2 = 900
(x-134.008)^2 +(y-529.272)^2 = 900
(x-1508.5)^2 +(y-1447.621)^2 = 900
(x-1714.932)^2 +(y-1636.782)^2 = 900
(x-993.738)^2 +(y-66.612)^2 = 900
(x-598.019)^2 +(y-383.424)^2 = 900
(x-1583.691)^2 +(y-1537.304)^2 = 900
(x-1527.107)^2 +(y-76.687)^2 = 900
(x-1939.912)^2 +(y-1554.627)^2 = 900
(x-801.72)^2 +(y-898.93)^2 = 900
(x-212.616)^2 +(y-1505.256)^2 = 900
(x-405.91)^2 +(y-614.697)^2 = 900
(x-1366.896)^2 +(y-594.417)^2 = 900
(x-1646.357)^2 +(y-1165.862)^2 = 900
(x-469.717)^2 +(y-1793.425)^2 = 900
(x-1526.829)^2 +(y-471.024)^2 = 900
(x-644.984)^2 +(y-568.095)^2 = 900
(x-398.983)^2 +(y-1150.551)^2 = 900
(x-726.614)^2 +(y-1393.887)^2 = 900
(x-767.893)^2 +(y-1088.578)^2 = 900
(x-938.707)^2 +(y-352.018)^2 = 900
(x-1064.161)^2 +(y-1653.382)^2 = 900
(x-159.494)^2 +(y-971.685)^2 = 900
(x-1817.843)^2 +(y-1217.755)^2 = 900
(x-595.503)^2 +(y-1319.39)^2 = 900
(x-1836.122)^2 +(y-1037.48)^2 = 900
(x-252.34)^2 +(y-134.156)^2 = 900
(x-1184.471)^2 +(y-50.736)^2 = 900
(x-75.999)^2 +(y-1782.372)^2 = 900
(x-208.061)^2 +(y-802.617)^2 = 900
(x-958.017)^2 +(y-1391.588)^2 = 900
(x-393.578)^2 +(y-356.979)^2 = 900
(x-819.326)^2 +(y-67.562)^2 = 900
(x-1321.243)^2 +(y-1901.4)^2 = 900
(x-1578.665)^2 +(y-971.451)^2 = 900
(x-963.368)^2 +(y-1236.807)^2 = 900
(x-1768.905)^2 +(y-1411.823)^2 = 900
(x-338.321)^2 +(y-539.786)^2 = 900
(x-225.465)^2 +(y-1080.002)^2 = 900
(x-1437.086)^2 +(y-743.33)^2 = 900
(x-68.13)^2 +(y-53.173)^2 = 900
(x-603.491)^2 +(y-1918.372)^2 = 900
(x-1929.037)^2 +(y-35.293)^2 = 900
(x-1939.154)^2 +(y-578.377)^2 = 900
(x-1506.086)^2 +(y-1230.114)^2 = 900
(x-1625.179)^2 +(y-46.122)^2 = 900
(x-997.554)^2 +(y-942.05)^2 = 900
(x-77.533)^2 +(y-521.972)^2 = 900
(x-1647.371)^2 +(y-732.724)^2 = 900
(x-1179.302)^2 +(y-1494.95)^2 = 900
(x-1372.409)^2 +(y-1393.756)^2 = 900
(x-1885.498)^2 +(y-1262.244)^2 = 900
(x-1422.484)^2 +(y-163.148)^2 = 900
(x-1760.702)^2 +(y-93.848)^2 = 900
(x-1643.581)^2 +(y-1745.806)^2 = 900
(x-827.314)^2 +(y-1501.955)^2 = 900
(x-279.974)^2 +(y-1409.18)^2 = 900
(x-210.549)^2 +(y-1238.323)^2 = 900
(x-562.876)^2 +(y-482.853)^2 = 900
(x-399.618)^2 +(y-78.115)^2 = 900
(x-1233.038)^2 +(y-985)^2 = 900
(x-45.029)^2 +(y-1673.178)^2 = 900
(x-474.365)^2 +(y-1558.709)^2 = 900
(x-1835.982)^2 +(y-1821.705)^2 = 900
(x-159.542)^2 +(y-703.1)^2 = 900
(x-1083.801)^2 +(y-1074.005)^2 = 900
(x-889.282)^2 +(y-739.562)^2 = 900
(x-232.813)^2 +(y-741.639)^2 = 900
(x-362.954)^2 +(y-1911.874)^2 = 900
(x-301.384)^2 +(y-1701.574)^2 = 900
(x-806.52)^2 +(y-1879.251)^2 = 900
(x-1159.55)^2 +(y-473.105)^2 = 900
(x-1618.564)^2 +(y-625.954)^2 = 900
(x-1466.575)^2 +(y-1698.163)^2 = 900
(x-817.656)^2 +(y-1681.149)^2 = 900
(x-790.975)^2 +(y-211.947)^2 = 900
(x-1002.515)^2 +(y-398.309)^2 = 900
(x-1921.935)^2 +(y-877.795)^2 = 900
(x-474.642)^2 +(y-1007.547)^2 = 900
(x-956.292)^2 +(y-1778.424)^2 = 900
(x-561.933)^2 +(y-1449.172)^2 = 900
(x-1311.464)^2 +(y-73.274)^2 = 900
(x-1684.358)^2 +(y-977.022)^2 = 900
(x-1119.06)^2 +(y-54.955)^2 = 900
(x-1168.552)^2 +(y-812.879)^2 = 900
(x-796.5)^2 +(y-1329.223)^2 = 900
(x-1587.45)^2 +(y-299.939)^2 = 900
(x-55.667)^2 +(y-312.653)^2 = 900
(x-434.688)^2 +(y-289.06)^2 = 900
(x-494.657)^2 +(y-220.004)^2 = 900
(x-1084.202)^2 +(y-702.28)^2 = 900
(x-1058.798)^2 +(y-607.72)^2 = 900
(x-270.96)^2 +(y-1869.347)^2 = 900
(x-1770.777)^2 +(y-1933.505)^2 = 900
(x-1331.336)^2 +(y-1134.517)^2 = 900
(x-1235.664)^2 +(y-1119.483)^2 = 900
(x-1647.488)^2 +(y-887.775)^2 = 900
(x-65.452)^2 +(y-944.641)^2 = 900
(x-1906.114)^2 +(y-369.915)^2 = 900
(x-1928.585)^2 +(y-272.952)^2 = 900
(x-1382.655)^2 +(y-421.839)^2 = 900
(x-79.407)^2 +(y-1322.55)^2 = 900
(x-245.207)^2 +(y-577.027)^2 = 900
(x-1223.251)^2 +(y-1582.482)^2 = 900
(x-1276.937)^2 +(y-1238.284)^2 = 900
(x-64.5)^2 +(y-1153.201)^2 = 900
(x-598.542)^2 +(y-953.292)^2 = 900
(x-839.719)^2 +(y-387.739)^2 = 900
(x-1126.644)^2 +(y-1925.875)^2 = 900
(x-1173.609)^2 +(y-1792.494)^2 = 900
(x-292.808)^2 +(y-1023.383)^2 = 900
(x-911.084)^2 +(y-90.01)^2 = 900
(x-1917.987)^2 +(y-1940.422)^2 = 900
(x-1439.927)^2 +(y-920.141)^2 = 225
(x-1917.597)^2 +(y-830.949)^2 = 900
(x-1859.306)^2 +(y-799.779)^2 = 900
(x-1806.548)^2 +(y-828.354)^2 = 900
(x-383.332)^2 +(y-1164.65)^2 = 900
(x-445.913)^2 +(y-806.899)^2 = 900
(x-1617.26)^2 +(y-347.968)^2 = 900
(x-478.941)^2 +(y-1768.745)^2 = 900
(x-559.372)^2 +(y-1704.263)^2 = 900
(x-618.799)^2 +(y-1695.985)^2 = 900
(x-131.983)^2 +(y-401.109)^2 = 900
(x-398.765)^2 +(y-92.873)^2 = 900
(x-353.471)^2 +(y-195.785)^2 = 900
(x-444.996)^2 +(y-186.399)^2 = 900
(x-820.495)^2 +(y-78.109)^2 = 900
(x-800.84)^2 +(y-191.688)^2 = 900
(x-430.892)^2 +(y-1141.385)^2 = 900
(x-481.489)^2 +(y-1065.238)^2 = 900
(x-754.909)^2 +(y-984.874)^2 = 900
(x-1837.008)^2 +(y-1193.736)^2 = 900
(x-1888.701)^2 +(y-1088.558)^2 = 900
(x-301.487)^2 +(y-1705.67)^2 = 900
(x-285.285)^2 +(y-1822.977)^2 = 900
(x-961.668)^2 +(y-1765.311)^2 = 900
(x-1033.407)^2 +(y-1675.141)^2 = 900
(x-1418.121)^2 +(y-130.311)^2 = 900
(x-1350.237)^2 +(y-72.316)^2 = 900
(x-1790.985)^2 +(y-1053.061)^2 = 900
(x-1706.504)^2 +(y-1019.449)^2 = 900
(x-1675.821)^2 +(y-1086.198)^2 = 900
(x-1617.373)^2 +(y-1099.758)^2 = 900
(x-1117.116)^2 +(y-60.293)^2 = 900
(x-1042.629)^2 +(y-90.409)^2 = 900
(x-1126.779)^2 +(y-168.513)^2 = 900
(x-1056.131)^2 +(y-160.986)^2 = 900
(x-661.112)^2 +(y-1212.668)^2 = 900
(x-653.225)^2 +(y-1356.296)^2 = 900
(x-602.674)^2 +(y-1323.975)^2 = 900
(x-1200.529)^2 +(y-251.237)^2 = 900
(x-224.783)^2 +(y-174.705)^2 = 900
(x-865.607)^2 +(y-732.869)^2 = 900
(x-793.733)^2 +(y-658.235)^2 = 900
(x-779.595)^2 +(y-599.924)^2 = 900
(x-1792.731)^2 +(y-1822.014)^2 = 900
(x-1687.233)^2 +(y-1783.33)^2 = 900
(x-982.675)^2 +(y-1084.869)^2 = 900
(x-881.263)^2 +(y-1200.969)^2 = 900
(x-949.062)^2 +(y-1241.456)^2 = 900
(x-843.42)^2 +(y-1295.213)^2 = 900
(x-1108.982)^2 +(y-1340.901)^2 = 900
(x-1010.009)^2 +(y-1273.568)^2 = 900
(x-1096.883)^2 +(y-1265.766)^2 = 900
(x-1921.471)^2 +(y-284.711)^2 = 900
(x-1838.188)^2 +(y-306.514)^2 = 900
(x-1785.96)^2 +(y-276.98)^2 = 900
(x-977.345)^2 +(y-1410.738)^2 = 900
(x-1825.105)^2 +(y-1495.228)^2 = 900
(x-1909.1)^2 +(y-1510.605)^2 = 900
(x-1726.813)^2 +(y-1326.982)^2 = 900
(x-1606.994)^2 +(y-1332.725)^2 = 900
(x-1103.681)^2 +(y-564.555)^2 = 900
(x-1060.435)^2 +(y-606.146)^2 = 900
(x-821.562)^2 +(y-1647.461)^2 = 900
(x-824.052)^2 +(y-1528.125)^2 = 900
(x-1647.668)^2 +(y-891.792)^2 = 900
(x-1592.503)^2 +(y-967.644)^2 = 900
(x-205.208)^2 +(y-1102.986)^2 = 900
(x-192.298)^2 +(y-1201.699)^2 = 900
(x-105.615)^2 +(y-1151.084)^2 = 900
(x-308.08)^2 +(y-1879.499)^2 = 900
(x-425.618)^2 +(y-1901.674)^2 = 900
(x-633.322)^2 +(y-155.473)^2 = 900
(x-1595.148)^2 +(y-1788.52)^2 = 900
(x-1640.148)^2 +(y-1748.834)^2 = 900
(x-1244.845)^2 +(y-1560.197)^2 = 900
(x-1778.887)^2 +(y-94.644)^2 = 900
(x-1888.283)^2 +(y-63.292)^2 = 900
(x-1597.748)^2 +(y-1515.266)^2 = 900
(x-1402.454)^2 +(y-1677.884)^2 = 900
(x-940.483)^2 +(y-358.84)^2 = 900
(x-943.124)^2 +(y-475.592)^2 = 900
(x-1288.18)^2 +(y-1900.455)^2 = 900
(x-1170.237)^2 +(y-1914.228)^2 = 900
(x-242.437)^2 +(y-104.934)^2 = 900
(x-262.022)^2 +(y-1380.744)^2 = 900
(x-217.545)^2 +(y-1271.313)^2 = 900
(x-910.201)^2 +(y-1133.685)^2 = 900
(x-880.866)^2 +(y-1186.025)^2 = 900
(x-932.991)^2 +(y-1021.703)^2 = 900
(x-926.447)^2 +(y-962.061)^2 = 900
(x-262.65)^2 +(y-996.865)^2 = 900
(x-892.159)^2 +(y-742.641)^2 = 900
(x-833.687)^2 +(y-401.038)^2 = 900
(x-1480.196)^2 +(y-1480.458)^2 = 900
(x-1171.569)^2 +(y-782.454)^2 = 900
(x-1118.883)^2 +(y-709.889)^2 = 900
(x-1418.648)^2 +(y-203.845)^2 = 900
(x-1409.145)^2 +(y-323.455)^2 = 900
(x-1329.254)^2 +(y-593.406)^2 = 900
(x-326.244)^2 +(y-554.4)^2 = 900
(x-366.906)^2 +(y-374.387)^2 = 900
(x-339.566)^2 +(y-1399.815)^2 = 900
(x-280.293)^2 +(y-1409.13)^2 = 900
(x-1740.383)^2 +(y-102.678)^2 = 900
(x-1649.423)^2 +(y-78.543)^2 = 900
(x-1468.81)^2 +(y-1238.493)^2 = 900
(x-91.155)^2 +(y-1780.489)^2 = 900
(x-1230.118)^2 +(y-1774.09)^2 = 900
(x-1320.309)^2 +(y-1705.492)^2 = 900
(x-1353.45)^2 +(y-1655.475)^2 = 900
(x-592.786)^2 +(y-476.515)^2 = 900
(x-618.332)^2 +(y-414.067)^2 = 900
(x-647.741)^2 +(y-523.96)^2 = 900
(x-1737.307)^2 +(y-1656.915)^2 = 900
(x-1840.178)^2 +(y-1682.745)^2 = 900
(x-402.091)^2 +(y-861.937)^2 = 900
(x-344.263)^2 +(y-877.935)^2 = 900
(x-1134.149)^2 +(y-272.097)^2 = 900
(x-1890.024)^2 +(y-1285.809)^2 = 900
(x-1784.49)^2 +(y-1452.201)^2 = 900
(x-1022.181)^2 +(y-420.544)^2 = 900
(x-1121.749)^2 +(y-470.156)^2 = 900
(x-293.439)^2 +(y-171.502)^2 = 900
(x-604.732)^2 +(y-1275.122)^2 = 900
(x-621.95)^2 +(y-1156.592)^2 = 900
(x-626.922)^2 +(y-1096.798)^2 = 900
(x-312.248)^2 +(y-1011.159)^2 = 900
(x-346.248)^2 +(y-921.619)^2 = 900
(x-421.197)^2 +(y-993.982)^2 = 900
(x-575.641)^2 +(y-1362.018)^2 = 900
(x-602.898)^2 +(y-1916.565)^2 = 900
(x-529.131)^2 +(y-1883.425)^2 = 900
(x-63.745)^2 +(y-1565.576)^2 = 900
(x-82.161)^2 +(y-1447.03)^2 = 900
(x-90.003)^2 +(y-1387.544)^2 = 900
(x-599.823)^2 +(y-1559.491)^2 = 900
(x-1908.139)^2 +(y-593.572)^2 = 900
(x-1806.951)^2 +(y-656.876)^2 = 900
(x-1806.443)^2 +(y-583.724)^2 = 900
(x-1758.628)^2 +(y-547.478)^2 = 900
(x-598.835)^2 +(y-598.768)^2 = 900
(x-1719.364)^2 +(y-725.272)^2 = 900
(x-1766.641)^2 +(y-688.328)^2 = 900
(x-219.946)^2 +(y-1510.022)^2 = 900
(x-328.379)^2 +(y-1527.868)^2 = 900
(x-238.002)^2 +(y-1593.326)^2 = 900
(x-1432.854)^2 +(y-366.766)^2 = 900
(x-1511.507)^2 +(y-424.181)^2 = 900
(x-1541.764)^2 +(y-332.402)^2 = 900
(x-59.332)^2 +(y-208.349)^2 = 900
(x-61.785)^2 +(y-148.399)^2 = 900
(x-1194.746)^2 +(y-60.767)^2 = 900
(x-1293.416)^2 +(y-80.467)^2 = 900
(x-446.682)^2 +(y-299.838)^2 = 900
(x-546.876)^2 +(y-362.582)^2 = 900
(x-1189.102)^2 +(y-836.079)^2 = 900
(x-1231.28)^2 +(y-940.946)^2 = 900
(x-1003.849)^2 +(y-1614.131)^2 = 900
(x-1054.137)^2 +(y-1646.859)^2 = 900
(x-548.921)^2 +(y-1296.658)^2 = 900
(x-67.959)^2 +(y-55.304)^2 = 900
(x-599.908)^2 +(y-928.056)^2 = 900
(x-604.269)^2 +(y-808.155)^2 = 900
(x-660.876)^2 +(y-851.779)^2 = 900
(x-831.3)^2 +(y-1491.122)^2 = 900
(x-907.578)^2 +(y-1412.157)^2 = 900
(x-824.096)^2 +(y-1381.707)^2 = 900
(x-62.346)^2 +(y-906.835)^2 = 900
(x-66.417)^2 +(y-787.713)^2 = 900
(x-1930.594)^2 +(y-260.191)^2 = 900
(x-439.1)^2 +(y-75.08)^2 = 900
(x-1311.612)^2 +(y-1169.565)^2 = 900
(x-807.051)^2 +(y-215.279)^2 = 900
(x-1499.511)^2 +(y-488.818)^2 = 900
(x-1404.299)^2 +(y-561.323)^2 = 900
(x-1382.7)^2 +(y-421.734)^2 = 900
(x-655.423)^2 +(y-614.229)^2 = 900
(x-636.696)^2 +(y-723.524)^2 = 900
(x-1100.939)^2 +(y-1661.175)^2 = 900
(x-1193.98)^2 +(y-1624.413)^2 = 900
(x-1166.64)^2 +(y-1733.201)^2 = 900
(x-1341.994)^2 +(y-1891.746)^2 = 900
(x-1443.535)^2 +(y-1903.554)^2 = 900
(x-1490.676)^2 +(y-1940.671)^2 = 900
(x-1471.175)^2 +(y-750.432)^2 = 900
(x-1513.071)^2 +(y-820.257)^2 = 900
(x-1588.054)^2 +(y-747.847)^2 = 900
(x-1646.194)^2 +(y-733.024)^2 = 900
(x-431.041)^2 +(y-1539.74)^2 = 900
(x-1762.082)^2 +(y-495.875)^2 = 900
(x-1639.696)^2 +(y-1153.819)^2 = 900
(x-984.625)^2 +(y-944.751)^2 = 900
(x-1480.397)^2 +(y-1431.323)^2 = 900
(x-78.162)^2 +(y-1317.223)^2 = 900
(x-64.5)^2 +(y-1198.799)^2 = 900
(x-1111.508)^2 +(y-1932.539)^2 = 900
(x-1915.623)^2 +(y-1614.222)^2 = 900
(x-1938.269)^2 +(y-1558.66)^2 = 900
(x-1457.754)^2 +(y-903.016)^2 = 900
(x-1162.701)^2 +(y-1510.163)^2 = 900
(x-1707.303)^2 +(y-1938.07)^2 = 900
(x-1767.148)^2 +(y-1933.766)^2 = 900
(x-786.117)^2 +(y-1855.872)^2 = 900
(x-1457.796)^2 +(y-700.674)^2 = 900
(x-71.206)^2 +(y-566.409)^2 = 900
(x-69.266)^2 +(y-685.455)^2 = 900
(x-1400.106)^2 +(y-748.625)^2 = 900
(x-493.274)^2 +(y-1560.967)^2 = 900
(x-557.42)^2 +(y-1508.257)^2 = 900
(x-1613.368)^2 +(y-1707.011)^2 = 900
(x-1519.872)^2 +(y-1679.502)^2 = 900
(x-1580.02)^2 +(y-1599.777)^2 = 900
(x-1583.54)^2 +(y-1539.88)^2 = 900
(x-527.482)^2 +(y-478.52)^2 = 900
(x-1455.398)^2 +(y-1061.117)^2 = 900
(x-1518.125)^2 +(y-986.665)^2 = 900
(x-1576.315)^2 +(y-972.041)^2 = 900
(x-1445.571)^2 +(y-943.033)^2 = 900
(x-1225.59)^2 +(y-997.311)^2 = 900
(x-1224.659)^2 +(y-1100.531)^2 = 900
(x-1136.043)^2 +(y-1062.04)^2 = 900
(x-1316.378)^2 +(y-1378.855)^2 = 900
(x-510.855)^2 +(y-220.965)^2 = 900
(x-1140.541)^2 +(y-811.602)^2 = 900
(x-760.63)^2 +(y-871.178)^2 = 900
(x-1145.788)^2 +(y-861.788)^2 = 900
(x-1527.814)^2 +(y-116.349)^2 = 900
(x-1469.34)^2 +(y-168.957)^2 = 900
(x-66.77)^2 +(y-342.309)^2 = 900
(x-82.832)^2 +(y-458.293)^2 = 900
(x-77.856)^2 +(y-518.087)^2 = 900
(x-1208.267)^2 +(y-449.562)^2 = 900
(x-1322.284)^2 +(y-422.649)^2 = 900
(x-1382.279)^2 +(y-421.844)^2 = 900
(x-936.264)^2 +(y-555.34)^2 = 900
(x-914.709)^2 +(y-671.54)^2 = 900
(x-893.701)^2 +(y-727.741)^2 = 900
(x-1133.829)^2 +(y-1808.893)^2 = 900
(x-1105.746)^2 +(y-1885.144)^2 = 900
(x-1933.466)^2 +(y-546.336)^2 = 900
(x-1914.443)^2 +(y-427.87)^2 = 900
(x-773.116)^2 +(y-234.441)^2 = 900
(x-903.96)^2 +(y-1855.975)^2 = 900
(x-1773.204)^2 +(y-1382.251)^2 = 900
(x-1801.278)^2 +(y-1266.113)^2 = 900
(x-1934.723)^2 +(y-1890.88)^2 = 900
(x-1331.779)^2 +(y-1111.104)^2 = 900
(x-493.993)^2 +(y-992.599)^2 = 900
(x-1894.95)^2 +(y-1011.83)^2 = 900
(x-1908.496)^2 +(y-901.679)^2 = 900
(x-130.965)^2 +(y-713.467)^2 = 900
(x-142.244)^2 +(y-1929.739)^2 = 900
(x-933.814)^2 +(y-1785.366)^2 = 900
(x-835.9)^2 +(y-1847.262)^2 = 900
(x-65.68)^2 +(y-1117.455)^2 = 900
(x-1904.48)^2 +(y-1936.661)^2 = 900
(x-1787.532)^2 +(y-1930.649)^2 = 900
(x-1840.225)^2 +(y-1860.916)^2 = 900
(x-1392.285)^2 +(y-1123.978)^2 = 900
(x-1333.162)^2 +(y-1134.201)^2 = 900
(x-245.749)^2 +(y-1890.896)^2 = 900
(x-310.314)^2 +(y-1692.88)^2 = 900
(x-782.486)^2 +(y-926.316)^2 = 900
(x-1841.592)^2 +(y-1037.354)^2 = 900
(x-472.181)^2 +(y-1846.982)^2 = 900
(x-259.376)^2 +(y-1671.24)^2 = 900
(x-1525.018)^2 +(y-1278.175)^2 = 900
(x-1527.749)^2 +(y-1390.825)^2 = 900
(x-189.139)^2 +(y-552.948)^2 = 900
(x-244.27)^2 +(y-576.624)^2 = 900
(x-1547.048)^2 +(y-1493.599)^2 = 900
(x-936.007)^2 +(y-82.955)^2 = 900
(x-1584.389)^2 +(y-58.834)^2 = 900
(x-247.06)^2 +(y-1456.127)^2 = 900
(x-365.717)^2 +(y-570.149)^2 = 900
(x-770.654)^2 +(y-1353.138)^2 = 900
(x-882.269)^2 +(y-372.384)^2 = 900
(x-101.831)^2 +(y-955.103)^2 = 900
(x-1867.975)^2 +(y-1250.721)^2 = 900
(x-1124.595)^2 +(y-54.598)^2 = 900
(x-59.627)^2 +(y-1724.649)^2 = 900
(x-424.647)^2 +(y-305.649)^2 = 900
(x-877.607)^2 +(y-81.82)^2 = 900
(x-271.39)^2 +(y-1041.39)^2 = 900
(x-1631.742)^2 +(y-674.795)^2 = 900
(x-1206.225)^2 +(y-1548.57)^2 = 900
(x-212.644)^2 +(y-731.031)^2 = 900
(x-474.029)^2 +(y-243.758)^2 = 900
(x-1272.063)^2 +(y-1125.203)^2 = 900
