(1074,1694)
(1713,500)
(918,538)
(1222,1750)
(1949,61)
(1820,1663)
(1395,1691)
(1237,1785)
(749,1346)
(1463,1333)
(940,783)
(25,932)
(1868,571)
(1735,828)
(619,1023)
(1242,1180)
(1814,938)
(1074,1790)
(997,140)
(357,1026)
(679,705)
(420,1131)
(501,1706)
(1413,1870)
(1959,344)
(1019,1819)
(587,1575)
(856,1588)
(1893,1858)
(1231,1335)
(521,1300)
(25,696)
(1715,1379)
(780,1069)
(1943,703)
(369,290)
(588,1455)
(1797,1816)
(980,695)
(1974,611)
(534,499)
(697,1542)
(1499,573)
(1071,1309)
(262,1148)
(1638,17)
(1715,215)
(1563,410)
(1066,904)
(920,1464)
(1012,1610)
(1000,461)
(831,109)
(139,534)
(376,1624)
(136,972)
(1720,1732)
(1393,1811)
(1872,338)
(122,1533)
(770,1266)
(988,1348)
(22,1509)
(434,1418)
(1560,1983)
(140,1746)
(981,1787)
(1166,747)
(997,1734)
(428,1779)
(271,1210)
(1626,387)
(1088,697)
(613,1750)
(53,452)
(1874,1416)
(1062,1054)
(925,1347)
(264,655)
(1706,579)
(456,859)
(917,463)
(767,1661)
(698,290)
(1961,213)
(1487,1778)
(348,1698)
(1244,1138)
(1068,972)
(208,1490)
(1955,1050)
(1461,1143)
(1562,1544)
(1572,57)
(346,63)
(1628,1070)
(503,254)
(1169,1187)
(746,536)
(1252,1823)
(1869,1170)
(514,1743)
(1329,814)
(1899,510)
(1946,947)
(295,627)
(827,470)
(1018,375)
(262,93)
(262,866)
(505,1065)
(506,1822)
(1647,187)
(1306,616)
(349,861)
(1158,211)
(1243,181)
(997,346)
(133,1862)
(1951,1932)
(27,1468)
(208,1255)
(1500,1385)
(428,1615)
(1474,1176)
(905,1627)
(299,1105)
(662,1867)
(366,1490)
(743,1813)
(1649,1573)
(588,1786)
(102,731)
(1066,572)
(1249,1975)
(1956,1984)
(1728,1295)
(195,1416)
(1000,429)
(1969,420)
(602,1065)
(1337,95)
(1549,904)
(1562,1903)
(1958,664)
(129,1092)
(288,413)
(1420,1982)
(1739,1817)
(588,130)
(827,577)
(1096,1389)
(759,1295)
(1480,1468)
(1788,540)
(585,1099)
(1785,1491)
(1146,62)
(591,92)
(514,890)
(987,1936)
(1875,895)
(692,1826)
(986,749)
(1572,133)
(420,652)
(187,1987)
(1865,1504)
(1640,1949)
(369,1775)
(1152,1776)
(1559,739)
(1702,100)
(48,1891)
(38,906)
(985,1091)
(1259,583)
(1336,1141)
(1335,902)
(203,1389)
(940,1182)
(202,655)
(1975,1748)
(851,1330)
(540,1413)
(538,1337)
(860,1783)
(933,1225)
(25,336)
(46,1332)
(1489,372)
(674,892)
(768,1949)
(1068,454)
(371,1425)
(775,332)
(1625,332)
(111,1610)
(528,1860)
(1787,1452)
(131,1463)
(1155,459)
(214,621)
(341,1382)
(765,1892)
(905,347)
(998,1370)
(1166,692)
(380,1213)
(911,1730)
(1560,229)
(824,30)
(1579,1142)
(1958,1455)
(1896,708)
(1241,1374)
(1413,258)
(1871,458)
(125,1251)
(1230,1263)
(1708,1627)
(102,1982)
(1474,173)
(1707,60)
(1877,1259)
(514,348)
(765,1493)
(1799,91)
(1783,420)
(756,617)
(824,1935)
(52,430)
(504,1656)
(607,783)
(830,904)
(582,980)
(1543,1376)
(1628,1896)
(618,1294)
(1242,907)
(1418,1948)
(1545,1341)
(1088,1269)
(1957,455)
(1645,504)
(516,786)
(270,1864)
(503,1773)
(1969,1574)
(1629,423)
(1862,1814)
(831,748)
(993,1906)
(1242,1582)
(1418,1541)
(1647,1097)
(199,1099)
(528,110)
(35,262)
(1339,1174)
(112,1932)
(842,1854)
(1654,1858)
(518,653)
(1461,424)
(292,25)
(667,1748)
(1180,773)
(925,573)
(456,1257)
(25,149)
(1900,1892)
(903,662)
(669,1498)
(352,1096)
(986,612)
(447,270)
(503,859)
(988,1978)
(280,1899)
(1160,1110)
(609,1813)
(355,1982)
(201,1461)
(1819,470)
(1249,703)
(1716,1507)
(1627,1388)
(1860,977)
(1388,455)
(1323,1822)
(1380,1588)
(1563,109)
(609,212)
(673,450)
(1649,661)
(671,491)
(1329,971)
(1180,298)
(421,348)
(901,130)
(188,338)
(981,1066)
(847,1469)
(1786,739)
(1014,584)
(352,1266)
(1322,1390)
(1860,108)
(1078,1332)
(1408,110)
(292,228)
(1397,1130)
(536,214)
(905,1019)
(27,1254)
(596,627)
(1806,1132)
(350,267)
(1809,1579)
(1972,1772)
(1409,1307)
(682,1217)
(1420,1379)
(1943,1541)
(1001,100)
(278,183)
(827,216)
(1388,985)
(980,179)
(1551,1509)
(1900,141)
(670,210)
(300,733)
(700,821)
(610,863)
(843,1497)
(1885,372)
(1792,501)
(359,1175)
(1152,1986)
(124,1147)
(214,1821)
(1542,699)
(1806,1229)
(1781,310)
(1815,59)
(584,416)
(1550,470)
(50,1822)
(778,1410)
(126,305)
(1083,1943)
(1575,1030)
(619,698)
(1570,1262)
(300,266)
(107,1340)
(136,890)
(993,1548)
(1873,69)
(1175,856)
(1553,540)
(1946,749)
(768,1388)
(859,973)
(938,496)
(1011,1667)
(377,1462)
(361,740)
(1814,867)
(1232,947)
(909,1705)
(1161,1935)
(590,1335)
(345,1865)
(1002,1180)
(836,1029)
(516,1976)
(1803,829)
(1494,1946)
(1967,866)
(1873,1333)
(1728,1450)
(1556,347)
(1944,1103)
(825,654)
(365,137)
(1168,1382)
(1635,1778)
(1481,743)
(1716,377)
(442,14)
(934,629)
(1797,1910)
(992,783)
(1566,1696)
(1478,1865)
(1819,1542)
(845,1307)
(1796,141)
(1964,1662)
(296,66)
(1333,69)
(1301,774)
(912,823)
(440,90)
(1648,1145)
(28,1417)
(1146,150)
(991,300)
(1629,1413)
(523,572)
(1230,1068)
(821,1215)
(1172,1410)
(1626,468)
(439,1497)
(1399,1069)
(433,293)
(512,701)
(505,1944)
(138,1302)
(1317,1978)
(288,814)
(1178,1622)
(1549,785)
(1078,1978)
(1090,130)
(1799,1695)
(1564,664)
(112,60)
(667,61)
(1065,1182)
(1145,1830)
(742,458)
(1814,579)
(49,1668)
(598,947)
(1783,976)
(371,458)
(1473,980)
(1868,267)
(1862,618)
(914,90)
(354,703)
(1896,1469)
(822,539)
(617,1651)
(843,1542)
(54,550)
(1490,1018)
(1143,978)
(1654,1972)
(1008,1268)
(980,541)
(1736,780)
(1156,942)
(192,1539)
(1499,852)
(1551,1750)
(920,1371)
(1872,539)
(1060,1586)
(212,1051)
(1152,1149)
(1080,491)
(355,1668)
(1622,940)
(916,230)
(1170,1587)
(587,456)
(57,1226)
(1326,543)
(278,932)
(347,814)
(20,94)
(1332,941)
(1712,692)
(447,1908)
(593,1541)
(438,1665)
(1783,1624)
(1942,1370)
(131,1230)
(380,1052)
(1894,1660)
(193,1617)
(696,746)
(1328,343)
(1399,1902)
(1069,1413)
(610,539)
(1398,1091)
(693,1787)
(1414,299)
(924,187)
(749,1546)
(1160,1541)
(424,450)
(617,1702)
(40,510)
(507,982)
(1715,1219)
(426,815)
(1238,976)
(108,148)
(1494,943)
(1569,1170)
(673,29)
(448,747)
(1248,1469)
(180,1664)
(1322,1417)
(1310,211)
(676,414)
(900,1303)
(988,503)
(349,1544)
(1340,1579)
(925,852)
(32,306)
(666,1092)
(1172,616)
(1301,498)
(1163,1018)
(44,786)
(56,22)
(745,656)
(935,1949)
(687,1894)
(930,1057)
(445,1229)
(535,812)
(502,1530)
(279,1668)
(1234,1851)
(1007,1022)
(1701,1330)
(671,1939)
(1394,66)
(1236,1894)
(1656,906)
(1227,662)
(1380,1212)
(600,1497)
(587,1936)
(1658,253)
(453,1572)
(1227,1501)
(1862,1149)
(856,867)
(438,571)
(51,1386)
(1256,255)
(664,1414)
(1944,1693)
(272,509)
(266,544)
(1221,303)
(1242,96)
(695,930)
(1739,1572)
(286,347)
(1140,496)
(687,971)
(450,210)
(1480,690)
(1702,739)
(1247,622)
(1629,1339)
(1646,810)
(1656,101)
(1869,190)
(601,268)
(854,935)
(1708,1130)
(908,1790)
(131,1421)
(1090,179)
(1338,1509)
(757,822)
(1464,1737)
(750,1230)
(1968,584)
(520,50)
(1726,950)
(760,935)
(265,1415)
(1551,256)
(204,1851)
(136,1818)
(1420,702)
(1560,629)
(263,1310)
(460,1745)
(1415,1025)
(521,1572)
(455,1189)
(451,987)
(217,977)
(1625,1467)
(193,382)
(1576,1787)
(1817,708)
(1882,932)
(1479,1254)
(1464,548)
(1326,1930)
(123,454)
(438,139)
(1167,1291)
(669,175)
(833,427)
(1151,1500)
(596,69)
(860,1371)
(289,1467)
(1630,225)
(661,1387)
(345,589)
(1625,290)
(1418,495)
(1327,180)
(1062,1226)
(363,780)
(662,587)
(371,1948)
(991,894)
(1232,532)
(56,618)
(1966,290)
(25,1052)
(580,296)
(834,498)
(210,297)
(57,857)
(525,12)
(268,138)
(1461,1573)
(21,1307)
(1482,1426)
(1325,1690)
(1469,906)
(825,820)
(699,1458)
(1497,450)
(50,740)
(1087,429)
(995,1223)
(857,293)
(1399,1422)
(1468,1666)
(680,545)
(1240,1612)
(1867,1775)
(265,586)
(1395,650)
(199,227)
(1403,347)
(102,574)
(182,450)
(118,950)
(1162,811)
(212,1771)
(919,1822)
(1235,1222)
(1079,1896)
(1170,176)
(1705,330)
(1869,416)
(825,1702)
(1382,744)
(1337,578)
(1899,790)
(1004,1710)
(1980,910)
(1542,850)
(832,374)
(46,1979)
(1149,537)
(1900,1292)
(1315,144)
(827,618)
(981,859)
(773,1135)
(272,1942)
(846,251)
(1976,1180)
(119,817)
(1860,1709)
(762,269)
(1549,981)
(857,1623)
(1091,1544)
(1091,102)
(435,55)
(1727,453)
(534,1264)
(299,1068)
(1500,1978)
(1542,1867)
(283,468)
(1311,1029)
(1656,1016)
(192,1025)
(218,1745)
(436,1051)
(1642,1500)
(1736,411)
(1179,906)
(1155,1343)
(1166,341)
(46,975)
(204,1133)
(1940,385)
(431,898)
(1791,230)
(605,338)
(1245,376)
(41,180)
(1729,1910)
(1808,616)
(514,1384)
(675,624)
(459,430)
(582,746)
(1319,1893)
(1621,1171)
(374,498)
(940,416)
(1000,264)
(277,898)
(1564,1578)
(1419,423)
(130,1668)
(1082,857)
(1701,266)
(1785,1266)
(929,300)
(993,1292)
(1945,1901)
(105,220)
(1017,14)
(1256,1413)
(535,1021)
(1258,60)
(906,1981)
(1336,1216)
(134,781)
(987,1586)
(1419,585)
(1877,1985)
(1625,532)
(1162,1055)
(1979,1142)
(20,1588)
(1229,1659)
(618,898)
(1323,1669)
(423,1307)
(180,707)
(1388,772)
(369,15)
(1957,1866)
(341,105)
(1961,537)
(1896,1624)
(748,413)
(1940,1310)
(1167,1901)
(1420,851)
(1020,665)
(455,699)
(746,145)
(1781,1941)
(1391,137)
(520,456)
(211,1181)
(185,1705)
(1488,770)
(1657,63)
(1648,1310)
(766,181)
(1793,1971)
(1812,12)
(1408,24)
(447,1463)
(502,738)
(843,149)
(933,1492)
(441,936)
(678,1259)
(1461,1892)
(1884,18)
(361,1746)
(1550,1416)
(770,1013)
(938,63)
(272,1970)
(853,1976)
(1009,1135)
(1087,229)
(1172,1269)
(132,106)
(1794,1868)
(1896,854)
(1660,1266)
(1334,733)
(1324,301)
(848,1737)
(769,490)
(1645,150)
(1638,1821)
(1790,1390)
(1090,380)
(1254,850)
(449,1536)
(901,1667)
(378,934)
(1788,780)
(118,1589)
(193,1946)
(1718,860)
(617,17)
(759,20)
(508,303)
(138,1062)
(1407,945)
(700,99)
(1700,1868)
(522,1456)
(1952,1819)
(379,334)
(524,1149)
(1897,1065)
(1498,347)
(24,1691)
(184,65)
(925,383)
(692,1616)
(1078,337)
(1781,1014)
(449,1017)
(430,1390)
(1813,1344)
(288,1496)
(1392,1653)
(1495,1699)
(1653,1659)
(200,170)
(351,539)
(33,665)
(1460,1308)
(1890,1030)
(1094,1617)
(1489,65)
(759,586)
(1560,173)
(744,374)
(505,182)
(456,1949)
(860,1660)
(1143,1465)
(1623,1627)
(1580,499)
(688,660)
(1306,1790)
(343,1895)
(1726,1666)
(1257,464)
(825,65)
(138,345)
(113,490)
(1631,612)
(341,907)
(1863,827)
(1166,1704)
(660,1977)
(1629,1227)
(1577,1092)
(1574,583)
(679,1053)
(1231,1932)
(1017,1450)
(1179,670)
(754,1785)
(524,425)
(1732,898)
(688,257)
(771,1850)
(1623,779)
(1713,543)
(833,1264)
(1820,670)
(1231,499)
(1877,1107)
(1947,1340)
(1236,789)
(1951,269)
(46,1931)
(278,693)
(903,1145)
(581,1264)
(1700,177)
(1559,810)
(437,537)
(277,1771)
(343,670)
(849,1899)
(1654,1699)
(110,1172)
(207,99)
(345,384)
(1551,1618)
(1314,1611)
(1557,390)
(593,1866)
(1174,378)
(1334,1743)
(912,1262)
(589,185)
(684,1136)
(776,103)
(201,1902)
(1574,27)
(598,1974)
(1867,1947)
(218,1350)
(1387,1451)
(1247,426)
(137,170)
(110,254)
(59,1854)
(1565,1221)
(1063,298)
(26,1184)
(1381,1738)
(756,1737)
(1961,1012)
(1259,132)
(21,1098)
(850,1413)
(772,1464)
(1227,1030)
(1408,1771)
(1877,750)
(1091,1094)
(130,864)
(1083,788)
(1171,29)
(1497,295)
(779,296)
(118,1895)
(24,211)
(1949,986)
(1223,1109)
(438,1098)
(278,1578)
(1561,939)
(1333,1856)
(1962,774)
(442,174)
(195,426)
(906,1542)
(1472,1064)
(1700,1179)
(1465,1509)
(832,341)
(1656,747)
(1079,734)
(848,789)
(1088,550)
(1720,301)
(1809,332)
(213,943)
(680,778)
(1660,973)
(509,1103)
(1399,387)
(1643,579)
(1713,140)
(1098,266)
(1467,496)
(920,974)
(500,1183)
(682,869)
(1483,1224)
(126,1776)
(771,1104)
(1868,301)
(203,858)
(1957,1630)
(1255,1541)
(35,371)
(1810,1771)
(1323,1060)
(115,1698)
(1167,270)
(24,1790)
(921,1902)
(1486,1624)
(1166,418)
(458,374)
(695,149)
(1620,707)
(760,1983)
(695,341)
(854,1065)
(1898,221)
(1542,299)
(1622,859)
(133,655)
(117,698)
(132,1380)
(341,428)
(820,1093)
(287,987)
(1164,1863)
(1418,1251)
(52,56)
(1326,698)
(678,1695)
(982,978)
(1325,1095)
(44,1615)
(276,772)
(1885,1535)
(348,1577)
(1966,136)
(38,1022)
(372,1828)
(1163,570)
(918,899)
(265,299)
(1412,1626)
(741,701)
(1230,1710)
(904,18)
(1095,1464)
(30,579)
(1810,908)
(610,499)
(1806,1296)
(740,1702)
(527,370)
(1574,1660)
(610,1630)
(1797,1190)
(748,898)
(371,1346)
(296,1627)
(349,174)
(114,1027)
(450,1693)
(1062,28)
(423,788)
(1178,1218)
(1500,148)
(1304,1300)
(1642,1736)
(1782,265)
(855,698)
(1976,503)
(1546,1298)
(1419,1500)
(1887,1218)
(1712,623)
(1309,17)
(1886,650)
(1145,91)
(502,1615)
(1011,1865)
(1413,896)
(424,1812)
(932,1858)
(930,1109)
(538,146)
(1301,859)
(754,738)
(1654,1549)
(276,1181)
(1496,820)
(915,932)
(916,1421)
(429,1346)
(982,67)
(460,493)
(1817,385)
(1490,1828)
(1066,58)
(1407,181)
(193,789)
(1941,818)
(1566,1066)
(1494,1539)
(675,1310)
(1070,1821)
(1977,1267)
(52,1732)
(594,1220)
(1231,211)
(1066,1010)
(857,1818)
(1302,1538)
(1809,1099)
(1789,177)
(1235,820)
(540,624)
(1735,12)
(1228,334)
(126,630)
(820,1143)
(1893,1575)
(1795,1410)
(1407,1340)
(449,1983)
(1091,653)
(1740,1976)
(1315,426)
(774,1583)
(520,1508)
(1259,1305)
(1543,1817)
(778,1630)
(429,627)
(1704,1548)
(209,1578)
(187,745)
(1088,1665)
(1980,12)
(1338,452)
(358,215)
(1009,827)
(990,1508)
(582,657)
(203,899)
(661,1184)
(859,187)
(1481,621)
(286,1820)
(1097,624)
(760,976)
(1180,1666)
(1806,1059)
(1494,1102)
(213,18)
(1789,1734)
(342,621)
(757,864)
(34,826)
(775,777)
(371,1290)
(1385,626)
(1735,1784)
(272,1347)
(613,826)
(1725,1092)
(521,941)
(1945,1510)
(1890,1744)
(135,386)
(209,138)
(1083,1852)
(272,370)
(183,1220)
(1231,14)
(1464,666)
(668,1666)
(992,213)
(1070,1507)
(1721,1942)
(611,572)
(1469,262)
(367,985)
(591,1135)
(939,736)
(120,1503)
(1068,1734)
(1088,1132)
(585,1418)
(1724,1415)
(1319,1335)
(742,50)
(1703,656)
(1419,816)
(746,1177)
(597,1176)
(773,213)
(1309,659)
(281,1705)
(1949,90)
(1734,1267)
(1318,1451)
(587,371)
(41,1540)
(1489,100)
(690,1570)
(1952,1418)
(207,826)
(1320,265)
(1175,1732)
(1564,1467)
(528,1893)
(265,1733)
(680,1337)
(285,1018)
(1013,1414)
(59,1136)
(1075,829)
(518,1212)
(450,1851)
(1739,977)
(1318,1254)
(1402,1172)
(1401,537)
(186,549)
(686,390)
(516,550)
(121,17)
(928,690)
(106,413)
(285,1537)
(200,1291)
(993,941)
(1467,29)
(1700,1060)
(1250,742)
(619,1385)
(916,255)
(1304,388)
(1387,230)
(1708,1707)
(934,1590)
(1477,213)
(1554,1933)
(1083,937)
(857,1175)
(209,510)
(270,1376)
(377,1137)
(1962,1217)
(292,1261)
(618,1909)
(186,590)
(696,1015)
(188,269)
(1723,1023)
(1886,1386)
(1980,186)
(540,1489)
(x-1357.954)^2 +(y-1643.803)^2 = 900
(x-548.984)^2 +(y-1528.581)^2 = 900
(x-1925.334)^2 +(y-760.34)^2 = 900
(x-320.037)^2 +(y-676.445)^2 = 900
(x-1593.787)^2 +(y-1119.29)^2 = 900
(x-1841.111)^2 +(y-525.777)^2 = 900
(x-1672.735)^2 +(y-1915)^2 = 900
(x-1193.222)^2 +(y-1159.963)^2 = 900
(x-160.071)^2 +(y-835.04)^2 = 900
(x-148.969)^2 +(y-399.911)^2 = 900
(x-1061.9)^2 +(y-1635.233)^2 = 900
(x-1664.648)^2 +(y-535.526)^2 = 900
(x-964.331)^2 +(y-499.876)^2 = 900
(x-1186.66)^2 +(y-1701.512)^2 = 900
(x-1915.843)^2 +(y-111.006)^2 = 900
(x-1840.562)^2 +(y-1719.367)^2 = 900
(x-1285.536)^2 +(y-1820.274)^2 = 900
(x-717.453)^2 +(y-1294.963)^2 = 900
(x-1440.1)^2 +(y-1388.458)^2 = 900
(x-966)^2 +(y-837.074)^2 = 900
(x-1768.273)^2 +(y-877.929)^2 = 900
(x-1022.565)^2 +(y-1759.106)^2 = 900
(x-952.694)^2 +(y-99.541)^2 = 900
(x-355.909)^2 +(y-1085.99)^2 = 900
(x-707.354)^2 +(y-652.122)^2 = 900
(x-479.903)^2 +(y-1134.412)^2 = 900
(x-454.001)^2 +(y-1743.297)^2 = 900
(x-1441.644)^2 +(y-1817.279)^2 = 900
(x-848.627)^2 +(y-1647.545)^2 = 900
(x-1951.344)^2 +(y-1872.001)^2 = 900
(x-1290.751)^2 +(y-1340.461)^2 = 900
(x-580.786)^2 +(y-1294.936)^2 = 900
(x-1768.648)^2 +(y-1405.867)^2 = 900
(x-826.209)^2 +(y-1107.272)^2 = 900
(x-404.305)^2 +(y-241.487)^2 = 900
(x-575.274)^2 +(y-542.548)^2 = 900
(x-728.589)^2 +(y-1490.989)^2 = 900
(x-1443.971)^2 +(y-549.088)^2 = 900
(x-1045.957)^2 +(y-1363.524)^2 = 900
(x-237.641)^2 +(y-1202.833)^2 = 900
(x-1607.334)^2 +(y-68.571)^2 = 900
(x-1699.053)^2 +(y-157.158)^2 = 900
(x-1545.754)^2 +(y-352.532)^2 = 900
(x-1038.285)^2 +(y-957.215)^2 = 900
(x-909.416)^2 +(y-1404.941)^2 = 900
(x-782.648)^2 +(y-73.474)^2 = 900
(x-316.022)^2 +(y-1622.385)^2 = 900
(x-1685.763)^2 +(y-1682.727)^2 = 900
(x-1821.747)^2 +(y-305.218)^2 = 900
(x-161.73)^2 +(y-1577.961)^2 = 900
(x-408.126)^2 +(y-1472.134)^2 = 900
(x-179.584)^2 +(y-1791.09)^2 = 900
(x-1195.104)^2 +(y-799.468)^2 = 900
(x-1124.088)^2 +(y-649.066)^2 = 900
(x-646.377)^2 +(y-1799.859)^2 = 900
(x-1916.827)^2 +(y-1373.978)^2 = 900
(x-479.5)^2 +(y-914.206)^2 = 900
(x-745.481)^2 +(y-326.681)^2 = 900
(x-315.274)^2 +(y-1748.289)^2 = 900
(x-155.422)^2 +(y-1461.095)^2 = 900
(x-1909.566)^2 +(y-1010.811)^2 = 900
(x-1439.02)^2 +(y-1087.171)^2 = 900
(x-1519.496)^2 +(y-1586.349)^2 = 900
(x-317.5)^2 +(y-115.799)^2 = 900
(x-805.14)^2 +(y-525.876)^2 = 900
(x-1330.756)^2 +(y-754.026)^2 = 900
(x-1925.455)^2 +(y-890.627)^2 = 900
(x-965)^2 +(y-346.876)^2 = 900
(x-321.947)^2 +(y-863.473)^2 = 900
(x-480.161)^2 +(y-1010.383)^2 = 900
(x-1207.618)^2 +(y-244.734)^2 = 900
(x-76.918)^2 +(y-1883.325)^2 = 900
(x-1431.066)^2 +(y-1217.912)^2 = 900
(x-645.948)^2 +(y-1924.813)^2 = 900
(x-1656.348)^2 +(y-1513.452)^2 = 900
(x-1116.073)^2 +(y-538.945)^2 = 900
(x-1285.178)^2 +(y-1927.134)^2 = 900
(x-1909.009)^2 +(y-418.989)^2 = 900
(x-1362.622)^2 +(y-149.254)^2 = 900
(x-1541.27)^2 +(y-844.5)^2 = 900
(x-168.837)^2 +(y-1047.133)^2 = 900
(x-541.875)^2 +(y-168.374)^2 = 900
(x-629.3)^2 +(y-1139.467)^2 = 900
(x-1143.921)^2 +(y-121.964)^2 = 900
(x-1924.99)^2 +(y-1505.103)^2 = 900
(x-954.86)^2 +(y-1142.881)^2 = 900
(x-1380.813)^2 +(y-940.745)^2 = 900
(x-166.992)^2 +(y-1341.006)^2 = 900
(x-167.5)^2 +(y-605.911)^2 = 900
(x-897.069)^2 +(y-1830.179)^2 = 900
(x-730.75)^2 +(y-872.521)^2 = 900
(x-1680.293)^2 +(y-308.705)^2 = 900
(x-483.799)^2 +(y-1900.574)^2 = 900
(x-389.085)^2 +(y-1346.114)^2 = 900
(x-74.941)^2 +(y-1217.922)^2 = 900
(x-1527.079)^2 +(y-200.974)^2 = 900
(x-1846.933)^2 +(y-1207.077)^2 = 900
(x-564.526)^2 +(y-315.641)^2 = 900
(x-883.241)^2 +(y-1925.484)^2 = 900
(x-886.486)^2 +(y-924.233)^2 = 900
(x-1588.02)^2 +(y-1382.825)^2 = 900
(x-227.398)^2 +(y-1906.25)^2 = 900
(x-1925.85)^2 +(y-1615.69)^2 = 900
(x-962.764)^2 +(y-667.318)^2 = 900
(x-692.115)^2 +(y-434.838)^2 = 900
(x-240.446)^2 +(y-258.696)^2 = 900
(x-562.803)^2 +(y-676.979)^2 = 900
(x-884.726)^2 +(y-232.361)^2 = 900
(x-726.866)^2 +(y-190.861)^2 = 900
(x-1120.059)^2 +(y-1935.209)^2 = 900
(x-1505.311)^2 +(y-651.524)^2 = 900
(x-1532.512)^2 +(y-987.635)^2 = 900
(x-1190.956)^2 +(y-990.765)^2 = 900
(x-1211.312)^2 +(y-1572.097)^2 = 900
(x-426.617)^2 +(y-480.511)^2 = 900
(x-661.148)^2 +(y-1661.368)^2 = 900
(x-1686.474)^2 +(y-1271.785)^2 = 900
(x-479.811)^2 +(y-788.46)^2 = 900
(x-161.36)^2 +(y-120.565)^2 = 900
(x-1305.749)^2 +(y-438.188)^2 = 900
(x-723.637)^2 +(y-982.725)^2 = 900
(x-1669.53)^2 +(y-688.545)^2 = 900
(x-1277.493)^2 +(y-570.326)^2 = 900
(x-1709.05)^2 +(y-1007.556)^2 = 900
(x-1512.7)^2 +(y-1919.36)^2 = 900
(x-942.962)^2 +(y-1545.249)^2 = 900
(x-1120.96)^2 +(y-1827.347)^2 = 900
(x-533.771)^2 +(y-1429.324)^2 = 900
(x-1028.029)^2 +(y-1267.125)^2 = 900
(x-1449.845)^2 +(y-67)^2 = 900
(x-170.487)^2 +(y-939.098)^2 = 900
(x-553.5)^2 +(y-406.223)^2 = 900
(x-1123.369)^2 +(y-1493.48)^2 = 900
(x-1285.901)^2 +(y-1489.569)^2 = 900
(x-798.295)^2 +(y-778.472)^2 = 900
(x-1606.051)^2 +(y-1735.068)^2 = 900
(x-1212.019)^2 +(y-379.5)^2 = 900
(x-72.201)^2 +(y-733.041)^2 = 900
(x-82.028)^2 +(y-552.821)^2 = 900
(x-1921.967)^2 +(y-616.024)^2 = 900
(x-329.016)^2 +(y-369.209)^2 = 900
(x-1421.447)^2 +(y-1481.099)^2 = 900
(x-650.547)^2 +(y-84.64)^2 = 900
(x-889.558)^2 +(y-1284.03)^2 = 900
(x-67.152)^2 +(y-293.301)^2 = 900
(x-1357.13)^2 +(y-279.875)^2 = 900
(x-1764.261)^2 +(y-42.079)^2 = 900
(x-464.257)^2 +(y-1611.05)^2 = 900
(x-1406.9)^2 +(y-398.054)^2 = 900
(x-1767.13)^2 +(y-408.396)^2 = 900
(x-487.406)^2 +(y-53.221)^2 = 900
(x-1820.334)^2 +(y-1965.277)^2 = 900
(x-1277.058)^2 +(y-47.308)^2 = 900
(x-314.197)^2 +(y-551.654)^2 = 900
(x-1957.22)^2 +(y-230.646)^2 = 900
(x-1057.472)^2 +(y-281.231)^2 = 900
(x-82.442)^2 +(y-1704.582)^2 = 900
(x-636.006)^2 +(y-746.851)^2 = 900
(x-1224.912)^2 +(y-1275.31)^2 = 900
(x-1581.731)^2 +(y-427.5)^2 = 900
(x-726.555)^2 +(y-1755.298)^2 = 900
(x-1761.441)^2 +(y-1546.181)^2 = 900
(x-1340.243)^2 +(y-1081.15)^2 = 900
(x-253.22)^2 +(y-1356.168)^2 = 900
(x-411.959)^2 +(y-1263.78)^2 = 900
(x-1936.338)^2 +(y-1250.112)^2 = 900
(x-323.902)^2 +(y-1939.897)^2 = 900
(x-964.063)^2 +(y-1008.44)^2 = 900
(x-1849.216)^2 +(y-1090.378)^2 = 900
(x-335.31)^2 +(y-1505.15)^2 = 900
(x-1428.623)^2 +(y-761.377)^2 = 900
(x-719.197)^2 +(y-1398.075)^2 = 900
(x-1741.537)^2 +(y-1838.887)^2 = 900
(x-1111.668)^2 +(y-1087.661)^2 = 900
(x-725.22)^2 +(y-1617.936)^2 = 900
(x-1059.11)^2 +(y-418.703)^2 = 900
(x-589.282)^2 +(y-1006.363)^2 = 900
(x-49.488)^2 +(y-203.775)^2 = 900
(x-986.384)^2 +(y-1918.022)^2 = 900
(x-1918.672)^2 +(y-1744.503)^2 = 900
(x-334.939)^2 +(y-950.919)^2 = 900
(x-108.682)^2 +(y-50.717)^2 = 900
(x-1280.035)^2 +(y-690.059)^2 = 900
(x-1761.404)^2 +(y-730.562)^2 = 900
(x-25)^2 +(y-992)^2 = 900
(x-58.344)^2 +(y-1556.74)^2 = 900
(x-1809.742)^2 +(y-199.405)^2 = 900
(x-0.826)^2 +(y-1363.507)^2 = 900
(x-1592.271)^2 +(y-1274.444)^2 = 900
(x-1034.655)^2 +(y-852.839)^2 = 900
(x-886.75)^2 +(y-1513.944)^2 = 900
(x-111.42)^2 +(y-438.322)^2 = 900
(x-707.346)^2 +(y-581.889)^2 = 900
(x-1604.615)^2 +(y-777.978)^2 = 900
(x-801.497)^2 +(y-385.832)^2 = 900
(x-855.808)^2 +(y-1706.467)^2 = 900
(x-1597.19)^2 +(y-540.252)^2 = 900
(x-1702.477)^2 +(y-1119.855)^2 = 900
(x-316.861)^2 +(y-1851.658)^2 = 900
(x-324.623)^2 +(y-787.715)^2 = 900
(x-644.694)^2 +(y-844.265)^2 = 900
(x-400.196)^2 +(y-185.593)^2 = 900
(x-1526.135)^2 +(y-1651.158)^2 = 900
(x-1268.226)^2 +(y-167.931)^2 = 900
(x-1760.27)^2 +(y-1320.666)^2 = 900
(x-1785.853)^2 +(y-954.197)^2 = 900
(x-1040.854)^2 +(y-69.054)^2 = 900
(x-1367.006)^2 +(y-1219.383)^2 = 900
(x-1437.713)^2 +(y-1924.674)^2 = 900
(x-1181.249)^2 +(y-1368.539)^2 = 900
(x-726.911)^2 +(y-1224.247)^2 = 900
(x-1608.991)^2 +(y-902.989)^2 = 900
(x-1038.418)^2 +(y-778.194)^2 = 900
(x-479.975)^2 +(y-650.262)^2 = 900
(x-1275.088)^2 +(y-905.246)^2 = 900
(x-873.252)^2 +(y-1219.505)^2 = 900
(x-803.359)^2 +(y-1900.526)^2 = 900
(x-438.827)^2 +(y-329.441)^2 = 900
(x-64.661)^2 +(y-1138.116)^2 = 900
(x-877.78)^2 +(y-649.959)^2 = 900
(x-1921.761)^2 +(y-1154.345)^2 = 900
(x-57.163)^2 +(y-881.349)^2 = 900
(x-1039.929)^2 +(y-181.918)^2 = 900
(x-1762.848)^2 +(y-651.734)^2 = 900
(x-976.142)^2 +(y-552.815)^2 = 900
(x-1458.55)^2 +(y-1273.165)^2 = 900
(x-1350.483)^2 +(y-1768.664)^2 = 900
(x-1523.914)^2 +(y-1497.638)^2 = 900
(x-465.243)^2 +(y-1777.968)^2 = 900
(x-231.728)^2 +(y-144.804)^2 = 900
(x-161.57)^2 +(y-738.168)^2 = 900
(x-1601.222)^2 +(y-185.403)^2 = 900
(x-87.769)^2 +(y-1935.927)^2 = 900
(x-1174.217)^2 +(y-515.839)^2 = 900
(x-320.041)^2 +(y-1215.22)^2 = 900
(x-1504.613)^2 +(y-252.072)^2 = 900
(x-1273.062)^2 +(y-1424.715)^2 = 900
(x-237.912)^2 +(y-50.972)^2 = 900
(x-228.133)^2 +(y-1699.821)^2 = 900
(x-1439.878)^2 +(y-645.388)^2 = 900
(x-1450.287)^2 +(y-848.993)^2 = 900
(x-545.332)^2 +(y-1205.08)^2 = 900
(x-491.386)^2 +(y-1940.534)^2 = 900
(x-73.236)^2 +(y-660.317)^2 = 900
(x-979.089)^2 +(y-1453.584)^2 = 900
(x-646.95)^2 +(y-258.473)^2 = 900
(x-1589.728)^2 +(y-1849.791)^2 = 900
(x-1918.534)^2 +(y-494.614)^2 = 900
(x-613.327)^2 +(y-1922.452)^2 = 900
(x-223.297)^2 +(y-473.958)^2 = 900
(x-79.562)^2 +(y-1797.633)^2 = 900
(x-1934.238)^2 +(y-50.805)^2 = 900
(x-1907.647)^2 +(y-795.141)^2 = 900
(x-1353.835)^2 +(y-1637.383)^2 = 900
(x-1601.786)^2 +(y-1114.16)^2 = 900
(x-495.593)^2 +(y-1498.196)^2 = 900
(x-966)^2 +(y-728.926)^2 = 900
(x-1836.417)^2 +(y-1770.764)^2 = 900
(x-486)^2 +(y-535)^2 = 900
(x-243.546)^2 +(y-1090.909)^2 = 900
(x-1506.186)^2 +(y-390.707)^2 = 900
(x-945.257)^2 +(y-436.44)^2 = 900
(x-801.931)^2 +(y-161.488)^2 = 900
(x-1605.696)^2 +(y-1944.117)^2 = 900
(x-1674.5)^2 +(y-630.066)^2 = 900
(x-1193.473)^2 +(y-1105.642)^2 = 900
(x-332.21)^2 +(y-1055.029)^2 = 900
(x-1907.89)^2 +(y-1948.147)^2 = 900
(x-569.256)^2 +(y-1360.616)^2 = 900
(x-818.106)^2 +(y-290.264)^2 = 900
(x-889.907)^2 +(y-900.667)^2 = 900
(x-476.104)^2 +(y-217.531)^2 = 900
(x-150.267)^2 +(y-291.35)^2 = 900
(x-1378.779)^2 +(y-1072.834)^2 = 900
(x-888.653)^2 +(y-1025.16)^2 = 900
(x-1763)^2 +(y-1959.437)^2 = 900
(x-1625.314)^2 +(y-1686.955)^2 = 900
(x-1280.935)^2 +(y-305.786)^2 = 900
(x-1180.044)^2 +(y-960.472)^2 = 900
(x-1919.941)^2 +(y-328.452)^2 = 900
(x-1113.582)^2 +(y-46.412)^2 = 900
(x-1760.379)^2 +(y-1656.265)^2 = 900
(x-641.442)^2 +(y-1078.645)^2 = 900
(x-872.352)^2 +(y-65.526)^2 = 900
(x-1428.921)^2 +(y-1762.941)^2 = 900
(x-79.216)^2 +(y-1490.935)^2 = 900
(x-75.936)^2 +(y-396.557)^2 = 900
(x-405.992)^2 +(y-61.994)^2 = 900
(x-608.327)^2 +(y-73.548)^2 = 900
(x-146.983)^2 +(y-1942.294)^2 = 900
(x-727.168)^2 +(y-1938.57)^2 = 900
(x-1038.126)^2 +(y-1235.645)^2 = 900
(x-72.311)^2 +(y-112.099)^2 = 900
(x-1354.37)^2 +(y-1703.696)^2 = 900
(x-1350.787)^2 +(y-1763.589)^2 = 900
(x-496.837)^2 +(y-1498.904)^2 = 900
(x-322.508)^2 +(y-736.394)^2 = 900
(x-1896.772)^2 +(y-503.373)^2 = 900
(x-1881.149)^2 +(y-570.465)^2 = 900
(x-1921.186)^2 +(y-615.153)^2 = 900
(x-1617.702)^2 +(y-1938.903)^2 = 900
(x-1726.566)^2 +(y-1941.5)^2 = 900
(x-1712.97)^2 +(y-1870.49)^2 = 900
(x-1209.117)^2 +(y-1217.819)^2 = 900
(x-160.999)^2 +(y-775.047)^2 = 900
(x-166.047)^2 +(y-894.742)^2 = 900
(x-105.355)^2 +(y-859.662)^2 = 900
(x-191.475)^2 +(y-442.257)^2 = 900
(x-1043.741)^2 +(y-1692.419)^2 = 900
(x-1025.582)^2 +(y-1749.605)^2 = 900
(x-1604.795)^2 +(y-539.719)^2 = 900
(x-1670.867)^2 +(y-595.203)^2 = 900
(x-947.054)^2 +(y-442.417)^2 = 900
(x-1197.887)^2 +(y-1642.572)^2 = 900
(x-1209.115)^2 +(y-1583.632)^2 = 900
(x-1933.376)^2 +(y-53.625)^2 = 900
(x-1935.454)^2 +(y-167.711)^2 = 900
(x-1955.065)^2 +(y-224.415)^2 = 900
(x-1897.677)^2 +(y-1737.747)^2 = 900
(x-1793.412)^2 +(y-1682.261)^2 = 900
(x-1332.51)^2 +(y-1782.946)^2 = 900
(x-1285.335)^2 +(y-1880.274)^2 = 900
(x-725.407)^2 +(y-1235.492)^2 = 900
(x-718.468)^2 +(y-1354.954)^2 = 900
(x-1428.257)^2 +(y-1447.278)^2 = 900
(x-1449.581)^2 +(y-1329.212)^2 = 900
(x-1024.478)^2 +(y-850.502)^2 = 900
(x-919.961)^2 +(y-875.55)^2 = 900
(x-1781.75)^2 +(y-936.396)^2 = 900
(x-1071.868)^2 +(y-1793.3)^2 = 900
(x-897.442)^2 +(y-76.148)^2 = 900
(x-1009.399)^2 +(y-79.932)^2 = 900
(x-707.347)^2 +(y-592.122)^2 = 900
(x-671.257)^2 +(y-700.049)^2 = 900
(x-520.666)^2 +(y-1178.439)^2 = 900
(x-1439.449)^2 +(y-1877.239)^2 = 900
(x-790.283)^2 +(y-1633.547)^2 = 900
(x-731.939)^2 +(y-1619.548)^2 = 900
(x-1921.605)^2 +(y-1924.113)^2 = 900
(x-1278.423)^2 +(y-1399.181)^2 = 900
(x-1248.103)^2 +(y-1298.258)^2 = 900
(x-570.411)^2 +(y-1354.032)^2 = 900
(x-558.764)^2 +(y-1239.124)^2 = 900
(x-1762.776)^2 +(y-1346.155)^2 = 900
(x-862.528)^2 +(y-1059.513)^2 = 900
(x-849.403)^2 +(y-1162.608)^2 = 900
(x-872.597)^2 +(y-1217.943)^2 = 900
(x-461.221)^2 +(y-222.497)^2 = 900
(x-426.227)^2 +(y-297.339)^2 = 900
(x-515.487)^2 +(y-537.493)^2 = 900
(x-722.555)^2 +(y-1431.293)^2 = 900
(x-726.997)^2 +(y-1550.968)^2 = 900
(x-725.406)^2 +(y-1610.947)^2 = 900
(x-1441.423)^2 +(y-609.034)^2 = 900
(x-1034.987)^2 +(y-1304.535)^2 = 900
(x-1010.189)^2 +(y-1411.697)^2 = 900
(x-296.974)^2 +(y-1211.752)^2 = 900
(x-240.802)^2 +(y-1142.916)^2 = 900
(x-1604.2)^2 +(y-128.49)^2 = 900
(x-1641.407)^2 +(y-173.801)^2 = 900
(x-1755.108)^2 +(y-178.553)^2 = 900
(x-1728.632)^2 +(y-104.956)^2 = 900
(x-1758.212)^2 +(y-52.755)^2 = 900
(x-1571.713)^2 +(y-406.626)^2 = 900
(x-1523.015)^2 +(y-297.008)^2 = 900
(x-988.904)^2 +(y-991.296)^2 = 900
(x-958.613)^2 +(y-1439.288)^2 = 900
(x-899.692)^2 +(y-1345.734)^2 = 900
(x-889.968)^2 +(y-1286.527)^2 = 900
(x-842.414)^2 +(y-68.179)^2 = 900
(x-795.489)^2 +(y-132.084)^2 = 900
(x-271.003)^2 +(y-1662.05)^2 = 900
(x-325.762)^2 +(y-1563.181)^2 = 900
(x-1625.909)^2 +(y-1686.914)^2 = 900
(x-1742.312)^2 +(y-1662.672)^2 = 900
(x-1880.135)^2 +(y-319.034)^2 = 900
(x-1814.983)^2 +(y-245.601)^2 = 900
(x-1793.676)^2 +(y-358.247)^2 = 900
(x-102.955)^2 +(y-1565.897)^2 = 900
(x-353.481)^2 +(y-1496.911)^2 = 900
(x-465.628)^2 +(y-1489.268)^2 = 900
(x-399.162)^2 +(y-1412.808)^2 = 900
(x-390.198)^2 +(y-1353.481)^2 = 900
(x-119.712)^2 +(y-1795.007)^2 = 900
(x-207.762)^2 +(y-1738.118)^2 = 900
(x-1231.292)^2 +(y-847.327)^2 = 900
(x-1267.481)^2 +(y-895.185)^2 = 900
(x-1119.733)^2 +(y-589.224)^2 = 900
(x-698.822)^2 +(y-1770.711)^2 = 900
(x-646.171)^2 +(y-1859.859)^2 = 900
(x-645.965)^2 +(y-1919.859)^2 = 900
(x-1926.163)^2 +(y-1314.709)^2 = 900
(x-1935.499)^2 +(y-1255.44)^2 = 900
(x-1920.555)^2 +(y-1433.862)^2 = 900
(x-1924.283)^2 +(y-1493.746)^2 = 900
(x-479.913)^2 +(y-974.205)^2 = 900
(x-479.648)^2 +(y-854.207)^2 = 900
(x-479.797)^2 +(y-794.207)^2 = 900
(x-799.116)^2 +(y-299.786)^2 = 900
(x-786.737)^2 +(y-370.247)^2 = 900
(x-262.839)^2 +(y-1719.124)^2 = 900
(x-99.552)^2 +(y-1482.972)^2 = 900
(x-161.176)^2 +(y-1401.371)^2 = 900
(x-166.93)^2 +(y-1341.648)^2 = 900
(x-1873.307)^2 +(y-1058.616)^2 = 900
(x-1917.43)^2 +(y-951.329)^2 = 900
(x-1925.293)^2 +(y-891.846)^2 = 900
(x-1855.008)^2 +(y-985.844)^2 = 900
(x-1800.449)^2 +(y-960.876)^2 = 900
(x-1380.65)^2 +(y-1073.279)^2 = 900
(x-1435.376)^2 +(y-1147.06)^2 = 900
(x-1431.733)^2 +(y-1206.95)^2 = 900
(x-1525.611)^2 +(y-1646.037)^2 = 900
(x-1522.481)^2 +(y-1526.423)^2 = 900
(x-260.662)^2 +(y-135.02)^2 = 900
(x-368.767)^2 +(y-84.627)^2 = 900
(x-363.352)^2 +(y-154.497)^2 = 900
(x-753.075)^2 +(y-555.697)^2 = 900
(x-1293.477)^2 +(y-707.012)^2 = 900
(x-1390.587)^2 +(y-758.52)^2 = 900
(x-1914.454)^2 +(y-831.644)^2 = 900
(x-952.084)^2 +(y-405.469)^2 = 900
(x-1013.926)^2 +(y-312.144)^2 = 900
(x-324.065)^2 +(y-803.511)^2 = 900
(x-330.765)^2 +(y-922.822)^2 = 900
(x-540.121)^2 +(y-1008.174)^2 = 900
(x-1253.726)^2 +(y-283.128)^2 = 900
(x-1244.787)^2 +(y-197.634)^2 = 900
(x-78.769)^2 +(y-1823.354)^2 = 900
(x-1457.788)^2 +(y-1271.633)^2 = 900
(x-1371.082)^2 +(y-1219.289)^2 = 900
(x-705.105)^2 +(y-1934.833)^2 = 900
(x-1713.634)^2 +(y-1531.292)^2 = 900
(x-1171.832)^2 +(y-516.787)^2 = 900
(x-1916.506)^2 +(y-478.518)^2 = 900
(x-1916.201)^2 +(y-359.421)^2 = 900
(x-1303.763)^2 +(y-160.899)^2 = 900
(x-1406.274)^2 +(y-108.089)^2 = 900
(x-1586.679)^2 +(y-883.718)^2 = 900
(x-1481.343)^2 +(y-847.459)^2 = 900
(x-1582.646)^2 +(y-801.049)^2 = 900
(x-220.604)^2 +(y-1077.466)^2 = 900
(x-169.753)^2 +(y-987.14)^2 = 900
(x-123.646)^2 +(y-1086.602)^2 = 900
(x-78.454)^2 +(y-1126.07)^2 = 900
(x-493.816)^2 +(y-204.294)^2 = 900
(x-576.309)^2 +(y-119.238)^2 = 900
(x-641.046)^2 +(y-1080.628)^2 = 900
(x-582.022)^2 +(y-1176.41)^2 = 900
(x-674.599)^2 +(y-1178.811)^2 = 900
(x-719.898)^2 +(y-1218.156)^2 = 900
(x-1121.563)^2 +(y-66.285)^2 = 900
(x-1200.197)^2 +(y-142.774)^2 = 900
(x-1256.472)^2 +(y-163.584)^2 = 900
(x-1925.457)^2 +(y-1565.101)^2 = 900
(x-911.119)^2 +(y-1183.95)^2 = 900
(x-1323.934)^2 +(y-921.646)^2 = 900
(x-1417.033)^2 +(y-892.91)^2 = 900
(x-1379.889)^2 +(y-1000.738)^2 = 900
(x-1378.966)^2 +(y-1060.73)^2 = 900
(x-226.085)^2 +(y-1351.397)^2 = 900
(x-116.532)^2 +(y-574.252)^2 = 900
(x-888.453)^2 +(y-1889.558)^2 = 900
(x-673.744)^2 +(y-853.804)^2 = 900
(x-726.885)^2 +(y-932.397)^2 = 900
(x-765.75)^2 +(y-823.787)^2 = 900
(x-1719.702)^2 +(y-353.947)^2 = 900
(x-1759.112)^2 +(y-399.19)^2 = 900
(x-474.82)^2 +(y-1841.25)^2 = 900
(x-465.842)^2 +(y-1781.926)^2 = 900
(x-405.146)^2 +(y-1288.303)^2 = 900
(x-329.249)^2 +(y-1350.542)^2 = 900
(x-269.412)^2 +(y-1354.97)^2 = 900
(x-67.276)^2 +(y-1158.414)^2 = 900
(x-1585.798)^2 +(y-188.642)^2 = 900
(x-1895.978)^2 +(y-1172.515)^2 = 900
(x-557.276)^2 +(y-375.201)^2 = 900
(x-613.828)^2 +(y-281.446)^2 = 900
(x-504.884)^2 +(y-322.189)^2 = 900
(x-445.243)^2 +(y-328.736)^2 = 900
(x-825.971)^2 +(y-1907.591)^2 = 900
(x-943.084)^2 +(y-1921.154)^2 = 900
(x-887.774)^2 +(y-984.219)^2 = 900
(x-1590.371)^2 +(y-1322.871)^2 = 900
(x-1558.769)^2 +(y-1435.212)^2 = 900
(x-1529.519)^2 +(y-1487.599)^2 = 900
(x-172.646)^2 +(y-1930.791)^2 = 900
(x-284.053)^2 +(y-1926.003)^2 = 900
(x-1922.512)^2 +(y-1675.597)^2 = 900
(x-1919.173)^2 +(y-1735.504)^2 = 900
(x-965.911)^2 +(y-727.235)^2 = 900
(x-903.978)^2 +(y-655.311)^2 = 900
(x-969.727)^2 +(y-607.723)^2 = 900
(x-746.871)^2 +(y-410.306)^2 = 900
(x-184.031)^2 +(y-279.124)^2 = 900
(x-505.7)^2 +(y-658.56)^2 = 900
(x-606.205)^2 +(y-718.407)^2 = 900
(x-839.441)^2 +(y-271.721)^2 = 900
(x-839.145)^2 +(y-193.343)^2 = 900
(x-782.74)^2 +(y-168.997)^2 = 900
(x-681.06)^2 +(y-229.615)^2 = 900
(x-1120.56)^2 +(y-1875.211)^2 = 900
(x-1060.548)^2 +(y-1927.557)^2 = 900
(x-1001.038)^2 +(y-1919.906)^2 = 900
(x-1445.573)^2 +(y-645.922)^2 = 900
(x-1572.736)^2 +(y-943.115)^2 = 900
(x-1192.271)^2 +(y-1050.751)^2 = 900
(x-1251.544)^2 +(y-1527.584)^2 = 900
(x-1166.58)^2 +(y-1532.109)^2 = 900
(x-470.826)^2 +(y-521.077)^2 = 900
(x-710.813)^2 +(y-1627.702)^2 = 900
(x-695.434)^2 +(y-1710.606)^2 = 900
(x-1736.495)^2 +(y-1304.919)^2 = 900
(x-1626.498)^2 +(y-1273.478)^2 = 900
(x-218.089)^2 +(y-140.106)^2 = 900
(x-125.232)^2 +(y-72.661)^2 = 900
(x-1361.519)^2 +(y-416.06)^2 = 900
(x-1254.895)^2 +(y-406.347)^2 = 900
(x-684.595)^2 +(y-1028.286)^2 = 900
(x-645.554)^2 +(y-1073.846)^2 = 900
(x-1634.285)^2 +(y-737.102)^2 = 900
(x-1224.426)^2 +(y-542.328)^2 = 900
(x-1278.766)^2 +(y-630.313)^2 = 900
(x-1758.325)^2 +(y-973.322)^2 = 900
(x-1705.544)^2 +(y-1067.453)^2 = 900
(x-1452.85)^2 +(y-1923.601)^2 = 900
(x-1570.681)^2 +(y-1934.795)^2 = 900
(x-890.543)^2 +(y-1516.056)^2 = 900
(x-964.962)^2 +(y-1489.427)^2 = 900
(x-561.303)^2 +(y-1376.014)^2 = 900
(x-504.681)^2 +(y-1481.801)^2 = 900
(x-1274.25)^2 +(y-1430.711)^2 = 900
(x-1597.599)^2 +(y-1794.47)^2 = 900
(x-1252.995)^2 +(y-335.671)^2 = 900
(x-73.055)^2 +(y-673.047)^2 = 900
(x-132.103)^2 +(y-736.478)^2 = 900
(x-77.137)^2 +(y-612.621)^2 = 900
(x-96.947)^2 +(y-494.705)^2 = 900
(x-385.431)^2 +(y-348.778)^2 = 900
(x-1480.681)^2 +(y-1490.66)^2 = 900
(x-874.858)^2 +(y-1225.858)^2 = 900
(x-127.135)^2 +(y-291.893)^2 = 900
(x-55.537)^2 +(y-234.435)^2 = 900
(x-72.238)^2 +(y-353.085)^2 = 900
(x-1300.324)^2 +(y-299.192)^2 = 900
(x-480.309)^2 +(y-1553.237)^2 = 900
(x-1466.736)^2 +(y-393.627)^2 = 900
(x-427.751)^2 +(y-59.649)^2 = 900
(x-1879.218)^2 +(y-1953.757)^2 = 900
(x-1272.677)^2 +(y-107.148)^2 = 900
(x-1268.295)^2 +(y-166.988)^2 = 900
(x-268.588)^2 +(y-512.67)^2 = 900
(x-1935.85)^2 +(y-286.712)^2 = 900
(x-1047.035)^2 +(y-222.146)^2 = 900
(x-80.586)^2 +(y-1764.554)^2 = 900
(x-641.336)^2 +(y-806.614)^2 = 900
(x-1199.464)^2 +(y-1329.646)^2 = 900
(x-1589.881)^2 +(y-486.944)^2 = 900
(x-1760.862)^2 +(y-1606.178)^2 = 900
(x-358.907)^2 +(y-1235.753)^2 = 900
(x-1927.309)^2 +(y-1190.795)^2 = 900
(x-319.13)^2 +(y-1880.088)^2 = 900
(x-905.486)^2 +(y-1021.428)^2 = 900
(x-1894.219)^2 +(y-1130.06)^2 = 900
(x-1443.025)^2 +(y-819.623)^2 = 900
(x-1434.418)^2 +(y-701.658)^2 = 900
(x-1170.27)^2 +(y-1100.541)^2 = 900
(x-999.825)^2 +(y-427.939)^2 = 900
(x-624.392)^2 +(y-1055.018)^2 = 900
(x-63.982)^2 +(y-145.553)^2 = 900
(x-333.367)^2 +(y-1010.898)^2 = 900
(x-78.096)^2 +(y-102.335)^2 = 900
(x-1762.503)^2 +(y-670.572)^2 = 900
(x-41.747)^2 +(y-934.385)^2 = 900
(x-76.484)^2 +(y-1499.548)^2 = 900
(x-32.264)^2 +(y-1414.611)^2 = 900
(x-63.702)^2 +(y-1465.715)^2 = 900
(x-1037.676)^2 +(y-792.915)^2 = 900
(x-1642.572)^2 +(y-1116.466)^2 = 900
(x-1582.572)^2 +(y-1671.528)^2 = 900
(x-1098.142)^2 +(y-51.219)^2 = 900
(x-1040.363)^2 +(y-129.052)^2 = 900
(x-988.81)^2 +(y-744.445)^2 = 900
(x-483.107)^2 +(y-590.343)^2 = 900
(x-1223.21)^2 +(y-935.39)^2 = 900
(x-749.679)^2 +(y-1927.33)^2 = 900
(x-1704.575)^2 +(y-637.442)^2 = 900
(x-1410.324)^2 +(y-1764.298)^2 = 900
(x-235.674)^2 +(y-84.934)^2 = 900
(x-550.737)^2 +(y-1931.733)^2 = 900
(x-610.088)^2 +(y-1922.932)^2 = 900
(x-1599.743)^2 +(y-1908.95)^2 = 900
(x-299.164)^2 +(y-1068.402)^2 = 900
