(901,1223)
(1210,334)
(553,1030)
(965,1771)
(352,666)
(280,1764)
(425,132)
(364,1370)
(1695,1482)
(1009,1329)
(627,812)
(1402,1088)
(1406,1276)
(957,1866)
(1216,973)
(238,1877)
(446,781)
(1831,923)
(493,318)
(876,162)
(19,119)
(1435,277)
(902,76)
(1601,966)
(369,575)
(1337,1728)
(1623,179)
(1501,1735)
(365,1268)
(507,223)
(1944,1180)
(41,267)
(685,771)
(767,381)
(494,180)
(1469,67)
(288,1581)
(1281,1874)
(1211,1778)
(150,1182)
(1009,121)
(113,25)
(549,1866)
(314,1837)
(1413,313)
(566,979)
(1698,1280)
(511,1884)
(214,1586)
(422,1630)
(1753,1035)
(44,1134)
(110,1974)
(165,316)
(165,1134)
(1416,137)
(1420,467)
(20,387)
(49,1785)
(1607,934)
(1743,1413)
(1338,1980)
(1469,320)
(1369,1662)
(1680,1782)
(1159,1580)
(1408,1968)
(1732,1784)
(637,67)
(84,124)
(1939,422)
(1342,224)
(768,1728)
(366,334)
(219,923)
(905,1369)
(1429,1577)
(1475,668)
(1810,733)
(47,236)
(174,277)
(355,1226)
(491,387)
(813,1784)
(1369,82)
(21,636)
(1694,428)
(297,635)
(1091,972)
(1732,117)
(364,62)
(116,1925)
(1226,88)
(1816,680)
(1476,779)
(947,1069)
(1603,283)
(1604,1434)
(158,1815)
(1877,622)
(703,635)
(1347,564)
(215,281)
(483,1482)
(216,420)
(639,1563)
(1007,1434)
(1766,562)
(355,1619)
(1892,1236)
(177,1927)
(298,1085)
(439,1972)
(1674,1425)
(419,1674)
(93,317)
(1406,1629)
(295,723)
(1040,512)
(894,1015)
(445,86)
(1807,481)
(1798,1933)
(644,878)
(956,316)
(1346,1032)
(304,1886)
(833,85)
(1491,914)
(182,1478)
(1343,1765)
(1414,1488)
(1346,1819)
(1036,1632)
(162,570)
(552,1313)
(1412,983)
(1288,1713)
(1798,279)
(677,1078)
(899,1466)
(1568,1075)
(1617,837)
(1084,581)
(752,1223)
(958,576)
(1336,183)
(1932,1136)
(428,983)
(349,185)
(433,1429)
(1831,129)
(750,812)
(1942,476)
(629,1986)
(1030,867)
(298,875)
(1804,1974)
(1732,1533)
(818,420)
(1683,1080)
(1088,517)
(1894,1815)
(906,718)
(1144,270)
(1612,775)
(499,63)
(1761,670)
(230,83)
(1565,581)
(1487,1627)
(1758,1122)
(1607,566)
(560,269)
(1676,1124)
(764,1363)
(1273,669)
(570,1782)
(217,716)
(483,1817)
(950,1270)
(1157,1923)
(1881,234)
(1474,885)
(220,1473)
(1163,1337)
(893,1982)
(957,734)
(112,1383)
(372,1536)
(1545,267)
(1228,1725)
(1039,1665)
(441,1569)
(1218,1369)
(810,1737)
(907,1119)
(1490,1333)
(710,536)
(1297,1929)
(1542,925)
(150,121)
(98,629)
(639,1065)
(1552,1762)
(433,373)
(1224,383)
(1092,1219)
(1805,636)
(944,1986)
(1565,719)
(1218,865)
(1897,1929)
(313,484)
(491,976)
(492,512)
(826,1322)
(1810,1662)
(1155,833)
(1140,1771)
(239,1781)
(707,1375)
(419,1277)
(1494,288)
(1699,1325)
(1553,1270)
(841,1231)
(1142,972)
(1417,1385)
(1800,1084)
(104,715)
(896,385)
(1952,32)
(876,822)
(1084,1074)
(1484,179)
(151,819)
(629,1128)
(1010,572)
(770,1475)
(636,1438)
(699,37)
(1162,928)
(1277,1066)
(1290,931)
(898,513)
(702,923)
(1626,1682)
(240,1130)
(1890,1263)
(1095,1672)
(1027,1971)
(1020,737)
(1892,420)
(1551,1883)
(1626,1729)
(643,1473)
(828,768)
(756,612)
(1271,1487)
(1758,1214)
(1629,1820)
(954,1662)
(1864,785)
(1826,1633)
(1941,731)
(1292,336)
(691,1216)
(503,1029)
(1814,1527)
(501,1582)
(1679,1985)
(1888,1577)
(1355,1274)
(33,21)
(566,577)
(111,1333)
(1023,1526)
(1096,485)
(1611,531)
(1764,1830)
(1221,520)
(1732,85)
(745,579)
(245,638)
(100,832)
(1103,1817)
(637,1618)
(566,1414)
(1224,262)
(1743,1932)
(564,833)
(508,1927)
(812,581)
(1748,618)
(1429,1173)
(707,1727)
(637,24)
(1740,824)
(1683,1888)
(1083,77)
(1798,1725)
(1233,1471)
(1611,12)
(1818,776)
(886,219)
(1427,624)
(439,1765)
(1166,1980)
(374,1888)
(1023,788)
(572,1913)
(1217,771)
(159,1518)
(1828,1378)
(1357,1335)
(769,122)
(1668,613)
(642,630)
(1628,1485)
(1095,870)
(1281,1363)
(825,987)
(1825,1815)
(367,620)
(690,413)
(23,1181)
(227,1972)
(701,479)
(1545,1667)
(1743,866)
(566,37)
(1694,728)
(161,1080)
(1534,1331)
(1296,985)
(1153,1715)
(1875,1438)
(1735,330)
(1206,1075)
(1622,729)
(1734,1283)
(35,1481)
(497,884)
(1885,869)
(1815,372)
(373,762)
(1622,1363)
(1898,130)
(1427,929)
(365,1479)
(747,176)
(233,825)
(1567,532)
(1961,1383)
(908,1887)
(1673,835)
(1698,868)
(1865,1980)
(1340,726)
(1421,1815)
(1500,1535)
(90,1577)
(161,1763)
(438,1322)
(43,412)
(1232,472)
(817,1838)
(1748,174)
(833,176)
(1478,1275)
(1946,1685)
(1615,227)
(808,228)
(1276,135)
(1233,33)
(906,1832)
(546,1625)
(418,175)
(1017,38)
(1945,925)
(359,262)
(1145,62)
(1493,1128)
(821,1433)
(87,1814)
(558,887)
(953,1425)
(554,1172)
(368,1182)
(1603,478)
(955,184)
(1930,1585)
(215,786)
(480,1182)
(346,1986)
(158,474)
(1160,1625)
(1805,1114)
(1734,1488)
(900,968)
(1668,1678)
(837,1371)
(441,1722)
(50,885)
(1693,1533)
(1083,787)
(1743,478)
(294,80)
(1540,675)
(1876,1730)
(1953,785)
(1273,1625)
(967,535)
(25,1824)
(1872,927)
(696,1463)
(1353,1466)
(1160,1021)
(613,783)
(100,426)
(1628,1312)
(1864,1174)
(484,1766)
(1032,1825)
(1628,65)
(104,877)
(972,918)
(1033,1929)
(1168,385)
(1735,426)
(1154,321)
(421,435)
(1084,619)
(307,25)
(1541,233)
(958,974)
(1814,812)
(1280,1275)
(350,382)
(693,83)
(1809,229)
(18,1669)
(313,287)
(1089,1024)
(904,338)
(679,267)
(1486,1168)
(1294,283)
(1099,1530)
(169,1970)
(629,1316)
(1417,829)
(350,864)
(507,827)
(443,1383)
(89,1219)
(690,1037)
(612,972)
(308,1725)
(567,1480)
(1076,287)
(152,531)
(1435,434)
(1483,1977)
(361,1025)
(763,715)
(1898,35)
(301,113)
(1146,484)
(1956,1336)
(1478,429)
(310,525)
(103,1168)
(94,916)
(1105,132)
(1160,1520)
(1961,225)
(168,66)
(177,876)
(817,1571)
(420,824)
(301,928)
(1362,281)
(1607,1630)
(149,1214)
(1887,578)
(19,334)
(35,1021)
(1277,1118)
(1101,1969)
(415,872)
(1477,1879)
(616,272)
(1751,932)
(1950,1985)
(1634,1120)
(289,678)
(510,1670)
(620,563)
(1693,286)
(1026,464)
(946,375)
(1369,675)
(1213,114)
(1868,1766)
(1547,72)
(1476,137)
(903,614)
(905,1278)
(1212,1437)
(1208,586)
(98,1635)
(310,1163)
(610,1375)
(1025,612)
(825,1968)
(511,1082)
(163,1683)
(1027,1287)
(222,176)
(1344,976)
(751,1515)
(1140,1169)
(1681,531)
(813,812)
(1036,362)
(1081,1469)
(705,1585)
(1143,512)
(882,1317)
(224,1635)
(1086,412)
(437,1476)
(1898,1678)
(498,681)
(484,1127)
(480,1273)
(1739,1720)
(96,1079)
(289,366)
(838,888)
(433,485)
(1611,887)
(1007,169)
(1423,667)
(1831,579)
(1699,1925)
(217,1830)
(1821,1012)
(640,1185)
(1163,1079)
(346,1428)
(1677,1583)
(166,424)
(1078,35)
(693,568)
(833,374)
(1627,1264)
(874,1732)
(1029,1886)
(84,1874)
(1363,1134)
(425,225)
(559,314)
(1825,321)
(215,326)
(1218,1271)
(1558,185)
(747,675)
(496,624)
(887,1912)
(1866,162)
(679,1871)
(1744,1314)
(631,433)
(1301,1974)
(770,223)
(1078,1421)
(488,1362)
(1166,1264)
(1354,473)
(1436,1212)
(499,1638)
(1616,117)
(1018,985)
(1279,1678)
(1748,382)
(280,436)
(101,582)
(1628,334)
(552,221)
(1894,86)
(314,1982)
(752,1772)
(891,1071)
(1280,227)
(1209,1029)
(36,930)
(433,585)
(1937,1283)
(1235,816)
(1153,1131)
(175,684)
(1167,423)
(1810,1863)
(1037,1175)
(1292,482)
(679,962)
(687,1622)
(1894,470)
(1163,573)
(1280,1021)
(1096,1933)
(1605,1938)
(166,1313)
(1865,982)
(1560,1587)
(496,1980)
(961,433)
(1019,1579)
(1614,1980)
(1474,575)
(1634,1538)
(1082,1619)
(16,1418)
(1757,13)
(1087,1878)
(1813,1781)
(1492,364)
(1370,24)
(1356,323)
(26,1363)
(111,282)
(1940,518)
(1205,1938)
(564,175)
(950,1476)
(287,1934)
(314,985)
(1022,830)
(1301,1433)
(1147,1688)
(90,1262)
(1688,1364)
(761,780)
(1757,1066)
(548,1076)
(764,1931)
(231,1917)
(1614,1032)
(1879,1481)
(111,480)
(1424,573)
(1157,1427)
(554,1514)
(82,522)
(375,121)
(880,914)
(1406,1429)
(1744,279)
(216,669)
(98,1122)
(1543,125)
(823,1019)
(704,1336)
(1086,678)
(508,1536)
(1944,1478)
(1294,185)
(895,780)
(89,169)
(1550,412)
(1350,873)
(38,1569)
(617,216)
(1677,1833)
(1302,637)
(306,1125)
(435,1815)
(891,275)
(1422,1669)
(971,1328)
(1007,230)
(285,1028)
(420,1864)
(1697,138)
(427,914)
(282,1627)
(705,1666)
(495,1337)
(1826,879)
(1741,968)
(1238,1171)
(1270,365)
(1813,174)
(1300,766)
(1081,237)
(1633,631)
(1678,772)
(954,1375)
(1095,320)
(893,126)
(951,637)
(1698,1626)
(1077,1766)
(1830,1285)
(1022,1383)
(1964,1534)
(686,866)
(676,1978)
(1153,1219)
(974,224)
(1411,1134)
(239,1363)
(813,34)
(755,1071)
(1214,1569)
(744,1863)
(551,1684)
(619,516)
(762,282)
(418,667)
(826,1866)
(1034,69)
(1422,878)
(1435,1526)
(1234,615)
(879,1519)
(1619,1772)
(364,537)
(1349,1383)
(490,471)
(1534,1536)
(358,1133)
(1864,316)
(1038,1036)
(880,1765)
(830,712)
(766,485)
(546,1123)
(812,622)
(165,733)
(1830,1224)
(947,662)
(357,812)
(643,1781)
(622,931)
(1953,569)
(615,1824)
(309,575)
(1540,1719)
(1470,1925)
(442,1062)
(284,1329)
(285,1226)
(82,1025)
(365,1336)
(1468,29)
(309,165)
(1148,22)
(946,1180)
(1673,63)
(1036,682)
(493,32)
(892,33)
(811,333)
(373,1835)
(1679,331)
(1352,1174)
(1155,1881)
(170,1264)
(1429,1934)
(946,1924)
(558,114)
(1471,1787)
(414,1230)
(1545,1364)
(1963,1219)
(692,737)
(1336,1216)
(1365,131)
(364,1678)
(842,136)
(1739,1362)
(1145,887)
(95,368)
(576,426)
(510,127)
(1486,1216)
(176,1730)
(86,229)
(1277,417)
(21,1227)
(1933,821)
(1139,180)
(881,1680)
(23,1088)
(818,487)
(1486,1425)
(876,882)
(1215,1681)
(753,532)
(1220,1217)
(834,1464)
(639,1679)
(1892,1018)
(438,1015)
(1497,1838)
(1567,1985)
(1141,1373)
(634,378)
(1407,720)
(1538,1115)
(1691,963)
(1294,21)
(1289,1518)
(1106,1121)
(1832,18)
(231,1085)
(1351,1414)
(1677,916)
(44,166)
(1157,682)
(502,778)
(1537,778)
(25,1878)
(239,1170)
(1343,429)
(166,983)
(1492,477)
(1353,1618)
(617,1732)
(1156,775)
(1958,978)
(16,679)
(1234,222)
(1013,1215)
(1619,1881)
(1362,1517)
(940,277)
(287,1421)
(761,933)
(842,1536)
(748,74)
(1273,720)
(951,815)
(1502,734)
(114,1433)
(1891,1516)
(1228,1616)
(689,128)
(151,1881)
(553,1380)
(1933,1435)
(811,1915)
(1406,27)
(768,1983)
(1350,615)
(1685,1717)
(242,1280)
(705,1771)
(151,1614)
(969,1731)
(1017,932)
(702,1185)
(1938,378)
(1534,316)
(314,835)
(564,777)
(112,87)
(356,729)
(413,619)
(1694,665)
(809,1116)
(1084,179)
(295,1534)
(812,262)
(1006,1728)
(1745,1632)
(504,1726)
(1952,1769)
(176,636)
(1210,1837)
(1894,714)
(954,1221)
(678,237)
(685,1274)
(1479,1569)
(218,1438)
(767,1284)
(1086,1268)
(1072,371)
(1222,1964)
(811,687)
(38,77)
(150,385)
(1298,1788)
(1940,86)
(1747,765)
(1826,430)
(1951,180)
(1411,1738)
(1277,82)
(948,866)
(1349,1563)
(1293,1319)
(149,1031)
(816,1271)
(624,478)
(353,487)
(503,919)
(215,1323)
(755,1132)
(970,28)
(45,1624)
(1960,337)
(244,1663)
(1941,1084)
(93,1788)
(880,413)
(439,1527)
(39,1967)
(1882,817)
(1473,832)
(622,124)
(48,732)
(890,581)
(1235,174)
(1958,1728)
(445,24)
(1496,968)
(1557,467)
(633,1879)
(1084,1387)
(1808,1565)
(226,222)
(1627,1578)
(1952,1816)
(1829,981)
(305,1273)
(547,1228)
(706,1414)
(620,179)
(974,1579)
(1299,1228)
(300,786)
(775,1034)
(1212,716)
(1404,1873)
(94,1673)
(1752,514)
(1489,226)
(1935,1886)
(1822,1423)
(378,971)
(903,1629)
(1029,1469)
(1340,919)
(427,1119)
(1302,515)
(1556,878)
(82,1468)
(1415,1762)
(814,932)
(810,1630)
(1090,1730)
(560,370)
(1225,673)
(752,429)
(1406,1336)
(1159,122)
(1884,364)
(1754,1570)
(1340,534)
(747,1662)
(1627,1231)
(1870,1118)
(1814,531)
(1073,1319)
(1366,1080)
(148,1375)
(1943,887)
(1690,582)
(420,526)
(439,1184)
(613,320)
(895,1185)
(563,1974)
(1693,369)
(1749,722)
(761,881)
(701,180)
(1601,1074)
(1540,812)
(825,522)
(20,986)
(226,1730)
(569,1565)
(1870,1616)
(817,1662)
(1602,1180)
(710,1831)
(480,718)
(307,313)
(1006,1765)
(752,1325)
(1481,1081)
(563,1721)
(154,186)
(172,1426)
(969,1117)
(218,479)
(1027,1113)
(218,365)
(248,18)
(89,767)
(1226,919)
(502,420)
(1628,373)
(1750,1866)
(1213,1332)
(1952,1016)
(151,779)
(1007,320)
(218,985)
(167,927)
(178,1588)
(1478,1471)
(1224,1528)
(953,63)
(235,127)
(1881,1367)
(1543,1228)
(1354,816)
(891,462)
(34,532)
(943,119)
(359,1567)
(1811,88)
(1434,379)
(31,821)
(1433,767)
(300,1676)
(1561,1021)
(114,971)
(1487,515)
(1752,223)
(1038,1062)
(1550,1431)
(1561,981)
(161,232)
(231,1026)
(415,312)
(346,1762)
(305,219)
(763,1425)
(1877,269)
(963,1031)
(1562,1937)
(1932,114)
(1426,64)
(1666,20)
(1667,1185)
(1804,1172)
(1746,1666)
(1545,1188)
(1103,1169)
(902,669)
(705,1919)
(1469,632)
(222,1220)
(1962,288)
(241,519)
(574,466)
(1146,624)
(304,1372)
(1155,727)
(108,679)
(1894,1322)
(1762,1981)
(244,1532)
(635,725)
(1567,1813)
(694,1114)
(1864,535)
(98,1724)
(1566,1485)
(1436,1014)
(1013,270)
(547,1817)
(1223,422)
(30,1518)
(1622,686)
(1273,830)
(710,321)
(1687,469)
(763,1175)
(1074,716)
(1803,1483)
(1417,524)
(302,1473)
(1152,233)
(1895,667)
(1559,1615)
(625,686)
(557,520)
(179,33)
(958,1826)
(959,1619)
(1817,1337)
(568,63)
(426,277)
(638,1930)
(508,1225)
(1151,1830)
(1097,1563)
(903,1419)
(1277,1575)
(549,1272)
(748,1569)
(1865,1873)
(1543,36)
(34,484)
(957,468)
(767,1829)
(1234,1863)
(1291,884)
(887,1563)
(48,577)
(1673,1213)
(365,1070)
(695,1512)
(1025,422)
(237,582)
(690,824)
(362,1720)
(1348,1876)
(810,1066)
(575,930)
(964,784)
(29,1264)
(1154,1483)
(36,1327)
(629,1216)
(570,635)
(1410,169)
(1496,1678)
(679,374)
(371,432)
(1946,669)
(1277,1838)
(434,732)
(633,1519)
(1546,381)
(1293,582)
(1291,1185)
(115,1514)
(1205,1124)
(512,269)
(1669,1020)
(498,1435)
(439,1920)
(1495,1387)
(1754,1170)
(632,1031)
(1336,787)
(358,36)
(677,665)
(1618,438)
(1106,834)
(25,1737)
(1337,382)
(626,1265)
(821,1178)
(1077,913)
(1690,176)
(1897,1074)
(359,1920)
(747,1635)
(486,566)
(1945,1638)
(28,774)
(1486,1025)
(1562,628)
(760,26)
(378,930)
(564,718)
(374,216)
(1938,632)
(961,1537)
(752,967)
(747,313)
(24,1934)
(1676,237)
(1946,1928)
(1342,1930)
(218,873)
(1416,225)
(546,682)
(1406,1738)
(x-1494.717)^2 +(y-271.183)^2 = 900
(x-1249.932)^2 +(y-378.782)^2 = 900
(x-493.296)^2 +(y-1035.956)^2 = 900
(x-398.028)^2 +(y-627.511)^2 = 900
(x-387.082)^2 +(y-178.5)^2 = 900
(x-1663.726)^2 +(y-1533.205)^2 = 900
(x-964.995)^2 +(y-1369.787)^2 = 900
(x-667.989)^2 +(y-768.183)^2 = 900
(x-1453.76)^2 +(y-1118.347)^2 = 900
(x-1846.028)^2 +(y-981.088)^2 = 900
(x-535.598)^2 +(y-275.746)^2 = 900
(x-890.024)^2 +(y-103.662)^2 = 900
(x-78.974)^2 +(y-117.248)^2 = 900
(x-1574.847)^2 +(y-1020)^2 = 900
(x-1395.729)^2 +(y-1715.717)^2 = 900
(x-400.778)^2 +(y-1219.834)^2 = 900
(x-1907.337)^2 +(y-1132.504)^2 = 900
(x-1414.208)^2 +(y-42.55)^2 = 900
(x-232.62)^2 +(y-1604.089)^2 = 900
(x-1252.808)^2 +(y-1821.036)^2 = 900
(x-124.555)^2 +(y-1127.663)^2 = 900
(x-362.44)^2 +(y-1872.406)^2 = 900
(x-1711.248)^2 +(y-1338.519)^2 = 900
(x-128.333)^2 +(y-268.507)^2 = 900
(x-1384.164)^2 +(y-187.857)^2 = 900
(x-108.839)^2 +(y-1780.603)^2 = 900
(x-1640.174)^2 +(y-884.005)^2 = 900
(x-1709.573)^2 +(y-1834.205)^2 = 900
(x-736.653)^2 +(y-1779.16)^2 = 900
(x-1460.491)^2 +(y-1525.928)^2 = 900
(x-1450.04)^2 +(y-613.438)^2 = 900
(x-1766.938)^2 +(y-774.782)^2 = 900
(x-449.785)^2 +(y-430.604)^2 = 900
(x-63.654)^2 +(y-678.197)^2 = 900
(x-1717.247)^2 +(y-483.313)^2 = 900
(x-255.231)^2 +(y-678.073)^2 = 900
(x-1116.5)^2 +(y-917.688)^2 = 900
(x-1267.843)^2 +(y-131.002)^2 = 900
(x-916.498)^2 +(y-1017.331)^2 = 900
(x-1831.936)^2 +(y-582.386)^2 = 900
(x-740.143)^2 +(y-587.879)^2 = 900
(x-601.403)^2 +(y-1516.24)^2 = 900
(x-259.326)^2 +(y-1130.873)^2 = 900
(x-392.069)^2 +(y-1727.617)^2 = 900
(x-1069.692)^2 +(y-459.862)^2 = 900
(x-985.744)^2 +(y-263.891)^2 = 900
(x-1447.545)^2 +(y-872.627)^2 = 900
(x-1247.878)^2 +(y-1668.388)^2 = 900
(x-1770.15)^2 +(y-332.145)^2 = 900
(x-911.353)^2 +(y-613.737)^2 = 900
(x-1886.209)^2 +(y-105.506)^2 = 900
(x-981.648)^2 +(y-831.474)^2 = 900
(x-855.226)^2 +(y-372.945)^2 = 900
(x-1925.488)^2 +(y-1763.926)^2 = 900
(x-1567.265)^2 +(y-521.043)^2 = 900
(x-1649.675)^2 +(y-1177.916)^2 = 900
(x-724.693)^2 +(y-1317.668)^2 = 900
(x-900.821)^2 +(y-1235.628)^2 = 900
(x-161.887)^2 +(y-1458.07)^2 = 900
(x-1199.485)^2 +(y-1384.632)^2 = 900
(x-997.993)^2 +(y-1621.2)^2 = 900
(x-1514.534)^2 +(y-1387.755)^2 = 900
(x-1122.5)^2 +(y-1167.33)^2 = 900
(x-1773.698)^2 +(y-1614.228)^2 = 900
(x-1100.461)^2 +(y-1725.87)^2 = 900
(x-138.819)^2 +(y-877.75)^2 = 900
(x-650.983)^2 +(y-1072.172)^2 = 900
(x-657.543)^2 +(y-80.374)^2 = 900
(x-1062.724)^2 +(y-1922.794)^2 = 900
(x-1589.208)^2 +(y-1929.261)^2 = 900
(x-1898.946)^2 +(y-773.796)^2 = 900
(x-1846.039)^2 +(y-1476.27)^2 = 900
(x-592.386)^2 +(y-523.113)^2 = 900
(x-691.346)^2 +(y-1643.426)^2 = 900
(x-1256.189)^2 +(y-1526.338)^2 = 900
(x-1311.313)^2 +(y-1373.893)^2 = 900
(x-773.745)^2 +(y-1018.192)^2 = 900
(x-526.25)^2 +(y-81.944)^2 = 900
(x-1593.526)^2 +(y-676.187)^2 = 900
(x-77.241)^2 +(y-1523.611)^2 = 900
(x-728.486)^2 +(y-233.072)^2 = 900
(x-939.018)^2 +(y-1882.098)^2 = 900
(x-537.115)^2 +(y-1684.338)^2 = 900
(x-1125.385)^2 +(y-268.263)^2 = 900
(x-1252.305)^2 +(y-1221.774)^2 = 900
(x-92.302)^2 +(y-537.012)^2 = 900
(x-1462.963)^2 +(y-487.085)^2 = 900
(x-1122.947)^2 +(y-74.747)^2 = 900
(x-397.989)^2 +(y-768.183)^2 = 900
(x-1256.191)^2 +(y-621.744)^2 = 900
(x-718.114)^2 +(y-1464.815)^2 = 900
(x-535.237)^2 +(y-728.047)^2 = 900
(x-518.305)^2 +(y-1176.226)^2 = 900
(x-318.939)^2 +(y-1374.449)^2 = 900
(x-1766.375)^2 +(y-1125.263)^2 = 900
(x-364.257)^2 +(y-515.188)^2 = 900
(x-974.086)^2 +(y-72.205)^2 = 900
(x-530.371)^2 +(y-930.724)^2 = 900
(x-191.647)^2 +(y-369.758)^2 = 900
(x-1644.868)^2 +(y-1733.361)^2 = 900
(x-371.633)^2 +(y-274.265)^2 = 900
(x-866.871)^2 +(y-1415.327)^2 = 900
(x-1056.161)^2 +(y-1020.849)^2 = 900
(x-1066.105)^2 +(y-1423.678)^2 = 900
(x-455.808)^2 +(y-1324.383)^2 = 900
(x-1676.588)^2 +(y-343.712)^2 = 900
(x-782.37)^2 +(y-1886.998)^2 = 900
(x-1495.731)^2 +(y-1217.68)^2 = 900
(x-1175.698)^2 +(y-1078.91)^2 = 900
(x-1017.007)^2 +(y-1766.903)^2 = 900
(x-344.587)^2 +(y-71.767)^2 = 900
(x-671)^2 +(y-1236.371)^2 = 900
(x-583.549)^2 +(y-1772.904)^2 = 900
(x-1483.738)^2 +(y-791.153)^2 = 900
(x-1243.13)^2 +(y-919.484)^2 = 900
(x-236.166)^2 +(y-1936.972)^2 = 900
(x-1518.99)^2 +(y-1677.761)^2 = 900
(x-711.941)^2 +(y-357.156)^2 = 900
(x-554.057)^2 +(y-1925.787)^2 = 900
(x-396.515)^2 +(y-1575.681)^2 = 900
(x-67.47)^2 +(y-1931.678)^2 = 900
(x-1328.624)^2 +(y-1920.737)^2 = 900
(x-1141.397)^2 +(y-1522.64)^2 = 900
(x-1451.055)^2 +(y-1926.211)^2 = 900
(x-1917.847)^2 +(y-365.853)^2 = 900
(x-1674.173)^2 +(y-101)^2 = 900
(x-1311.66)^2 +(y-515.512)^2 = 900
(x-423.323)^2 +(y-1488.214)^2 = 900
(x-1931.343)^2 +(y-1281.301)^2 = 900
(x-1745.284)^2 +(y-1961.654)^2 = 900
(x-643.905)^2 +(y-938)^2 = 900
(x-1352.943)^2 +(y-972.403)^2 = 900
(x-590.335)^2 +(y-1359.157)^2 = 900
(x-1041.323)^2 +(y-623.175)^2 = 900
(x-370.53)^2 +(y-965.762)^2 = 900
(x-790.913)^2 +(y-768.112)^2 = 900
(x-658.069)^2 +(y-1933.512)^2 = 900
(x-258.776)^2 +(y-829.596)^2 = 900
(x-1727.569)^2 +(y-620.176)^2 = 900
(x-166.03)^2 +(y-1356.909)^2 = 900
(x-195.475)^2 +(y-81.859)^2 = 900
(x-1126.875)^2 +(y-780)^2 = 900
(x-947.033)^2 +(y-478.42)^2 = 900
(x-1898.51)^2 +(y-1636.072)^2 = 900
(x-1186.634)^2 +(y-470.817)^2 = 900
(x-1193.754)^2 +(y-1926.805)^2 = 900
(x-1276.963)^2 +(y-773.115)^2 = 900
(x-1909.983)^2 +(y-1940.294)^2 = 900
(x-846.839)^2 +(y-234.382)^2 = 900
(x-876.471)^2 +(y-1578.947)^2 = 900
(x-610.218)^2 +(y-376.714)^2 = 900
(x-56.05)^2 +(y-986.551)^2 = 900
(x-1001.076)^2 +(y-1156.197)^2 = 900
(x-1585.294)^2 +(y-225.672)^2 = 900
(x-199.972)^2 +(y-222.912)^2 = 900
(x-200.24)^2 +(y-1772.388)^2 = 900
(x-1911.189)^2 +(y-527.485)^2 = 900
(x-915.42)^2 +(y-777.256)^2 = 900
(x-590.838)^2 +(y-217.531)^2 = 900
(x-1841.679)^2 +(y-279.32)^2 = 900
(x-779.985)^2 +(y-530.255)^2 = 900
(x-851.237)^2 +(y-933.041)^2 = 900
(x-1722.969)^2 +(y-922.558)^2 = 900
(x-132.879)^2 +(y-1220.031)^2 = 900
(x-1839.391)^2 +(y-1818.74)^2 = 900
(x-135.724)^2 +(y-729.358)^2 = 900
(x-789.998)^2 +(y-1228.583)^2 = 900
(x-1382.628)^2 +(y-1220.739)^2 = 900
(x-1509.981)^2 +(y-1794.324)^2 = 900
(x-78.85)^2 +(y-375.308)^2 = 900
(x-827.461)^2 +(y-1736.023)^2 = 900
(x-197.144)^2 +(y-978.878)^2 = 900
(x-1324.472)^2 +(y-1088.005)^2 = 900
(x-777.345)^2 +(y-62.583)^2 = 900
(x-195.913)^2 +(y-520.504)^2 = 900
(x-1272.675)^2 +(y-226.918)^2 = 900
(x-1584.593)^2 +(y-65.877)^2 = 900
(x-1866.896)^2 +(y-1332.315)^2 = 900
(x-1590.823)^2 +(y-1311.736)^2 = 900
(x-1377.932)^2 +(y-772.488)^2 = 900
(x-64.798)^2 +(y-1631.45)^2 = 900
(x-1717.043)^2 +(y-225.397)^2 = 900
(x-1110.875)^2 +(y-672.644)^2 = 900
(x-806.995)^2 +(y-674.202)^2 = 900
(x-1576.554)^2 +(y-1578.299)^2 = 900
(x-246.132)^2 +(y-1271.709)^2 = 900
(x-620.964)^2 +(y-666.665)^2 = 900
(x-1359.915)^2 +(y-340.964)^2 = 900
(x-332.63)^2 +(y-407.188)^2 = 900
(x-1465.862)^2 +(y-968.48)^2 = 900
(x-1397.978)^2 +(y-1789.029)^2 = 900
(x-461.289)^2 +(y-1761.066)^2 = 900
(x-1398.934)^2 +(y-1377.913)^2 = 900
(x-1909.804)^2 +(y-973.593)^2 = 900
(x-1521.321)^2 +(y-176.319)^2 = 900
(x-777.888)^2 +(y-1616.5)^2 = 900
(x-1926.743)^2 +(y-622.95)^2 = 900
(x-280.074)^2 +(y-1704)^2 = 900
(x-1883.909)^2 +(y-894.704)^2 = 900
(x-489.847)^2 +(y-1940.148)^2 = 900
(x-48.833)^2 +(y-1193.805)^2 = 900
(x-1493.84)^2 +(y-374.617)^2 = 900
(x-1374.576)^2 +(y-1602.26)^2 = 900
(x-63.452)^2 +(y-293.7)^2 = 900
(x-977.874)^2 +(y-1486.457)^2 = 900
(x-1851.15)^2 +(y-72.485)^2 = 900
(x-1642.726)^2 +(y-723.464)^2 = 900
(x-55.318)^2 +(y-1310.651)^2 = 900
(x-407.049)^2 +(y-882.586)^2 = 900
(x-385.6)^2 +(y-1079.725)^2 = 900
(x-718.235)^2 +(y-916.606)^2 = 900
(x-1937.382)^2 +(y-1494.84)^2 = 900
(x-271.257)^2 +(y-1478.898)^2 = 900
(x-1733.054)^2 +(y-1435.612)^2 = 900
(x-1068.898)^2 +(y-1325.511)^2 = 900
(x-1694.624)^2 +(y-1021.137)^2 = 900
(x-1940.781)^2 +(y-239.123)^2 = 900
(x-506.381)^2 +(y-570.251)^2 = 900
(x-40.323)^2 +(y-825.786)^2 = 900
(x-188.462)^2 +(y-1640.294)^2 = 900
(x-71.828)^2 +(y-1840.488)^2 = 900
(x-1811.079)^2 +(y-522.404)^2 = 900
(x-337.608)^2 +(y-1935.704)^2 = 900
(x-1712.5)^2 +(y-1589.743)^2 = 900
(x-1574.919)^2 +(y-934.939)^2 = 900
(x-1035.113)^2 +(y-323.678)^2 = 900
(x-483.954)^2 +(y-120.847)^2 = 900
(x-190.866)^2 +(y-1914.126)^2 = 900
(x-736.572)^2 +(y-432.712)^2 = 900
(x-1162.919)^2 +(y-1813.892)^2 = 900
(x-1014.91)^2 +(y-180.708)^2 = 900
(x-69.085)^2 +(y-65.883)^2 = 900
(x-1109.394)^2 +(y-1613.752)^2 = 900
(x-1738.004)^2 +(y-1724.301)^2 = 900
(x-869.547)^2 +(y-1320.595)^2 = 900
(x-494.052)^2 +(y-1540.973)^2 = 900
(x-1358.379)^2 +(y-1465.499)^2 = 900
(x-207.008)^2 +(y-609.678)^2 = 900
(x-1031.323)^2 +(y-926.985)^2 = 900
(x-1134.924)^2 +(y-210.69)^2 = 900
(x-1332.944)^2 +(y-666.416)^2 = 900
(x-922.744)^2 +(y-1929.891)^2 = 900
(x-1802.681)^2 +(y-1173.955)^2 = 900
(x-529.982)^2 +(y-882.424)^2 = 900
(x-1275.848)^2 +(y-75)^2 = 900
(x-356.182)^2 +(y-202.066)^2 = 900
(x-1592.825)^2 +(y-418.869)^2 = 900
(x-321.17)^2 +(y-980.128)^2 = 900
(x-750.869)^2 +(y-1130.858)^2 = 900
(x-1568.072)^2 +(y-1482.054)^2 = 900
(x-1700.72)^2 +(y-33.799)^2 = 900
(x-766.396)^2 +(y-1955.131)^2 = 900
(x-1227.664)^2 +(y-391.341)^2 = 900
(x-512.321)^2 +(y-1074.105)^2 = 900
(x-339)^2 +(y-523.038)^2 = 900
(x-1125.222)^2 +(y-537.403)^2 = 900
(x-986.072)^2 +(y-786.486)^2 = 900
(x-931.652)^2 +(y-433.259)^2 = 900
(x-1906.012)^2 +(y-70.537)^2 = 900
(x-689.632)^2 +(y-1646.807)^2 = 900
(x-1914.081)^2 +(y-1735.805)^2 = 900
(x-195.724)^2 +(y-818.997)^2 = 900
(x-1119.941)^2 +(y-1225.548)^2 = 900
(x-738.74)^2 +(y-1876.576)^2 = 900
(x-1849.914)^2 +(y-126.7)^2 = 900
(x-1525.307)^2 +(y-1170.668)^2 = 900
(x-274.969)^2 +(y-1324.943)^2 = 900
(x-933.733)^2 +(y-1172.715)^2 = 900
(x-411.66)^2 +(y-73.502)^2 = 900
(x-1227.663)^2 +(y-1031.856)^2 = 900
(x-1945.41)^2 +(y-1239.983)^2 = 900
(x-59.123)^2 +(y-1075.937)^2 = 900
(x-140.212)^2 +(y-1079.36)^2 = 900
(x-1375.43)^2 +(y-426.832)^2 = 900
(x-1620.379)^2 +(y-1788.736)^2 = 900
(x-1426.121)^2 +(y-1910.802)^2 = 900
(x-1879.894)^2 +(y-411.682)^2 = 900
(x-306.386)^2 +(y-340.795)^2 = 900
(x-1772.312)^2 +(y-686.314)^2 = 900
(x-541.526)^2 +(y-1468.782)^2 = 900
(x-892.465)^2 +(y-92.998)^2 = 900
(x-537.191)^2 +(y-1254.856)^2 = 900
(x-283.399)^2 +(y-55.64)^2 = 900
(x-1257.853)^2 +(y-727.057)^2 = 900
(x-59.796)^2 +(y-1412.576)^2 = 900
(x-686.076)^2 +(y-1431.233)^2 = 900
(x-1302.348)^2 +(y-872.284)^2 = 900
(x-1645.763)^2 +(y-1935.047)^2 = 900
(x-1918.935)^2 +(y-1340.216)^2 = 900
(x-59.017)^2 +(y-469.823)^2 = 900
(x-47.859)^2 +(y-1768.525)^2 = 900
(x-838.052)^2 +(y-1683.961)^2 = 900
(x-1890.862)^2 +(y-575.22)^2 = 225
(x-1510.919)^2 +(y-213.411)^2 = 900
(x-1494.208)^2 +(y-331.18)^2 = 900
(x-1306.671)^2 +(y-359.272)^2 = 900
(x-513.234)^2 +(y-979.365)^2 = 900
(x-437.711)^2 +(y-1058.546)^2 = 900
(x-380.753)^2 +(y-570.052)^2 = 900
(x-451.076)^2 +(y-599.477)^2 = 900
(x-504.124)^2 +(y-571.443)^2 = 900
(x-400.757)^2 +(y-120.079)^2 = 900
(x-1702.918)^2 +(y-1578.635)^2 = 900
(x-1610.434)^2 +(y-1560.772)^2 = 900
(x-1698.473)^2 +(y-1484.291)^2 = 900
(x-911.661)^2 +(y-1342.3)^2 = 900
(x-1020.192)^2 +(y-1346.266)^2 = 900
(x-642.77)^2 +(y-713.74)^2 = 900
(x-727.989)^2 +(y-768.148)^2 = 900
(x-787.989)^2 +(y-768.114)^2 = 900
(x-1502.191)^2 +(y-1153.764)^2 = 900
(x-1905.618)^2 +(y-974.084)^2 = 900
(x-576.898)^2 +(y-232.222)^2 = 900
(x-571.259)^2 +(y-323.999)^2 = 900
(x-606.92)^2 +(y-372.251)^2 = 900
(x-136.384)^2 +(y-99.808)^2 = 900
(x-193.794)^2 +(y-82.369)^2 = 900
(x-1574.898)^2 +(y-960)^2 = 900
(x-1397.569)^2 +(y-1775.689)^2 = 900
(x-1384.732)^2 +(y-1656.734)^2 = 900
(x-428.724)^2 +(y-1272.928)^2 = 900
(x-1851.553)^2 +(y-1154.599)^2 = 900
(x-1927.371)^2 +(y-1189.061)^2 = 900
(x-1355.793)^2 +(y-56.251)^2 = 900
(x-1297.378)^2 +(y-69.951)^2 = 900
(x-258.362)^2 +(y-1658.287)^2 = 900
(x-1192.997)^2 +(y-1816.283)^2 = 900
(x-129.94)^2 +(y-1187.421)^2 = 900
(x-340.528)^2 +(y-1928.262)^2 = 900
(x-1724.396)^2 +(y-1397.061)^2 = 900
(x-72.402)^2 +(y-290.225)^2 = 900
(x-178.951)^2 +(y-236.291)^2 = 900
(x-1327.539)^2 +(y-207.696)^2 = 900
(x-1443.953)^2 +(y-182.828)^2 = 900
(x-1503.741)^2 +(y-177.798)^2 = 900
(x-49.982)^2 +(y-1768.946)^2 = 900
(x-77.295)^2 +(y-1831.642)^2 = 900
(x-168.598)^2 +(y-1775.232)^2 = 900
(x-1592.876)^2 +(y-920.923)^2 = 900
(x-1694.567)^2 +(y-909.332)^2 = 900
(x-1656.119)^2 +(y-1806.955)^2 = 900
(x-1677.49)^2 +(y-1884.907)^2 = 900
(x-737.938)^2 +(y-1839.146)^2 = 900
(x-790.849)^2 +(y-1753.415)^2 = 900
(x-1415.637)^2 +(y-1565.779)^2 = 900
(x-1456.145)^2 +(y-553.75)^2 = 900
(x-1462.25)^2 +(y-494.061)^2 = 900
(x-1770.576)^2 +(y-714.892)^2 = 900
(x-1826.937)^2 +(y-774.334)^2 = 900
(x-1886.935)^2 +(y-773.885)^2 = 900
(x-390.949)^2 +(y-418.845)^2 = 900
(x-112.58)^2 +(y-712.929)^2 = 900
(x-1772.633)^2 +(y-506.387)^2 = 900
(x-220.657)^2 +(y-629.036)^2 = 900
(x-200.093)^2 +(y-701.735)^2 = 900
(x-144.956)^2 +(y-725.396)^2 = 900
(x-1056.854)^2 +(y-924.199)^2 = 900
(x-1176.494)^2 +(y-918.539)^2 = 900
(x-1236.488)^2 +(y-919.39)^2 = 900
(x-1270.862)^2 +(y-190.926)^2 = 900
(x-879.767)^2 +(y-969.889)^2 = 900
(x-1812.23)^2 +(y-525.715)^2 = 900
(x-1775.521)^2 +(y-602.814)^2 = 900
(x-774.266)^2 +(y-538.527)^2 = 900
(x-776.88)^2 +(y-635.317)^2 = 900
(x-554.382)^2 +(y-1478.971)^2 = 900
(x-643.746)^2 +(y-1473.73)^2 = 900
(x-204.255)^2 +(y-1107.057)^2 = 900
(x-149.185)^2 +(y-1083.24)^2 = 900
(x-446.092)^2 +(y-1753.722)^2 = 900
(x-333.36)^2 +(y-1715.237)^2 = 900
(x-1104.626)^2 +(y-508.643)^2 = 900
(x-1010.367)^2 +(y-468.837)^2 = 900
(x-951.042)^2 +(y-477.813)^2 = 900
(x-1023.947)^2 +(y-310.157)^2 = 900
(x-1005.596)^2 +(y-207.271)^2 = 900
(x-1471.904)^2 +(y-817.794)^2 = 900
(x-1458.807)^2 +(y-931.561)^2 = 900
(x-1251.382)^2 +(y-1608.491)^2 = 900
(x-1254.887)^2 +(y-1548.593)^2 = 900
(x-1818.415)^2 +(y-296.501)^2 = 900
(x-1710.603)^2 +(y-339.506)^2 = 900
(x-1743.424)^2 +(y-278.425)^2 = 900
(x-859.438)^2 +(y-643.817)^2 = 900
(x-807.522)^2 +(y-673.896)^2 = 900
(x-1908.895)^2 +(y-161.052)^2 = 900
(x-1931.581)^2 +(y-216.598)^2 = 900
(x-1009.333)^2 +(y-884.705)^2 = 900
(x-902.326)^2 +(y-410.115)^2 = 900
(x-1874.874)^2 +(y-1796.149)^2 = 900
(x-1581.826)^2 +(y-462.836)^2 = 900
(x-1510.213)^2 +(y-502.468)^2 = 900
(x-1589.776)^2 +(y-1174.425)^2 = 900
(x-1529.878)^2 +(y-1170.935)^2 = 900
(x-1704.366)^2 +(y-1153.241)^2 = 900
(x-1759.057)^2 +(y-1128.565)^2 = 900
(x-691.627)^2 +(y-1267.602)^2 = 900
(x-760.166)^2 +(y-1269.277)^2 = 900
(x-928.634)^2 +(y-1182.463)^2 = 900
(x-880.096)^2 +(y-1291.935)^2 = 900
(x-840.942)^2 +(y-1231.821)^2 = 900
(x-164.343)^2 +(y-1398.12)^2 = 900
(x-114.446)^2 +(y-1494.803)^2 = 900
(x-220.828)^2 +(y-1469.294)^2 = 900
(x-107.082)^2 +(y-1433.648)^2 = 900
(x-1259.21)^2 +(y-1378.897)^2 = 900
(x-1057.859)^2 +(y-1617.198)^2 = 900
(x-941.321)^2 +(y-1601.495)^2 = 900
(x-884.649)^2 +(y-1581.79)^2 = 900
(x-1557.036)^2 +(y-1345.404)^2 = 900
(x-1544.158)^2 +(y-1439.932)^2 = 900
(x-1454.751)^2 +(y-1382.665)^2 = 900
(x-1153.432)^2 +(y-1115.918)^2 = 900
(x-1717.991)^2 +(y-1591.94)^2 = 900
(x-1755.19)^2 +(y-1671.302)^2 = 900
(x-1832.8)^2 +(y-1624.572)^2 = 900
(x-1891.901)^2 +(y-1634.916)^2 = 900
(x-1046.618)^2 +(y-1752.344)^2 = 900
(x-1135.183)^2 +(y-1774.803)^2 = 900
(x-1105.226)^2 +(y-1666.06)^2 = 900
(x-180.562)^2 +(y-834.652)^2 = 900
(x-85.751)^2 +(y-849.753)^2 = 900
(x-168.796)^2 +(y-929.725)^2 = 900
(x-702.715)^2 +(y-1102.566)^2 = 900
(x-716.892)^2 +(y-71.56)^2 = 900
(x-776.241)^2 +(y-62.747)^2 = 900
(x-597.547)^2 +(y-81.091)^2 = 900
(x-537.551)^2 +(y-81.809)^2 = 900
(x-1005.729)^2 +(y-1904.044)^2 = 900
(x-948.734)^2 +(y-1885.294)^2 = 900
(x-1122.696)^2 +(y-1924.63)^2 = 900
(x-1182.668)^2 +(y-1926.466)^2 = 900
(x-1891.541)^2 +(y-833.337)^2 = 900
(x-1884.136)^2 +(y-892.878)^2 = 900
(x-1904.836)^2 +(y-1488.223)^2 = 900
(x-1789.583)^2 +(y-1455.954)^2 = 900
(x-1733.127)^2 +(y-1435.638)^2 = 900
(x-539.771)^2 +(y-551.951)^2 = 900
(x-748.637)^2 +(y-1625.601)^2 = 900
(x-1196.22)^2 +(y-1524.406)^2 = 900
(x-1307.744)^2 +(y-1495.645)^2 = 900
(x-1371.25)^2 +(y-1376.643)^2 = 900
(x-761.806)^2 +(y-1076.992)^2 = 900
(x-814.129)^2 +(y-973.817)^2 = 900
(x-744.974)^2 +(y-965.54)^2 = 900
(x-1636.789)^2 +(y-717.76)^2 = 900
(x-70.363)^2 +(y-1583.216)^2 = 900
(x-788.483)^2 +(y-233.736)^2 = 900
(x-720.556)^2 +(y-292.546)^2 = 900
(x-712.626)^2 +(y-352.02)^2 = 900
(x-564.975)^2 +(y-1737.478)^2 = 900
(x-494.94)^2 +(y-1727.015)^2 = 900
(x-1074.251)^2 +(y-299.652)^2 = 900
(x-1312.303)^2 +(y-1221.298)^2 = 900
(x-1372.301)^2 +(y-1220.821)^2 = 900
(x-65.668)^2 +(y-483.248)^2 = 900
(x-151.555)^2 +(y-527.571)^2 = 900
(x-1413.54)^2 +(y-453.065)^2 = 900
(x-1128.213)^2 +(y-134.515)^2 = 900
(x-1133.479)^2 +(y-194.284)^2 = 900
(x-402.726)^2 +(y-827.996)^2 = 900
(x-1308.047)^2 +(y-651.926)^2 = 900
(x-1283.962)^2 +(y-568.558)^2 = 900
(x-584.021)^2 +(y-693.117)^2 = 900
(x-532.318)^2 +(y-1234.567)^2 = 900
(x-514.795)^2 +(y-1116.328)^2 = 900
(x-279.095)^2 +(y-1329.589)^2 = 900
(x-1802.24)^2 +(y-1173.364)^2 = 900
(x-1732.33)^2 +(y-1075.857)^2 = 900
(x-1698.285)^2 +(y-1026.451)^2 = 900
(x-347.395)^2 +(y-457.606)^2 = 900
(x-915.943)^2 +(y-87.017)^2 = 900
(x-995.214)^2 +(y-128.361)^2 = 900
(x-590.248)^2 +(y-934.561)^2 = 900
(x-131.72)^2 +(y-372.706)^2 = 900
(x-249.823)^2 +(y-355.073)^2 = 900
(x-1620.601)^2 +(y-1788.235)^2 = 900
(x-1704.586)^2 +(y-1727.552)^2 = 900
(x-359.077)^2 +(y-215.594)^2 = 900
(x-329.622)^2 +(y-317.103)^2 = 900
(x-868.565)^2 +(y-1355.351)^2 = 900
(x-1040.813)^2 +(y-962.846)^2 = 900
(x-1067.812)^2 +(y-1363.702)^2 = 900
(x-1017.218)^2 +(y-1458.463)^2 = 900
(x-1102.435)^2 +(y-1471.429)^2 = 900
(x-1138.765)^2 +(y-1519.18)^2 = 900
(x-501.427)^2 +(y-1285.41)^2 = 900
(x-1631.929)^2 +(y-383.782)^2 = 900
(x-768.675)^2 +(y-1945.414)^2 = 900
(x-1435.753)^2 +(y-1219.302)^2 = 900
(x-1220.174)^2 +(y-1038.637)^2 = 900
(x-286.569)^2 +(y-56.475)^2 = 900
(x-404.567)^2 +(y-73.318)^2 = 900
(x-1424.65)^2 +(y-780.73)^2 = 900
(x-1290.05)^2 +(y-882.087)^2 = 900
(x-1234.948)^2 +(y-978.923)^2 = 900
(x-296.161)^2 +(y-1936.222)^2 = 900
(x-1549.045)^2 +(y-1625.831)^2 = 900
(x-730.538)^2 +(y-414.201)^2 = 900
(x-653.021)^2 +(y-368.484)^2 = 900
(x-495.503)^2 +(y-1938.883)^2 = 900
(x-613.892)^2 +(y-1930.231)^2 = 900
(x-414.097)^2 +(y-1518.315)^2 = 900
(x-70.334)^2 +(y-1871.746)^2 = 900
(x-126.872)^2 +(y-1923.229)^2 = 900
(x-186.274)^2 +(y-1914.779)^2 = 900
(x-1388.315)^2 +(y-1914.655)^2 = 900
(x-1121.513)^2 +(y-1579.25)^2 = 900
(x-1878.204)^2 +(y-320.815)^2 = 900
(x-1696.218)^2 +(y-45.197)^2 = 900
(x-1618.313)^2 +(y-79.098)^2 = 900
(x-1346.689)^2 +(y-466.799)^2 = 900
(x-471.417)^2 +(y-1524.089)^2 = 900
(x-1918.977)^2 +(y-1340.013)^2 = 900
(x-1687.32)^2 +(y-1946.157)^2 = 900
(x-701.564)^2 +(y-921.404)^2 = 900
(x-1325.881)^2 +(y-918.853)^2 = 900
(x-563.095)^2 +(y-1305.696)^2 = 900
(x-638.27)^2 +(y-1395.243)^2 = 900
(x-1090.217)^2 +(y-657.951)^2 = 900
(x-1083.279)^2 +(y-580.283)^2 = 900
(x-394.651)^2 +(y-910.824)^2 = 900
(x-378.396)^2 +(y-1025.244)^2 = 900
(x-801.04)^2 +(y-708.973)^2 = 900
(x-850.751)^2 +(y-772.507)^2 = 900
(x-910.59)^2 +(y-776.901)^2 = 900
(x-707.09)^2 +(y-1898.915)^2 = 900
(x-199.607)^2 +(y-819.649)^2 = 900
(x-1761.189)^2 +(y-669.873)^2 = 900
(x-1689.485)^2 +(y-666.54)^2 = 900
(x-1651.401)^2 +(y-712.904)^2 = 900
(x-223.603)^2 +(y-1340.016)^2 = 900
(x-252.973)^2 +(y-64.713)^2 = 900
(x-1118.031)^2 +(y-720.655)^2 = 900
(x-1907.765)^2 +(y-1695.354)^2 = 900
(x-1214.158)^2 +(y-417.502)^2 = 900
(x-1145.956)^2 +(y-514.922)^2 = 900
(x-1177.948)^2 +(y-1868.925)^2 = 900
(x-1336.962)^2 +(y-772.743)^2 = 900
(x-1291.842)^2 +(y-831.241)^2 = 900
(x-1879.851)^2 +(y-1888.409)^2 = 900
(x-1849.719)^2 +(y-1836.524)^2 = 900
(x-820.402)^2 +(y-1600.305)^2 = 900
(x-58.112)^2 +(y-1046.515)^2 = 900
(x-942.804)^2 +(y-1170.49)^2 = 900
(x-1537.788)^2 +(y-189.023)^2 = 900
(x-245.807)^2 +(y-1733.354)^2 = 900
(x-1895.536)^2 +(y-469.563)^2 = 900
(x-974.914)^2 +(y-785.029)^2 = 900
(x-1897.28)^2 +(y-256.768)^2 = 900
(x-755.588)^2 +(y-475.439)^2 = 900
(x-1706.389)^2 +(y-980.221)^2 = 900
(x-75.603)^2 +(y-1202.158)^2 = 900
(x-169.099)^2 +(y-779.219)^2 = 900
(x-767.695)^2 +(y-1172.882)^2 = 900
(x-1569.904)^2 +(y-1791.291)^2 = 900
(x-1450.048)^2 +(y-1791.491)^2 = 900
(x-67.725)^2 +(y-316.348)^2 = 900
(x-66.528)^2 +(y-434.029)^2 = 900
(x-167.566)^2 +(y-1031.081)^2 = 900
(x-257.141)^2 +(y-979.482)^2 = 900
(x-317.138)^2 +(y-980.087)^2 = 900
(x-1272.57)^2 +(y-1057.902)^2 = 900
(x-835.354)^2 +(y-77.909)^2 = 900
(x-203.321)^2 +(y-580.045)^2 = 900
(x-1554.767)^2 +(y-117.938)^2 = 900
(x-1524.941)^2 +(y-170)^2 = 900
(x-124.645)^2 +(y-1635.73)^2 = 900
(x-184.492)^2 +(y-1640.01)^2 = 900
(x-1571.287)^2 +(y-1518.53)^2 = 900
(x-274.71)^2 +(y-1324.466)^2 = 900
(x-1370.583)^2 +(y-400.008)^2 = 900
(x-310.574)^2 +(y-351.389)^2 = 900
(x-1523.211)^2 +(y-950.842)^2 = 900
(x-1411.489)^2 +(y-1847.488)^2 = 900
(x-1424.999)^2 +(y-1905.947)^2 = 900
(x-1373.724)^2 +(y-1432.359)^2 = 900
(x-1891.091)^2 +(y-916.585)^2 = 900
(x-817.823)^2 +(y-1661.279)^2 = 900
(x-52.158)^2 +(y-1253.713)^2 = 900
(x-1548.615)^2 +(y-399.105)^2 = 900
(x-57.952)^2 +(y-1370.593)^2 = 900
(x-1096.184)^2 +(y-1272.074)^2 = 900
(x-433.76)^2 +(y-87.975)^2 = 900
(x-527.019)^2 +(y-1490.842)^2 = 900
(x-1286.265)^2 +(y-704.113)^2 = 900
(x-119.069)^2 +(y-1078.467)^2 = 900
