(1322,889)
(1842,281)
(166,101)
(1767,931)
(1764,1905)
(1355,716)
(1720,1673)
(601,702)
(1388,1068)
(1036,887)
(659,1485)
(1714,118)
(956,1317)
(220,1727)
(696,492)
(1494,474)
(638,1116)
(219,1503)
(922,312)
(1422,1941)
(1316,1304)
(1040,1942)
(293,865)
(106,1327)
(1500,1517)
(1050,663)
(1423,1707)
(1055,1521)
(925,474)
(667,1654)
(562,1871)
(1410,300)
(650,939)
(1801,1511)
(188,1123)
(1089,106)
(1405,74)
(1015,1122)
(594,293)
(619,1301)
(101,269)
(1022,1680)
(233,731)
(1824,683)
(170,1903)
(1810,526)
(1857,1314)
(554,112)
(1726,1066)
(292,485)
(1229,368)
(x-1322)^2 +(y-889)^2 = 900
(x-1842)^2 +(y-281)^2 = 900
(x-166)^2 +(y-101)^2 = 900
(x-1767)^2 +(y-931)^2 = 900
(x-1764)^2 +(y-1905)^2 = 900
(x-1355)^2 +(y-716)^2 = 900
(x-1720)^2 +(y-1673)^2 = 900
(x-601)^2 +(y-702)^2 = 900
(x-1388)^2 +(y-1068)^2 = 900
(x-1036)^2 +(y-887)^2 = 900
(x-659)^2 +(y-1485)^2 = 900
(x-1714)^2 +(y-118)^2 = 900
(x-956)^2 +(y-1317)^2 = 900
(x-220)^2 +(y-1727)^2 = 900
(x-696)^2 +(y-492)^2 = 900
(x-1494)^2 +(y-474)^2 = 900
(x-638)^2 +(y-1116)^2 = 900
(x-219)^2 +(y-1503)^2 = 900
(x-922)^2 +(y-312)^2 = 900
(x-1422)^2 +(y-1941)^2 = 900
(x-1316)^2 +(y-1304)^2 = 900
(x-1040)^2 +(y-1942)^2 = 900
(x-293)^2 +(y-865)^2 = 900
(x-106)^2 +(y-1327)^2 = 900
(x-1500)^2 +(y-1517)^2 = 900
(x-1050)^2 +(y-663)^2 = 900
(x-1423)^2 +(y-1707)^2 = 900
(x-1055)^2 +(y-1521)^2 = 900
(x-925)^2 +(y-474)^2 = 900
(x-667)^2 +(y-1654)^2 = 900
(x-562)^2 +(y-1871)^2 = 900
(x-1410)^2 +(y-300)^2 = 900
(x-650)^2 +(y-939)^2 = 900
(x-1801)^2 +(y-1511)^2 = 900
(x-188)^2 +(y-1123)^2 = 900
(x-1089)^2 +(y-106)^2 = 900
(x-1405)^2 +(y-74)^2 = 900
(x-1015)^2 +(y-1122)^2 = 900
(x-594)^2 +(y-293)^2 = 900
(x-619)^2 +(y-1301)^2 = 900
(x-101)^2 +(y-269)^2 = 900
(x-1022)^2 +(y-1680)^2 = 900
(x-233)^2 +(y-731)^2 = 900
(x-1824)^2 +(y-683)^2 = 900
(x-170)^2 +(y-1903)^2 = 900
(x-1810)^2 +(y-526)^2 = 900
(x-1857)^2 +(y-1314)^2 = 900
(x-554)^2 +(y-112)^2 = 900
(x-1726)^2 +(y-1066)^2 = 900
(x-292)^2 +(y-485)^2 = 900
(x-1229)^2 +(y-368)^2 = 900
(x-1333.242)^2 +(y-830.063)^2 = 900
(x-1344.485)^2 +(y-771.125)^2 = 900
(x-1342.757)^2 +(y-945.295)^2 = 900
(x-1363.514)^2 +(y-1001.59)^2 = 900
(x-1384.271)^2 +(y-1057.886)^2 = 900
(x-1262.001)^2 +(y-888.58)^2 = 900
(x-1202.003)^2 +(y-888.161)^2 = 900
(x-1142.004)^2 +(y-887.741)^2 = 900
(x-1082.006)^2 +(y-887.322)^2 = 900
(x-1804.943)^2 +(y-233.811)^2 = 900
(x-1767.887)^2 +(y-186.622)^2 = 900
(x-1730.83)^2 +(y-139.433)^2 = 900
(x-1834.229)^2 +(y-340.495)^2 = 900
(x-1826.459)^2 +(y-399.989)^2 = 900
(x-1818.688)^2 +(y-459.484)^2 = 900
(x-1810.917)^2 +(y-518.979)^2 = 900
(x-144.35)^2 +(y-156.958)^2 = 900
(x-122.699)^2 +(y-212.915)^2 = 900
(x-101.049)^2 +(y-268.873)^2 = 900
(x-1749.564)^2 +(y-988.411)^2 = 900
(x-1732.128)^2 +(y-1045.821)^2 = 900
(x-1780.44)^2 +(y-872.525)^2 = 900
(x-1793.88)^2 +(y-814.049)^2 = 900
(x-1807.32)^2 +(y-755.574)^2 = 900
(x-1820.76)^2 +(y-697.099)^2 = 900
(x-1752.82)^2 +(y-1846.051)^2 = 900
(x-1741.64)^2 +(y-1787.102)^2 = 900
(x-1730.46)^2 +(y-1728.152)^2 = 900
(x-1384.884)^2 +(y-663.972)^2 = 900
(x-1414.768)^2 +(y-611.943)^2 = 900
(x-1444.652)^2 +(y-559.915)^2 = 900
(x-1474.536)^2 +(y-507.887)^2 = 900
(x-1746.833)^2 +(y-1619.334)^2 = 900
(x-1773.666)^2 +(y-1565.669)^2 = 900
(x-1800.498)^2 +(y-1512.003)^2 = 900
(x-1671.056)^2 +(y-1638.294)^2 = 900
(x-1622.112)^2 +(y-1603.589)^2 = 900
(x-1573.168)^2 +(y-1568.883)^2 = 900
(x-1524.224)^2 +(y-1534.177)^2 = 900
(x-625.73)^2 +(y-647.334)^2 = 900
(x-650.46)^2 +(y-592.667)^2 = 900
(x-675.19)^2 +(y-538.001)^2 = 900
(x-613.148)^2 +(y-760.757)^2 = 900
(x-625.296)^2 +(y-819.515)^2 = 900
(x-637.444)^2 +(y-878.272)^2 = 900
(x-649.593)^2 +(y-937.029)^2 = 900
(x-547.969)^2 +(y-730.065)^2 = 900
(x-494.937)^2 +(y-758.131)^2 = 900
(x-441.906)^2 +(y-786.196)^2 = 900
(x-388.874)^2 +(y-814.261)^2 = 900
(x-335.843)^2 +(y-842.327)^2 = 900
(x-1370.492)^2 +(y-1125.389)^2 = 900
(x-1352.983)^2 +(y-1182.777)^2 = 900
(x-1335.475)^2 +(y-1240.166)^2 = 900
(x-1317.966)^2 +(y-1297.555)^2 = 900
(x-1039.743)^2 +(y-827.117)^2 = 900
(x-1043.485)^2 +(y-767.234)^2 = 900
(x-1047.228)^2 +(y-707.351)^2 = 900
(x-1030.66)^2 +(y-946.762)^2 = 900
(x-1025.319)^2 +(y-1006.524)^2 = 900
(x-1019.979)^2 +(y-1066.286)^2 = 900
(x-661.837)^2 +(y-1544.933)^2 = 900
(x-664.674)^2 +(y-1604.866)^2 = 900
(x-646.254)^2 +(y-1426.369)^2 = 900
(x-633.508)^2 +(y-1367.739)^2 = 900
(x-620.763)^2 +(y-1309.108)^2 = 900
(x-973.376)^2 +(y-1259.571)^2 = 900
(x-990.752)^2 +(y-1202.142)^2 = 900
(x-1008.128)^2 +(y-1144.713)^2 = 900
(x-982.196)^2 +(y-1370.979)^2 = 900
(x-1008.392)^2 +(y-1424.959)^2 = 900
(x-1034.588)^2 +(y-1478.938)^2 = 900
(x-203.603)^2 +(y-1784.716)^2 = 900
(x-187.207)^2 +(y-1842.432)^2 = 900
(x-170.81)^2 +(y-1900.148)^2 = 900
(x-219.732)^2 +(y-1667.001)^2 = 900
(x-219.464)^2 +(y-1607.001)^2 = 900
(x-219.196)^2 +(y-1547.002)^2 = 900
(x-668.632)^2 +(y-438.605)^2 = 900
(x-641.264)^2 +(y-385.211)^2 = 900
(x-613.896)^2 +(y-331.816)^2 = 900
(x-755.816)^2 +(y-487.298)^2 = 900
(x-815.631)^2 +(y-482.597)^2 = 900
(x-875.447)^2 +(y-477.895)^2 = 900
(x-1467.915)^2 +(y-419.967)^2 = 900
(x-1441.83)^2 +(y-365.934)^2 = 900
(x-1415.745)^2 +(y-311.901)^2 = 900
(x-642.058)^2 +(y-1056.137)^2 = 900
(x-646.117)^2 +(y-996.275)^2 = 900
(x-631.87)^2 +(y-1175.686)^2 = 900
(x-625.74)^2 +(y-1235.372)^2 = 900
(x-619.61)^2 +(y-1295.058)^2 = 900
(x-186.584)^2 +(y-1452.511)^2 = 900
(x-154.167)^2 +(y-1402.021)^2 = 900
(x-121.751)^2 +(y-1351.532)^2 = 900
(x-923.111)^2 +(y-371.99)^2 = 900
(x-924.222)^2 +(y-431.979)^2 = 900
(x-959.784)^2 +(y-265.392)^2 = 900
(x-997.569)^2 +(y-218.783)^2 = 900
(x-1035.353)^2 +(y-172.175)^2 = 900
(x-1073.138)^2 +(y-125.567)^2 = 900
(x-1422.256)^2 +(y-1881.001)^2 = 900
(x-1422.513)^2 +(y-1821.001)^2 = 900
(x-1422.769)^2 +(y-1761.002)^2 = 900
(x-1355.223)^2 +(y-1349.405)^2 = 900
(x-1394.445)^2 +(y-1394.809)^2 = 900
(x-1433.668)^2 +(y-1440.214)^2 = 900
(x-1472.891)^2 +(y-1485.618)^2 = 900
(x-1035.888)^2 +(y-1882.141)^2 = 900
(x-1031.775)^2 +(y-1822.282)^2 = 900
(x-1027.663)^2 +(y-1762.423)^2 = 900
(x-1023.55)^2 +(y-1702.564)^2 = 900
(x-268.48)^2 +(y-810.239)^2 = 900
(x-243.96)^2 +(y-755.478)^2 = 900
(x-270.383)^2 +(y-920.574)^2 = 900
(x-247.765)^2 +(y-976.148)^2 = 900
(x-225.148)^2 +(y-1031.722)^2 = 900
(x-202.531)^2 +(y-1087.296)^2 = 900
(x-128.378)^2 +(y-1271.329)^2 = 900
(x-150.755)^2 +(y-1215.658)^2 = 900
(x-173.133)^2 +(y-1159.987)^2 = 900
(x-1477.464)^2 +(y-1572.607)^2 = 900
(x-1454.929)^2 +(y-1628.214)^2 = 900
(x-1432.393)^2 +(y-1683.821)^2 = 900
(x-1016.902)^2 +(y-612.955)^2 = 900
(x-983.803)^2 +(y-562.91)^2 = 900
(x-950.705)^2 +(y-512.865)^2 = 900
(x-1042.807)^2 +(y-1579.748)^2 = 900
(x-1030.614)^2 +(y-1638.496)^2 = 900
(x-640.866)^2 +(y-1708.01)^2 = 900
(x-614.733)^2 +(y-1762.019)^2 = 900
(x-588.599)^2 +(y-1816.029)^2 = 900
(x-562.465)^2 +(y-1870.038)^2 = 900
(x-1353.833)^2 +(y-321.101)^2 = 900
(x-1297.666)^2 +(y-342.203)^2 = 900
(x-1241.499)^2 +(y-363.304)^2 = 900
(x-1408.673)^2 +(y-240.015)^2 = 900
(x-1407.346)^2 +(y-180.029)^2 = 900
(x-1406.019)^2 +(y-120.044)^2 = 900
(x-1817.406)^2 +(y-1453.287)^2 = 900
(x-1833.812)^2 +(y-1395.573)^2 = 900
(x-1850.218)^2 +(y-1337.86)^2 = 900
(x-581.053)^2 +(y-234.414)^2 = 900
(x-568.105)^2 +(y-175.827)^2 = 900
(x-555.158)^2 +(y-117.241)^2 = 900
(x-140.745)^2 +(y-313.948)^2 = 900
(x-180.491)^2 +(y-358.895)^2 = 900
(x-220.236)^2 +(y-403.843)^2 = 900
(x-259.982)^2 +(y-448.791)^2 = 900
(x-246.993)^2 +(y-672.655)^2 = 900
(x-260.987)^2 +(y-614.309)^2 = 900
(x-274.98)^2 +(y-555.964)^2 = 900
(x-288.974)^2 +(y-497.618)^2 = 900
(x-1818.671)^2 +(y-623.237)^2 = 900
(x-1813.342)^2 +(y-563.474)^2 = 900
(x-1828.976)^2 +(y-1260.947)^2 = 900
(x-1800.952)^2 +(y-1207.893)^2 = 900
(x-1772.928)^2 +(y-1154.84)^2 = 900
(x-1744.904)^2 +(y-1101.787)^2 = 900
