(679,1971)
(1722,1810)
(900,500)
(704,1005)
(1268,1088)
(1532,1545)
(520,1483)
(1096,740)
(494,31)
(919,125)
(1653,584)
(1283,769)
(1942,27)
(1280,1222)
(881,1411)
(1871,1783)
(1711,919)
(519,197)
(84,1013)
(857,356)
(58,1789)
(1112,1799)
(1886,190)
(1061,1880)
(1332,846)
(1916,1389)
(1464,1338)
(1061,118)
(522,350)
(257,920)
(100,40)
(1083,518)
(1479,123)
(291,123)
(1309,1161)
(1059,1632)
(1477,1740)
(1738,1304)
(1668,202)
(1250,1569)
(1729,1060)
(735,280)
(916,748)
(1115,1565)
(1866,1072)
(350,40)
(1113,850)
(541,523)
(1260,47)
(1455,1812)
(1076,260)
(110,821)
(1730,431)
(1659,1012)
(1926,430)
(334,210)
(1065,452)
(1131,1337)
(1114,1077)
(1077,377)
(1684,1173)
(275,1737)
(913,420)
(289,851)
(1064,1241)
(1853,512)
(1099,604)
(75,1871)
(1547,599)
(1732,291)
(1339,1310)
(1497,293)
(491,1653)
(1119,1466)
(281,1898)
(480,768)
(735,936)
(1338,1635)
(912,1475)
(1864,1328)
(682,1382)
(706,1721)
(1901,1179)
(329,592)
(1116,676)
(854,925)
(481,1967)
(1276,1787)
(133,589)
(898,1947)
(921,31)
(262,660)
(527,109)
(727,45)
(873,1146)
(1292,1495)
(1263,1416)
(1100,203)
(134,1546)
(1533,1884)
(545,1900)
(744,422)
(325,1070)
(916,1062)
(1741,1880)
(96,1239)
(292,297)
(709,1142)
(1336,203)
(254,1658)
(677,1256)
(1503,913)
(322,1495)
(299,1542)
(1915,1860)
(1937,858)
(340,997)
(916,267)
(1456,1980)
(1945,1621)
(748,526)
(1544,996)
(516,1063)
(913,1252)
(50,750)
(899,1861)
(908,1806)
(1279,1725)
(1057,1942)
(475,1314)
(903,1002)
(1103,47)
(518,666)
(1912,294)
(1731,56)
(1690,1648)
(259,1812)
(673,662)
(907,823)
(468,1733)
(148,181)
(1294,661)
(1860,122)
(1925,980)
(713,1336)
(74,531)
(1482,1255)
(1855,748)
(935,1321)
(530,1152)
(1745,1950)
(704,1473)
(1473,779)
(537,429)
(928,685)
(676,1881)
(1481,1389)
(1323,536)
(1279,596)
(454,1576)
(149,919)
(494,834)
(1287,1870)
(58,692)
(1650,355)
(296,1229)
(932,180)
(524,1782)
(714,105)
(1056,1004)
(467,283)
(1489,201)
(1909,939)
(1252,369)
(1522,1493)
(522,919)
(1143,1156)
(1700,1562)
(1939,1956)
(1717,1481)
(1906,664)
(57,1970)
(294,1309)
(950,1629)
(1697,1716)
(899,1707)
(150,375)
(1467,27)
(1935,1577)
(1287,293)
(344,1394)
(52,453)
(324,761)
(255,437)
(1120,900)
(1898,361)
(736,851)
(93,1420)
(142,263)
(1455,696)
(1922,1246)
(1067,1388)
(59,1487)
(1473,524)
(1680,1420)
(1542,1161)
(507,1224)
(1725,138)
(916,585)
(286,341)
(659,364)
(85,126)
(697,208)
(259,1967)
(1675,780)
(718,1807)
(686,1629)
(528,618)
(103,1175)
(281,530)
(1481,1079)
(654,607)
(122,1635)
(254,1152)
(1522,356)
(1661,1258)
(1656,682)
(1451,1622)
(136,1300)
(653,1541)
(1679,538)
(1874,1731)
(1722,821)
(54,1739)
(1282,1007)
(716,770)
(1308,1958)
(1305,140)
(505,1408)
(1521,842)
(121,1060)
(1904,586)
(922,1558)
(1264,432)
(1858,1494)
(505,981)
(1348,903)
(1505,439)
(1063,1730)
(706,1089)
(938,1195)
(x-911.5)^2 +(y-1192.019)^2 = 900
(x-717.136)^2 +(y-1924.679)^2 = 900
(x-1777.63)^2 +(y-1832.479)^2 = 900
(x-950.174)^2 +(y-467.097)^2 = 900
(x-761.987)^2 +(y-989.588)^2 = 900
(x-1325.976)^2 +(y-1103.452)^2 = 900
(x-1579.874)^2 +(y-1508.832)^2 = 900
(x-502.229)^2 +(y-1540.308)^2 = 900
(x-1126.659)^2 +(y-791.575)^2 = 900
(x-549.647)^2 +(y-53.438)^2 = 900
(x-957.274)^2 +(y-78.793)^2 = 900
(x-1603.798)^2 +(y-618.339)^2 = 900
(x-1340.365)^2 +(y-786.586)^2 = 900
(x-1332.901)^2 +(y-1250.311)^2 = 900
(x-939.996)^2 +(y-1421.932)^2 = 900
(x-1928.094)^2 +(y-1801.446)^2 = 900
(x-1709.09)^2 +(y-978.97)^2 = 900
(x-521.057)^2 +(y-256.965)^2 = 900
(x-131.549)^2 +(y-976.406)^2 = 900
(x-909.318)^2 +(y-326.627)^2 = 900
(x-108.579)^2 +(y-1821.276)^2 = 900
(x-1117.123)^2 +(y-1858.781)^2 = 900
(x-1925.158)^2 +(y-235.461)^2 = 900
(x-1923.98)^2 +(y-1329.533)^2 = 900
(x-1514.425)^2 +(y-1305.484)^2 = 900
(x-1114.671)^2 +(y-144.821)^2 = 900
(x-573.255)^2 +(y-381.192)^2 = 900
(x-315.101)^2 +(y-905.025)^2 = 900
(x-133.055)^2 +(y-90.074)^2 = 900
(x-1121.558)^2 +(y-472.03)^2 = 900
(x-1528.953)^2 +(y-156.237)^2 = 900
(x-346.371)^2 +(y-99.89)^2 = 900
(x-1118.578)^2 +(y-1624.893)^2 = 900
(x-1510.683)^2 +(y-1789.653)^2 = 900
(x-1719.942)^2 +(y-1246.782)^2 = 900
(x-1719.816)^2 +(y-232.25)^2 = 900
(x-1308.387)^2 +(y-1582.817)^2 = 900
(x-711.682)^2 +(y-335.283)^2 = 900
(x-957.789)^2 +(y-791.055)^2 = 900
(x-1903.243)^2 +(y-1119.042)^2 = 900
(x-570.243)^2 +(y-575.391)^2 = 900
(x-1309.973)^2 +(y-80.206)^2 = 900
(x-1089.822)^2 +(y-318.386)^2 = 900
(x-108.981)^2 +(y-761.009)^2 = 900
(x-1706.24)^2 +(y-375.905)^2 = 900
(x-1907.592)^2 +(y-487.107)^2 = 900
(x-345.052)^2 +(y-268.973)^2 = 900
(x-1108.309)^2 +(y-1281.456)^2 = 900
(x-1114.574)^2 +(y-1017.003)^2 = 900
(x-306.952)^2 +(y-1686.215)^2 = 900
(x-1153.477)^2 +(y-629.144)^2 = 900
(x-1555.522)^2 +(y-306.237)^2 = 900
(x-521.035)^2 +(y-1704.941)^2 = 900
(x-1124.166)^2 +(y-1406.223)^2 = 900
(x-309.114)^2 +(y-1844.994)^2 = 900
(x-522.669)^2 +(y-725.818)^2 = 900
(x-741.621)^2 +(y-1388.734)^2 = 900
(x-753.015)^2 +(y-1758.277)^2 = 900
(x-321.397)^2 +(y-651.516)^2 = 900
(x-911.365)^2 +(y-942.586)^2 = 900
(x-540.571)^2 +(y-1959.836)^2 = 900
(x-1328.789)^2 +(y-1758.482)^2 = 900
(x-133.967)^2 +(y-529.008)^2 = 900
(x-940.339)^2 +(y-1904.487)^2 = 900
(x-770.884)^2 +(y-85.917)^2 = 900
(x-1317.653)^2 +(y-1440.76)^2 = 900
(x-118.993)^2 +(y-1487.907)^2 = 900
(x-775.844)^2 +(y-472.852)^2 = 900
(x-378.564)^2 +(y-1042.965)^2 = 900
(x-149.833)^2 +(y-1212.505)^2 = 900
(x-702.384)^2 +(y-1201.634)^2 = 900
(x-1338.92)^2 +(y-262.929)^2 = 900
(x-1557.729)^2 +(y-937.592)^2 = 900
(x-359)^2 +(y-1542.234)^2 = 900
(x-1962.692)^2 +(y-912.221)^2 = 900
(x-1994.214)^2 +(y-1586.679)^2 = 900
(x-562.151)^2 +(y-1101.341)^2 = 900
(x-936.97)^2 +(y-1753.457)^2 = 900
(x-525.219)^2 +(y-1281.167)^2 = 900
(x-1771.587)^2 +(y-100.189)^2 = 900
(x-1736.267)^2 +(y-1609.799)^2 = 900
(x-713.098)^2 +(y-617.366)^2 = 900
(x-188.587)^2 +(y-225.189)^2 = 900
(x-1335.098)^2 +(y-617.285)^2 = 900
(x-1909.934)^2 +(y-723.871)^2 = 900
(x-712.382)^2 +(y-1532.412)^2 = 900
(x-1505.425)^2 +(y-728.516)^2 = 900
(x-954.387)^2 +(y-631.114)^2 = 900
(x-1297.914)^2 +(y-481.496)^2 = 900
(x-545.965)^2 +(y-863.994)^2 = 900
(x-1335.841)^2 +(y-1904.85)^2 = 900
(x-339.696)^2 +(y-1270.117)^2 = 900
(x-1739.749)^2 +(y-1425.48)^2 = 900
(x-979.072)^2 +(y-1576.514)^2 = 900
(x-301.42)^2 +(y-398.985)^2 = 900
(x-767.867)^2 +(y-800.162)^2 = 900
(x-1525.7)^2 +(y-495.316)^2 = 900
(x-1536.729)^2 +(y-1101.232)^2 = 900
(x-1698.189)^2 +(y-724.662)^2 = 900
(x-1743.459)^2 +(y-1753.968)^2 = 900
(x-747.825)^2 +(y-1045.98)^2 = 900
(x-1318.073)^2 +(y-1054.945)^2 = 900
(x-1506.556)^2 +(y-1599.338)^2 = 900
(x-557.835)^2 +(y-1436.433)^2 = 900
(x-977.01)^2 +(y-140.325)^2 = 900
(x-1712.897)^2 +(y-587.507)^2 = 900
(x-932.941)^2 +(y-1380.965)^2 = 900
(x-1926.463)^2 +(y-1760.113)^2 = 900
(x-1750.474)^2 +(y-873.813)^2 = 900
(x-143.37)^2 +(y-1004.326)^2 = 900
(x-110.333)^2 +(y-1759.653)^2 = 900
(x-1122.183)^2 +(y-1739.87)^2 = 900
(x-1917.551)^2 +(y-138.966)^2 = 900
(x-1110.226)^2 +(y-1914.305)^2 = 900
(x-1390.248)^2 +(y-860.395)^2 = 900
(x-1888.452)^2 +(y-1442.302)^2 = 900
(x-1523.39)^2 +(y-1346.537)^2 = 900
(x-1119.504)^2 +(y-104.685)^2 = 900
(x-1508.222)^2 +(y-70.597)^2 = 900
(x-1717.987)^2 +(y-1001.019)^2 = 900
(x-754.983)^2 +(y-223.426)^2 = 900
(x-1916.354)^2 +(y-1039.374)^2 = 900
(x-1170.405)^2 +(y-867.453)^2 = 900
(x-1512.98)^2 +(y-1827.439)^2 = 900
(x-1955.598)^2 +(y-377.808)^2 = 900
(x-1168.653)^2 +(y-1101.76)^2 = 900
(x-1711.847)^2 +(y-1226.147)^2 = 900
(x-339.698)^2 +(y-818.91)^2 = 900
(x-1911.237)^2 +(y-526.438)^2 = 900
(x-98.164)^2 +(y-1926.348)^2 = 900
(x-315.58)^2 +(y-1947.033)^2 = 900
(x-1919.805)^2 +(y-1305.96)^2 = 900
(x-732.353)^2 +(y-1667.097)^2 = 900
(x-340.915)^2 +(y-533.195)^2 = 900
(x-927.493)^2 +(y-1120.889)^2 = 900
(x-167.439)^2 +(y-1595.818)^2 = 900
(x-537.412)^2 +(y-1840.482)^2 = 900
(x-308.903)^2 +(y-1127.801)^2 = 900
(x-1791.614)^2 +(y-1912.222)^2 = 900
(x-155.84)^2 +(y-1243.375)^2 = 900
(x-1558.069)^2 +(y-889.179)^2 = 900
(x-362.777)^2 +(y-1450.986)^2 = 900
(x-1959.928)^2 +(y-1899.768)^2 = 900
(x-553.574)^2 +(y-1016.222)^2 = 900
(x-105.882)^2 +(y-728.156)^2 = 900
(x-105.588)^2 +(y-479.988)^2 = 900
(x-1308.565)^2 +(y-348.991)^2 = 900
(x-167.112)^2 +(y-317.492)^2 = 900
(x-117.72)^2 +(y-1474.671)^2 = 900
(x-1942)^2 +(y-27)^2 = 900
(x-1456)^2 +(y-1980)^2 = 900
(x-1684.945)^2 +(y-1512.741)^2 = 225
(x-924.662)^2 +(y-1133.48)^2 = 900
(x-729.782)^2 +(y-1866.027)^2 = 900
(x-742.429)^2 +(y-1807.375)^2 = 900
(x-658.291)^2 +(y-1936.396)^2 = 900
(x-599.446)^2 +(y-1948.113)^2 = 900
(x-540.602)^2 +(y-1959.83)^2 = 900
(x-1787.993)^2 +(y-1891.577)^2 = 900
(x-1753.685)^2 +(y-1777.464)^2 = 900
(x-1836.393)^2 +(y-1820.359)^2 = 900
(x-1895.156)^2 +(y-1808.24)^2 = 900
(x-933.417)^2 +(y-409.484)^2 = 900
(x-916.661)^2 +(y-351.872)^2 = 900
(x-951.714)^2 +(y-527.077)^2 = 900
(x-953.255)^2 +(y-587.057)^2 = 900
(x-819.22)^2 +(y-971.58)^2 = 900
(x-876.454)^2 +(y-953.571)^2 = 900
(x-763.849)^2 +(y-929.617)^2 = 900
(x-765.71)^2 +(y-869.646)^2 = 900
(x-767.572)^2 +(y-809.675)^2 = 900
(x-1328.802)^2 +(y-1163.385)^2 = 900
(x-1331.628)^2 +(y-1223.319)^2 = 900
(x-1542.106)^2 +(y-1555.454)^2 = 900
(x-1560.152)^2 +(y-1452.166)^2 = 900
(x-1540.43)^2 +(y-1395.5)^2 = 900
(x-1639.832)^2 +(y-1511.063)^2 = 900
(x-530.546)^2 +(y-1487.41)^2 = 900
(x-442.235)^2 +(y-1541.115)^2 = 900
(x-382.24)^2 +(y-1541.921)^2 = 900
(x-509.039)^2 +(y-1599.92)^2 = 900
(x-515.848)^2 +(y-1659.533)^2 = 900
(x-1156.627)^2 +(y-843.555)^2 = 900
(x-1136.433)^2 +(y-732.377)^2 = 900
(x-1146.207)^2 +(y-673.178)^2 = 900
(x-1066.659)^2 +(y-791.39)^2 = 900
(x-1006.66)^2 +(y-791.205)^2 = 900
(x-541.3)^2 +(y-112.855)^2 = 900
(x-532.954)^2 +(y-172.271)^2 = 900
(x-524.608)^2 +(y-231.688)^2 = 900
(x-975.599)^2 +(y-135.926)^2 = 900
(x-1661.537)^2 +(y-602.022)^2 = 900
(x-1571.641)^2 +(y-567.684)^2 = 900
(x-1539.484)^2 +(y-517.029)^2 = 900
(x-1563.837)^2 +(y-663.095)^2 = 900
(x-1523.876)^2 +(y-707.851)^2 = 900
(x-1373.962)^2 +(y-836.298)^2 = 900
(x-1338.499)^2 +(y-726.615)^2 = 900
(x-1336.633)^2 +(y-666.644)^2 = 900
(x-1390.308)^2 +(y-1267.759)^2 = 900
(x-1447.715)^2 +(y-1285.208)^2 = 900
(x-1505.122)^2 +(y-1302.656)^2 = 900
(x-954.7)^2 +(y-1480.102)^2 = 900
(x-969.405)^2 +(y-1538.272)^2 = 900
(x-999.779)^2 +(y-1416.833)^2 = 900
(x-1059.562)^2 +(y-1411.733)^2 = 900
(x-1119.345)^2 +(y-1406.634)^2 = 900
(x-1946.576)^2 +(y-1858.529)^2 = 900
(x-1731.062)^2 +(y-923.138)^2 = 900
(x-1651.213)^2 +(y-963.148)^2 = 900
(x-1593.337)^2 +(y-947.326)^2 = 900
(x-544.299)^2 +(y-312.28)^2 = 900
(x-567.542)^2 +(y-367.596)^2 = 900
(x-461.196)^2 +(y-261.049)^2 = 900
(x-401.335)^2 +(y-265.133)^2 = 900
(x-187.469)^2 +(y-954.659)^2 = 900
(x-243.389)^2 +(y-932.913)^2 = 900
(x-299.31)^2 +(y-911.166)^2 = 900
(x-110.286)^2 +(y-1761.301)^2 = 900
(x-102.661)^2 +(y-1880.984)^2 = 900
(x-1119.673)^2 +(y-1798.835)^2 = 900
(x-1920.443)^2 +(y-175.646)^2 = 900
(x-1937.705)^2 +(y-294.134)^2 = 900
(x-1950.251)^2 +(y-352.808)^2 = 900
(x-1905.951)^2 +(y-1386.76)^2 = 900
(x-1054.703)^2 +(y-142.863)^2 = 900
(x-994.735)^2 +(y-140.904)^2 = 900
(x-1106.168)^2 +(y-204.216)^2 = 900
(x-1097.665)^2 +(y-263.61)^2 = 900
(x-630.205)^2 +(y-362.305)^2 = 900
(x-687.154)^2 +(y-343.418)^2 = 900
(x-331.58)^2 +(y-847.332)^2 = 900
(x-340.179)^2 +(y-959.533)^2 = 900
(x-365.257)^2 +(y-1014.041)^2 = 900
(x-155.864)^2 +(y-145.569)^2 = 900
(x-178.672)^2 +(y-201.065)^2 = 900
(x-1109.421)^2 +(y-413.27)^2 = 900
(x-1097.284)^2 +(y-354.51)^2 = 900
(x-1133.504)^2 +(y-530.828)^2 = 900
(x-1145.449)^2 +(y-589.627)^2 = 900
(x-1181.472)^2 +(y-475.246)^2 = 900
(x-1241.386)^2 +(y-478.462)^2 = 900
(x-1514.837)^2 +(y-97.921)^2 = 900
(x-1539.418)^2 +(y-215.317)^2 = 900
(x-1549.882)^2 +(y-274.398)^2 = 900
(x-345.903)^2 +(y-159.888)^2 = 900
(x-345.435)^2 +(y-219.886)^2 = 900
(x-1120.458)^2 +(y-1684.864)^2 = 900
(x-1061.89)^2 +(y-1605.234)^2 = 900
(x-1005.202)^2 +(y-1585.575)^2 = 900
(x-1509.382)^2 +(y-1729.667)^2 = 900
(x-1508.081)^2 +(y-1669.681)^2 = 900
(x-1506.78)^2 +(y-1609.696)^2 = 900
(x-1726.552)^2 +(y-1306.417)^2 = 900
(x-1733.162)^2 +(y-1366.051)^2 = 900
(x-1741.715)^2 +(y-176.389)^2 = 900
(x-1763.614)^2 +(y-120.528)^2 = 900
(x-1714.171)^2 +(y-291.984)^2 = 900
(x-1708.526)^2 +(y-351.718)^2 = 900
(x-1312.293)^2 +(y-1522.944)^2 = 900
(x-1316.198)^2 +(y-1463.071)^2 = 900
(x-1315.309)^2 +(y-1642.416)^2 = 900
(x-1322.231)^2 +(y-1702.015)^2 = 900
(x-733.342)^2 +(y-279.33)^2 = 900
(x-737.043)^2 +(y-389.66)^2 = 900
(x-762.404)^2 +(y-444.036)^2 = 900
(x-940.213)^2 +(y-848.423)^2 = 900
(x-922.638)^2 +(y-905.791)^2 = 900
(x-956.513)^2 +(y-731.068)^2 = 900
(x-955.237)^2 +(y-671.082)^2 = 900
(x-1912.986)^2 +(y-1059.838)^2 = 900
(x-1908.539)^2 +(y-1178.808)^2 = 900
(x-1913.834)^2 +(y-1238.574)^2 = 900
(x-1919.13)^2 +(y-1298.339)^2 = 900
(x-627.81)^2 +(y-592.306)^2 = 900
(x-685.376)^2 +(y-609.221)^2 = 900
(x-552.151)^2 +(y-632.598)^2 = 900
(x-534.059)^2 +(y-689.806)^2 = 900
(x-1319.361)^2 +(y-139.467)^2 = 900
(x-1328.75)^2 +(y-198.728)^2 = 900
(x-1338.138)^2 +(y-257.989)^2 = 900
(x-1651.777)^2 +(y-350.73)^2 = 900
(x-1597.314)^2 +(y-325.555)^2 = 900
(x-1931.72)^2 +(y-432.172)^2 = 900
(x-325.962)^2 +(y-325.856)^2 = 900
(x-306.873)^2 +(y-382.738)^2 = 900
(x-1115.874)^2 +(y-1340.977)^2 = 900
(x-1123.438)^2 +(y-1400.499)^2 = 900
(x-1146.847)^2 +(y-1067.584)^2 = 900
(x-1135.559)^2 +(y-960.792)^2 = 900
(x-1156.544)^2 +(y-904.582)^2 = 900
(x-327.349)^2 +(y-1629.789)^2 = 900
(x-347.747)^2 +(y-1573.363)^2 = 900
(x-307.769)^2 +(y-1746.21)^2 = 900
(x-308.586)^2 +(y-1806.204)^2 = 900
(x-256.598)^2 +(y-1653.588)^2 = 900
(x-206.245)^2 +(y-1620.962)^2 = 900
(x-1546.174)^2 +(y-365.505)^2 = 900
(x-1536.826)^2 +(y-424.772)^2 = 900
(x-1527.478)^2 +(y-484.04)^2 = 900
(x-528.232)^2 +(y-1764.508)^2 = 900
(x-535.43)^2 +(y-1824.075)^2 = 900
(x-312.908)^2 +(y-1904.874)^2 = 900
(x-532.644)^2 +(y-784.983)^2 = 900
(x-542.619)^2 +(y-844.148)^2 = 900
(x-729.656)^2 +(y-1447.529)^2 = 900
(x-717.691)^2 +(y-1506.323)^2 = 900
(x-739.755)^2 +(y-1699.761)^2 = 900
(x-812.995)^2 +(y-1756.705)^2 = 900
(x-872.974)^2 +(y-1755.134)^2 = 900
(x-932.953)^2 +(y-1753.563)^2 = 900
(x-331.163)^2 +(y-592.316)^2 = 900
(x-327.918)^2 +(y-711.161)^2 = 900
(x-334.439)^2 +(y-770.806)^2 = 900
(x-916.77)^2 +(y-1002.342)^2 = 900
(x-922.175)^2 +(y-1062.098)^2 = 900
(x-538.984)^2 +(y-1899.857)^2 = 900
(x-1331.677)^2 +(y-1818.412)^2 = 900
(x-1334.564)^2 +(y-1878.343)^2 = 900
(x-125.588)^2 +(y-588.42)^2 = 900
(x-117.21)^2 +(y-647.832)^2 = 900
(x-108.832)^2 +(y-707.244)^2 = 900
(x-939.001)^2 +(y-1844.501)^2 = 900
(x-937.663)^2 +(y-1784.516)^2 = 900
(x-1000.239)^2 +(y-1907.948)^2 = 900
(x-1060.139)^2 +(y-1911.41)^2 = 900
(x-763.992)^2 +(y-145.519)^2 = 900
(x-757.1)^2 +(y-205.122)^2 = 900
(x-143.567)^2 +(y-1542.644)^2 = 900
(x-751.948)^2 +(y-527.888)^2 = 900
(x-728.052)^2 +(y-582.924)^2 = 900
(x-340.488)^2 +(y-1089.336)^2 = 900
(x-202.793)^2 +(y-1184.304)^2 = 900
(x-255.752)^2 +(y-1156.103)^2 = 900
(x-308.712)^2 +(y-1127.903)^2 = 900
(x-719.198)^2 +(y-1144.038)^2 = 900
(x-736.013)^2 +(y-1086.442)^2 = 900
(x-653.581)^2 +(y-1166.731)^2 = 900
(x-604.778)^2 +(y-1131.827)^2 = 900
(x-1318.963)^2 +(y-319.512)^2 = 900
(x-1550.092)^2 +(y-997.104)^2 = 900
(x-1542.455)^2 +(y-1056.616)^2 = 900
(x-361.481)^2 +(y-1482.285)^2 = 900
(x-1942.148)^2 +(y-968.594)^2 = 900
(x-1921.604)^2 +(y-1024.967)^2 = 900
(x-1946.509)^2 +(y-854.445)^2 = 900
(x-1930.325)^2 +(y-796.668)^2 = 900
(x-1914.142)^2 +(y-738.892)^2 = 900
(x-1958.757)^2 +(y-1538.276)^2 = 900
(x-1923.3)^2 +(y-1489.874)^2 = 900
(x-556.136)^2 +(y-1041.644)^2 = 900
(x-537.554)^2 +(y-1339.885)^2 = 900
(x-549.889)^2 +(y-1398.604)^2 = 900
(x-1829.576)^2 +(y-115.594)^2 = 900
(x-1887.564)^2 +(y-130.999)^2 = 900
(x-1739.256)^2 +(y-1669.724)^2 = 900
(x-1742.245)^2 +(y-1729.649)^2 = 900
(x-1708.22)^2 +(y-1556.757)^2 = 900
(x-174.991)^2 +(y-283.629)^2 = 900
(x-1319.251)^2 +(y-559.416)^2 = 900
(x-1303.404)^2 +(y-501.546)^2 = 900
(x-721.183)^2 +(y-1591.763)^2 = 900
(x-729.983)^2 +(y-1651.114)^2 = 900
(x-1302.721)^2 +(y-421.689)^2 = 900
(x-1307.529)^2 +(y-361.882)^2 = 900
(x-548.96)^2 +(y-923.919)^2 = 900
(x-551.956)^2 +(y-983.844)^2 = 900
(x-1386.711)^2 +(y-1936.666)^2 = 900
(x-1437.582)^2 +(y-1968.481)^2 = 900
(x-327.008)^2 +(y-1211.474)^2 = 900
(x-314.319)^2 +(y-1152.831)^2 = 900
(x-347.291)^2 +(y-1329.635)^2 = 900
(x-354.886)^2 +(y-1389.152)^2 = 900
(x-362.482)^2 +(y-1448.669)^2 = 900
(x-1799.369)^2 +(y-1432.224)^2 = 900
(x-1858.989)^2 +(y-1438.969)^2 = 900
(x-1707.838)^2 +(y-1476.29)^2 = 900
(x-318.358)^2 +(y-456.544)^2 = 900
(x-335.297)^2 +(y-514.104)^2 = 900
(x-250.124)^2 +(y-367.86)^2 = 900
(x-198.828)^2 +(y-336.736)^2 = 900
(x-1704.587)^2 +(y-665.004)^2 = 900
(x-1710.984)^2 +(y-605.346)^2 = 900
(x-1718.038)^2 +(y-781.284)^2 = 900
(x-1737.886)^2 +(y-837.906)^2 = 900
(x-1260.818)^2 +(y-1072.884)^2 = 900
(x-1203.562)^2 +(y-1090.823)^2 = 900
(x-130.082)^2 +(y-1702.996)^2 = 900
(x-149.83)^2 +(y-1646.339)^2 = 900
(x-1930.351)^2 +(y-80.347)^2 = 900
(x-1449.384)^2 +(y-870.538)^2 = 900
(x-1508.52)^2 +(y-880.681)^2 = 900
(x-1491.987)^2 +(y-1883.646)^2 = 900
(x-1470.994)^2 +(y-1939.854)^2 = 900
(x-126.833)^2 +(y-423.875)^2 = 900
(x-148.079)^2 +(y-367.763)^2 = 900
