1487
OPTIMAL
5
1.500000 3.500000
1.500000 4.500000
3.500000 4.500000
4.500000 4.500000
4.500000 5.500000