(1939,821)
(890,439)
(809,38)
(1549,1540)
(1769,1713)
(522,1067)
(1693,1870)
(1522,1405)
(61,1796)
(1039,460)
(1606,1710)
(548,374)
(1366,1965)
(1943,460)
(860,290)
(1281,1147)
(1625,1965)
(1701,921)
(938,1334)
(1869,1325)
(191,1976)
(376,268)
(1804,45)
(1686,1945)
(205,1087)
(1791,435)
(1721,1079)
(768,115)
(1305,1303)
(1694,1466)
(1770,904)
(20,1540)
(706,608)
(1118,41)
(1804,376)
(1871,1706)
(476,692)
(297,1574)
(1547,453)
(711,1498)
(1859,502)
(1871,434)
(118,1416)
(133,138)
(1107,1720)
(144,378)
(1119,1810)
(1624,1820)
(688,42)
(861,605)
(623,1180)
(281,53)
(229,1705)
(438,356)
(938,1968)
(527,1879)
(1218,1894)
(361,349)
(1308,1645)
(556,753)
(1550,1075)
(615,855)
(1603,1874)
(452,1546)
(877,1867)
(1284,663)
(1384,1235)
(875,1974)
(1360,940)
(1860,1815)
(948,138)
(961,1715)
(1204,750)
(139,1016)
(217,1180)
(520,191)
(1929,1623)
(1971,1571)
(310,597)
(1365,1894)
(1712,107)
(1692,991)
(1528,583)
(1439,1884)
(851,1238)
(1528,1319)
(1017,914)
(1389,291)
(1696,218)
(1299,1958)
(1958,1740)
(1053,1499)
(615,525)
(217,300)
(1771,1387)
(360,914)
(286,768)
(437,115)
(1204,1142)
(943,922)
(1107,266)
(865,761)
(1869,1552)
(1464,1007)
(1858,1407)
(772,681)
(1545,107)
(280,1894)
(1108,923)
(1039,770)
(558,923)
(640,264)
(720,1814)
(1031,1381)
(806,1490)
(1220,1974)
(524,1328)
(611,355)
(1958,121)
(1471,1813)
(877,510)
(295,841)
(1468,611)
(311,1725)
(1937,1073)
(444,1097)
(780,1256)
(1111,821)
(1051,665)
(133,592)
(528,1487)
(207,1492)
(1268,203)
(1296,1094)
(805,1305)
(1194,918)
(279,685)
(892,1470)
(25,377)
(852,1320)
(1133,202)
(288,1255)
(448,1307)
(1113,664)
(943,1552)
(118,1461)
(1304,519)
(719,138)
(22,1394)
(363,1728)
(698,1657)
(969,208)
(708,1314)
(118,218)
(1960,350)
(1052,372)
(1199,858)
(689,529)
(287,350)
(1134,587)
(975,597)
(459,190)
(1043,23)
(1456,1622)
(1219,1257)
(56,839)
(1034,1970)
(1058,1578)
(1349,1632)
(1768,1945)
(442,293)
(1931,926)
(789,350)
(1304,1731)
(809,612)
(1616,425)
(1793,505)
(635,619)
(539,584)
(358,207)
(1125,1144)
(941,1086)
(631,1639)
(524,1404)
(1631,1479)
(221,1390)
(1350,422)
(1194,345)
(280,1637)
(227,1225)
(1778,1092)
(556,1784)
(370,104)
(121,1144)
(1889,366)
(795,1087)
(1600,126)
(113,49)
(1790,693)
(1378,660)
(1701,1551)
(34,425)
(633,1706)
(789,997)
(936,1386)
(852,128)
(1465,1383)
(864,990)
(1218,1781)
(128,776)
(1871,25)
(940,426)
(1883,1944)
(1546,900)
(189,530)
(1716,1731)
(461,936)
(1951,536)
(1200,1085)
(1351,115)
(133,1084)
(1639,32)
(1683,752)
(1687,517)
(29,921)
(527,505)
(532,125)
(1779,289)
(1517,357)
(1357,1472)
(1459,1576)
(770,262)
(1129,536)
(56,1623)
(1702,24)
(1385,354)
(449,1952)
(1548,190)
(803,501)
(1888,593)
(951,1236)
(293,987)
(1718,347)
(690,928)
(1524,1875)
(1521,1740)
(623,1313)
(1219,998)
(1026,1153)
(1781,182)
(857,43)
(291,1386)
(1273,760)
(1059,615)
(1715,1387)
(1541,855)
(192,195)
(1460,1174)
(1707,1644)
(880,220)
(444,1802)
(870,1394)
(1532,288)
(444,1734)
(531,287)
(278,122)
(1935,1875)
(1612,1396)
(778,1565)
(32,1960)
(1870,684)
(475,1491)
(1370,766)
(698,1161)
(938,35)
(1465,771)
(300,1793)
(851,1784)
(1056,991)
(1431,1968)
(1391,996)
(1040,1086)
(1631,1226)
(105,939)
(1437,1736)
(1266,929)
(363,1977)
(1188,594)
(885,343)
(1351,1577)
(391,534)
(948,693)
(59,994)
(717,1711)
(1137,366)
(29,1879)
(294,205)
(640,1091)
(536,1156)
(1553,1654)
(534,1239)
(1462,1489)
(1969,1974)
(1848,1006)
(1788,841)
(964,1165)
(693,370)
(1103,1974)
(768,1141)
(135,1226)
(114,1637)
(1534,995)
(1197,660)
(1628,667)
(1220,1568)
(273,422)
(1967,203)
(56,180)
(796,1956)
(1188,1730)
(554,428)
(221,586)
(205,51)
(1377,823)
(969,522)
(1871,288)
(1269,428)
(559,1550)
(623,135)
(639,922)
(118,1336)
(1785,1225)
(1045,1620)
(1967,274)
(1536,1163)
(354,755)
(795,1889)
(44,271)
(1197,127)
(1136,1393)
(49,690)
(362,1621)
(717,778)
(1367,1740)
(1275,128)
(1265,1490)
(619,1254)
(623,1795)
(1054,215)
(1127,1340)
(935,1794)
(1112,1572)
(1805,614)
(103,434)
(1470,832)
(939,1660)
(443,849)
(221,913)
(1118,1871)
(1793,767)
(109,1812)
(201,1304)
(1698,1305)
(1435,295)
(60,762)
(639,779)
(1631,1645)
(1772,132)
(1952,743)
(1030,509)
(1603,189)
(370,1321)
(526,29)
(634,51)
(476,1003)
(1222,1486)
(519,825)
(1541,1810)
(1969,1146)
(699,836)
(228,1018)
(58,1499)
(864,692)
(1272,263)
(1196,460)
(701,666)
(1203,32)
(1186,183)
(217,688)
(367,1178)
(1958,45)
(1879,1628)
(1042,125)
(1449,1064)
(1792,1479)
(188,449)
(1711,459)
(385,1064)
(275,911)
(352,698)
(1388,1385)
(1132,1622)
(725,1248)
(1360,1077)
(698,1548)
(864,1072)
(1884,186)
(1274,1259)
(636,439)
(1203,540)
(791,1636)
(1122,424)
(1198,1390)
(712,1387)
(786,437)
(1301,1578)
(1119,1061)
(1710,1142)
(107,1540)
(1779,1302)
(1467,538)
(1301,1865)
(1355,30)
(26,1230)
(527,693)
(1875,1159)
(393,450)
(1554,1226)
(634,1467)
(1772,1146)
(1024,848)
(221,1784)
(1953,998)
(1289,25)
(1217,1654)
(966,849)
(1849,849)
(1371,518)
(364,1542)
(797,217)
(1538,530)
(1549,1959)
(363,1420)
(1449,454)
(974,741)
(293,1490)
(461,59)
(293,511)
(628,1382)
(868,1629)
(1287,594)
(559,1733)
(1888,1498)
(1439,1316)
(1434,56)
(196,1626)
(386,995)
(1056,1231)
(1303,1802)
(853,926)
(1634,362)
(773,1796)
(965,1471)
(1950,1405)
(1614,582)
(477,758)
(881,1554)
(1709,285)
(560,1964)
(606,1573)
(1962,1477)
(1531,773)
(1769,1793)
(969,1876)
(602,196)
(44,511)
(1693,1802)
(114,1959)
(119,1886)
(458,1402)
(468,515)
(1039,1880)
(707,1077)
(460,427)
(1288,848)
(617,699)
(1948,592)
(288,1977)
(49,1714)
(1797,1010)
(944,373)
(783,751)
(1440,345)
(370,1809)
(688,427)
(1518,690)
(1380,215)
(1869,1243)
(801,835)
(1804,1896)
(1851,774)
(963,288)
(1137,1490)
(1298,347)
(1047,1791)
(1618,938)
(393,842)
(1690,589)
(1681,845)
(1690,696)
(1549,43)
(368,1885)
(1300,1014)
(1599,268)
(1186,1338)
(1373,619)
(1854,102)
(22,126)
(701,1010)
(553,988)
(1640,507)
(783,1381)
(105,503)
(219,775)
(374,591)
(1783,1568)
(1107,1004)
(1622,769)
(702,219)
(466,1243)
(617,1009)
(1444,1243)
(1703,1259)
(1445,937)
(116,1707)
(689,284)
(1625,1572)
(436,1630)
(201,349)
(613,1967)
(217,138)
(1361,1301)
(300,1065)
(888,849)
(1964,1229)
(1631,1302)
(1950,1799)
(1444,131)
(1140,1224)
(1603,1173)
(1857,915)
(217,1554)
(135,666)
(311,1310)
(460,619)
(1516,1488)
(1851,1900)
(1638,995)
(630,1868)
(1608,840)
(560,1629)
(291,295)
(1026,1317)
(727,1941)
(187,841)
(1938,1337)
(1019,1739)
(1041,289)
(885,1723)
(1127,756)
(1352,1160)
(129,282)
(1939,684)
(782,1719)
(1210,276)
(51,1074)
(1432,690)
(472,1866)
(1120,102)
(890,1177)
(1860,1087)
(958,993)
(384,1487)
(377,22)
(142,852)
(215,1874)
(1461,203)
(38,605)
(693,1869)
(36,30)
(1352,1803)
(383,1251)
(1794,1642)
(442,1148)
(49,1301)
(776,935)
(296,1157)
(1615,1076)
(1293,1414)
(41,1144)
(510,498)
(x-930.648)^2 +(y-483.133)^2 = 900
(x-1490.864)^2 +(y-1525.16)^2 = 900
(x-1724.279)^2 +(y-1753)^2 = 900
(x-489.849)^2 +(y-1117.659)^2 = 900
(x-1647.858)^2 +(y-1909.525)^2 = 900
(x-82.575)^2 +(y-1851.987)^2 = 900
(x-593.988)^2 +(y-412.538)^2 = 900
(x-1413.864)^2 +(y-1928.819)^2 = 900
(x-826.032)^2 +(y-240.541)^2 = 900
(x-1245.478)^2 +(y-1098.646)^2 = 900
(x-1648.37)^2 +(y-949.812)^2 = 900
(x-888.371)^2 +(y-1367.719)^2 = 900
(x-1906.574)^2 +(y-1371.778)^2 = 900
(x-411.4)^2 +(y-316.444)^2 = 900
(x-1831.559)^2 +(y-479.215)^2 = 900
(x-1737.849)^2 +(y-1136.586)^2 = 900
(x-816.477)^2 +(y-79.646)^2 = 900
(x-1333.338)^2 +(y-1250.114)^2 = 900
(x-1827.333)^2 +(y-886.309)^2 = 900
(x-1069.773)^2 +(y-76.695)^2 = 900
(x-500.435)^2 +(y-746.799)^2 = 900
(x-239.885)^2 +(y-1592.382)^2 = 900
(x-160.548)^2 +(y-320.327)^2 = 900
(x-1066.84)^2 +(y-1839.653)^2 = 900
(x-825.109)^2 +(y-653.081)^2 = 900
(x-230.48)^2 +(y-85.369)^2 = 900
(x-259.894)^2 +(y-1756.435)^2 = 900
(x-1345.43)^2 +(y-1691.894)^2 = 900
(x-1498.854)^2 +(y-1043.629)^2 = 900
(x-666.218)^2 +(y-886.253)^2 = 900
(x-511.541)^2 +(y-1538.59)^2 = 900
(x-1329.811)^2 +(y-624.253)^2 = 900
(x-185.155)^2 +(y-1054.337)^2 = 900
(x-274.688)^2 +(y-1196.495)^2 = 900
(x-574.947)^2 +(y-166.899)^2 = 900
(x-1914.48)^2 +(y-1591.136)^2 = 900
(x-341.695)^2 +(y-546.055)^2 = 900
(x-1725.13)^2 +(y-165.546)^2 = 900
(x-974.941)^2 +(y-871.209)^2 = 900
(x-1437.924)^2 +(y-325.733)^2 = 900
(x-1100.504)^2 +(y-1535.652)^2 = 900
(x-555.012)^2 +(y-526.176)^2 = 900
(x-1743)^2 +(y-1333.934)^2 = 900
(x-416.986)^2 +(y-895.223)^2 = 900
(x-325.539)^2 +(y-722.87)^2 = 900
(x-411.515)^2 +(y-60.681)^2 = 900
(x-1555.366)^2 +(y-166.098)^2 = 900
(x-749.236)^2 +(y-1761.605)^2 = 900
(x-498.046)^2 +(y-1273.904)^2 = 900
(x-239.138)^2 +(y-862.897)^2 = 900
(x-1515.114)^2 +(y-573.848)^2 = 900
(x-1081.172)^2 +(y-613.138)^2 = 900
(x-1224.996)^2 +(y-161.16)^2 = 900
(x-753.263)^2 +(y-1274.614)^2 = 900
(x-1248.222)^2 +(y-892.31)^2 = 900
(x-927.848)^2 +(y-1518.114)^2 = 900
(x-400.237)^2 +(y-1775.047)^2 = 900
(x-1008.036)^2 +(y-253.565)^2 = 900
(x-1825.351)^2 +(y-1927.369)^2 = 900
(x-1663.342)^2 +(y-461.861)^2 = 900
(x-990.5)^2 +(y-1119.908)^2 = 900
(x-587.262)^2 +(y-1680.073)^2 = 900
(x-1247.455)^2 +(y-317.75)^2 = 900
(x-831.485)^2 +(y-1039.368)^2 = 900
(x-1834.974)^2 +(y-732.715)^2 = 900
(x-1666.28)^2 +(y-1599.934)^2 = 900
(x-62.178)^2 +(y-477.972)^2 = 900
(x-1644.104)^2 +(y-797.685)^2 = 900
(x-72.785)^2 +(y-1680.604)^2 = 900
(x-339.849)^2 +(y-1024.486)^2 = 900
(x-1517.682)^2 +(y-799.717)^2 = 900
(x-1573.138)^2 +(y-1210.125)^2 = 900
(x-663.42)^2 +(y-1035.76)^2 = 900
(x-1184.385)^2 +(y-1357.519)^2 = 900
(x-318.2)^2 +(y-251.9)^2 = 900
(x-1577.351)^2 +(y-1857.735)^2 = 900
(x-1255.122)^2 +(y-1616.646)^2 = 900
(x-406.15)^2 +(y-1584.701)^2 = 900
(x-1320.32)^2 +(y-1853.954)^2 = 900
(x-514.112)^2 +(y-963.913)^2 = 900
(x-660.11)^2 +(y-320.53)^2 = 900
(x-664.96)^2 +(y-1837.888)^2 = 900
(x-347.064)^2 +(y-1265.557)^2 = 900
(x-665.002)^2 +(y-1355.847)^2 = 900
(x-1185.495)^2 +(y-556.206)^2 = 900
(x-1177.893)^2 +(y-402.798)^2 = 900
(x-1816.338)^2 +(y-1045.846)^2 = 900
(x-76.388)^2 +(y-1103.878)^2 = 900
(x-173.93)^2 +(y-814.606)^2 = 900
(x-1083.277)^2 +(y-1044.441)^2 = 900
(x-1566.636)^2 +(y-1364.905)^2 = 900
(x-1550.318)^2 +(y-1687.651)^2 = 900
(x-1929.341)^2 +(y-401.575)^2 = 900
(x-1851.448)^2 +(y-81.725)^2 = 900
(x-77.939)^2 +(y-1555.59)^2 = 900
(x-654.136)^2 +(y-577.831)^2 = 900
(x-1829.357)^2 +(y-321.622)^2 = 900
(x-761.558)^2 +(y-1530.31)^2 = 900
(x-171.109)^2 +(y-1443.919)^2 = 900
(x-168.833)^2 +(y-186.125)^2 = 900
(x-898.143)^2 +(y-1923.151)^2 = 900
(x-509.299)^2 +(y-1821.67)^2 = 900
(x-1239.535)^2 +(y-1950.002)^2 = 900
(x-1419.902)^2 +(y-943.42)^2 = 900
(x-1919.969)^2 +(y-1816.913)^2 = 900
(x-989.084)^2 +(y-1768.021)^2 = 900
(x-1165.585)^2 +(y-796.09)^2 = 900
(x-900.337)^2 +(y-1203.855)^2 = 900
(x-923.526)^2 +(y-747.782)^2 = 900
(x-330.318)^2 +(y-1926.682)^2 = 900
(x-1919.185)^2 +(y-166.754)^2 = 900
(x-1911.921)^2 +(y-1127.507)^2 = 900
(x-192.962)^2 +(y-589.869)^2 = 900
(x-1351.224)^2 +(y-481.988)^2 = 900
(x-58.97)^2 +(y-1346.743)^2 = 900
(x-82.084)^2 +(y-893.034)^2 = 900
(x-1108.323)^2 +(y-1201.636)^2 = 900
(x-63.048)^2 +(y-82.239)^2 = 900
(x-1425.305)^2 +(y-1338.007)^2 = 900
(x-1947.929)^2 +(y-595.921)^2 = 900
(x-1395.259)^2 +(y-74.489)^2 = 900
(x-1303.808)^2 +(y-1444.24)^2 = 900
(x-1668.584)^2 +(y-312.97)^2 = 900
(x-307.832)^2 +(y-1443.591)^2 = 900
(x-1662.215)^2 +(y-617.712)^2 = 900
(x-745.731)^2 +(y-1923.243)^2 = 900
(x-81.225)^2 +(y-639.388)^2 = 900
(x-768.272)^2 +(y-809.164)^2 = 900
(x-885.165)^2 +(y-1686.492)^2 = 900
(x-641.998)^2 +(y-1526.465)^2 = 900
(x-452.589)^2 +(y-457.013)^2 = 900
(x-1434.666)^2 +(y-190.27)^2 = 900
(x-836.352)^2 +(y-465.867)^2 = 900
(x-901.373)^2 +(y-380.088)^2 = 900
(x-1325.133)^2 +(y-1106.352)^2 = 900
(x-991.025)^2 +(y-1362.078)^2 = 900
(x-1828.232)^2 +(y-1596.022)^2 = 900
(x-482.763)^2 +(y-1447.584)^2 = 900
(x-757.244)^2 +(y-1666.498)^2 = 900
(x-1104.832)^2 +(y-1615.507)^2 = 900
(x-822.16)^2 +(y-946.996)^2 = 900
(x-1477.094)^2 +(y-312.194)^2 = 900
(x-74.713)^2 +(y-1917.862)^2 = 900
(x-1421.827)^2 +(y-796.232)^2 = 900
(x-1648.219)^2 +(y-1283.476)^2 = 900
(x-1900.984)^2 +(y-774.581)^2 = 900
(x-1085.339)^2 +(y-421.885)^2 = 900
(x-710.582)^2 +(y-97.588)^2 = 900
(x-1749.408)^2 +(y-1442.98)^2 = 900
(x-1496.864)^2 +(y-485.96)^2 = 900
(x-1151.886)^2 +(y-1759.815)^2 = 900
(x-649.237)^2 +(y-1126.041)^2 = 900
(x-986.75)^2 +(y-1933.022)^2 = 900
(x-324.638)^2 +(y-396.727)^2 = 900
(x-609.857)^2 +(y-726.553)^2 = 900
(x-1443.915)^2 +(y-1231.804)^2 = 900
(x-1944.925)^2 +(y-1516.962)^2 = 900
(x-1696.533)^2 +(y-49.028)^2 = 900
(x-1165.454)^2 +(y-252.466)^2 = 900
(x-1462.561)^2 +(y-1753.596)^2 = 900
(x-1461.218)^2 +(y-670.615)^2 = 900
(x-62.059)^2 +(y-239.693)^2 = 900
(x-1025.778)^2 +(y-565.037)^2 = 900
(x-1400.016)^2 +(y-1600.418)^2 = 900
(x-1901.066)^2 +(y-977.999)^2 = 900
(x-176.368)^2 +(y-1349.901)^2 = 900
(x-1278.12)^2 +(y-987.763)^2 = 900
(x-81.417)^2 +(y-1252.998)^2 = 900
(x-1827.782)^2 +(y-1267.067)^2 = 900
(x-589.541)^2 +(y-1911.776)^2 = 900
(x-239.864)^2 +(y-1941.182)^2 = 900
(x-1928.21)^2 +(y-1687.918)^2 = 900
(x-973.235)^2 +(y-83.565)^2 = 900
(x-584.736)^2 +(y-16.75)^2 = 900
(x-1167.671)^2 +(y-74.657)^2 = 900
(x-1582.688)^2 +(y-1125.314)^2 = 900
(x-1236.48)^2 +(y-626.369)^2 = 900
(x-86.845)^2 +(y-1045.663)^2 = 900
(x-477.053)^2 +(y-149.101)^2 = 900
(x-239.461)^2 +(y-730.13)^2 = 900
(x-644.234)^2 +(y-404.955)^2 = 900
(x-389.662)^2 +(y-1122.444)^2 = 900
(x-818.33)^2 +(y-1363.501)^2 = 900
(x-1633.958)^2 +(y-717.432)^2 = 900
(x-1594.079)^2 +(y-882.974)^2 = 900
(x-994.095)^2 +(y-795.984)^2 = 900
(x-1608.768)^2 +(y-1534.729)^2 = 900
(x-565.012)^2 +(y-316.462)^2 = 900
(x-848.991)^2 +(y-348.981)^2 = 900
(x-1577.518)^2 +(y-1928.32)^2 = 900
(x-1278.488)^2 +(y-1249.175)^2 = 900
(x-713.533)^2 +(y-667.525)^2 = 900
(x-502.565)^2 +(y-638.201)^2 = 900
(x-84.435)^2 +(y-385.213)^2 = 900
(x-162.993)^2 +(y-434.915)^2 = 900
(x-1159.883)^2 +(y-1766.085)^2 = 900
(x-593.627)^2 +(y-1232.318)^2 = 900
(x-469.327)^2 +(y-1895.548)^2 = 900
(x-575.678)^2 +(y-809.681)^2 = 900
(x-415.459)^2 +(y-1498.41)^2 = 900
(x-903.447)^2 +(y-1813.143)^2 = 900
(x-1251.641)^2 +(y-713.526)^2 = 900
(x-985.059)^2 +(y-964.791)^2 = 900
(x-1066.324)^2 +(y-879.836)^2 = 900
(x-1639.07)^2 +(y-236.947)^2 = 900
(x-910.424)^2 +(y-871.613)^2 = 900
(x-1589.634)^2 +(y-66.902)^2 = 900
(x-259.769)^2 +(y-1837.514)^2 = 900
(x-660.841)^2 +(y-207.736)^2 = 900
(x-758.032)^2 +(y-1200.166)^2 = 900
(x-1302.776)^2 +(y-459.012)^2 = 900
(x-1930.171)^2 +(y-297.94)^2 = 900
(x-68.15)^2 +(y-780.243)^2 = 900
(x-1071.339)^2 +(y-1923.034)^2 = 900
(x-1825.026)^2 +(y-644.285)^2 = 900
(x-1905.517)^2 +(y-74.077)^2 = 900
(x-1942.253)^2 +(y-1934.56)^2 = 900
(x-1305.248)^2 +(y-76.183)^2 = 900
(x-1916.339)^2 +(y-645.886)^2 = 900
(x-1208.149)^2 +(y-1509.182)^2 = 900
(x-1927.031)^2 +(y-1188.879)^2 = 900
(x-538.177)^2 +(y-474.92)^2 = 225
(x-871.63)^2 +(y-472.327)^2 = 900
(x-914.251)^2 +(y-425.417)^2 = 900
(x-976.118)^2 +(y-522.281)^2 = 900
(x-1021.587)^2 +(y-561.429)^2 = 900
(x-1444.659)^2 +(y-1563.436)^2 = 900
(x-1550.667)^2 +(y-1530.014)^2 = 900
(x-1703.019)^2 +(y-1696.893)^2 = 900
(x-1681.759)^2 +(y-1640.786)^2 = 900
(x-429.917)^2 +(y-1120.522)^2 = 900
(x-1589.892)^2 +(y-1925.014)^2 = 900
(x-75.465)^2 +(y-1911.564)^2 = 900
(x-553.982)^2 +(y-457.254)^2 = 900
(x-1367.019)^2 +(y-1891.328)^2 = 900
(x-1473.863)^2 +(y-1928.636)^2 = 900
(x-1533.863)^2 +(y-1928.453)^2 = 900
(x-838.46)^2 +(y-299.24)^2 = 900
(x-1305.199)^2 +(y-1104.423)^2 = 900
(x-1262.422)^2 +(y-1041.088)^2 = 900
(x-1610.541)^2 +(y-903.24)^2 = 900
(x-828.48)^2 +(y-1364.112)^2 = 900
(x-948.281)^2 +(y-1364.427)^2 = 900
(x-903.604)^2 +(y-1425.753)^2 = 900
(x-918.838)^2 +(y-1483.787)^2 = 900
(x-1870.498)^2 +(y-1323.835)^2 = 900
(x-1834.423)^2 +(y-1275.892)^2 = 900
(x-1921.898)^2 +(y-1429.788)^2 = 900
(x-1937.221)^2 +(y-1487.799)^2 = 900
(x-362.074)^2 +(y-282.284)^2 = 900
(x-367.361)^2 +(y-357.194)^2 = 900
(x-1878.548)^2 +(y-441.905)^2 = 900
(x-1925.537)^2 +(y-404.596)^2 = 900
(x-1777.101)^2 +(y-1091.207)^2 = 900
(x-757.321)^2 +(y-89.669)^2 = 900
(x-1392.532)^2 +(y-1240.312)^2 = 900
(x-1329.919)^2 +(y-1190.211)^2 = 900
(x-1326.5)^2 +(y-1130.309)^2 = 900
(x-1864.933)^2 +(y-933.067)^2 = 900
(x-1860.355)^2 +(y-836.214)^2 = 900
(x-1893.378)^2 +(y-786.119)^2 = 900
(x-1009.924)^2 +(y-80.954)^2 = 900
(x-1129.76)^2 +(y-75.446)^2 = 900
(x-546.474)^2 +(y-785.275)^2 = 900
(x-501.612)^2 +(y-686.81)^2 = 900
(x-264.809)^2 +(y-1537.803)^2 = 900
(x-289.733)^2 +(y-1483.225)^2 = 900
(x-114.888)^2 +(y-359.252)^2 = 900
(x-114.123)^2 +(y-282.318)^2 = 900
(x-67.697)^2 +(y-244.309)^2 = 900
(x-1070.072)^2 +(y-1899.566)^2 = 900
(x-1022.711)^2 +(y-1799)^2 = 900
(x-1110.584)^2 +(y-1798.587)^2 = 900
(x-765.605)^2 +(y-660.784)^2 = 900
(x-868.344)^2 +(y-694.684)^2 = 900
(x-911.579)^2 +(y-736.286)^2 = 900
(x-199.166)^2 +(y-136.549)^2 = 900
(x-259.801)^2 +(y-1816.435)^2 = 900
(x-319.373)^2 +(y-1764.323)^2 = 900
(x-378.852)^2 +(y-1772.211)^2 = 900
(x-1376.175)^2 +(y-1640.37)^2 = 900
(x-1299.334)^2 +(y-1653.485)^2 = 900
(x-1398.515)^2 +(y-1719.858)^2 = 900
(x-1451.599)^2 +(y-1747.822)^2 = 900
(x-1541.828)^2 +(y-1085.501)^2 = 900
(x-1461.722)^2 +(y-996.499)^2 = 900
(x-1424.59)^2 +(y-949.37)^2 = 900
(x-620.405)^2 +(y-847.508)^2 = 900
(x-714.094)^2 +(y-850.088)^2 = 900
(x-761.97)^2 +(y-813.924)^2 = 900
(x-493.451)^2 +(y-1481.382)^2 = 900
(x-571.283)^2 +(y-1533.037)^2 = 900
(x-631.026)^2 +(y-1527.484)^2 = 900
(x-539.853)^2 +(y-1591.49)^2 = 900
(x-568.165)^2 +(y-1644.39)^2 = 900
(x-1269.827)^2 +(y-625.613)^2 = 900
(x-1386.393)^2 +(y-644.216)^2 = 900
(x-1442.975)^2 +(y-664.179)^2 = 900
(x-1338.741)^2 +(y-564.921)^2 = 900
(x-1347.671)^2 +(y-505.59)^2 = 900
(x-125.387)^2 +(y-1049.064)^2 = 900
(x-318.097)^2 +(y-1237.916)^2 = 900
(x-325.131)^2 +(y-1164.007)^2 = 900
(x-375.574)^2 +(y-1131.518)^2 = 900
(x-629.135)^2 +(y-192.662)^2 = 900
(x-515.915)^2 +(y-156.166)^2 = 900
(x-1937.263)^2 +(y-1535.63)^2 = 900
(x-1854.576)^2 +(y-1594.53)^2 = 900
(x-1922.908)^2 +(y-1650.541)^2 = 900
(x-388.48)^2 +(y-508.489)^2 = 900
(x-435.265)^2 +(y-470.923)^2 = 900
(x-1678.954)^2 +(y-203.857)^2 = 900
(x-1775.124)^2 +(y-132.371)^2 = 900
(x-1825.119)^2 +(y-99.196)^2 = 900
(x-914.943)^2 +(y-871.585)^2 = 900
(x-989.746)^2 +(y-813.064)^2 = 900
(x-1034.676)^2 +(y-876.848)^2 = 900
(x-981.39)^2 +(y-930.861)^2 = 900
(x-1103.751)^2 +(y-1595.564)^2 = 900
(x-1158.769)^2 +(y-1521.325)^2 = 900
(x-608.22)^2 +(y-553.904)^2 = 900
(x-1690.038)^2 +(y-1305.739)^2 = 900
(x-1790.111)^2 +(y-1296.778)^2 = 900
(x-1746.52)^2 +(y-1393.831)^2 = 900
(x-465.973)^2 +(y-929.868)^2 = 900
(x-386.24)^2 +(y-946.746)^2 = 900
(x-355.493)^2 +(y-998.27)^2 = 900
(x-265.751)^2 +(y-727.913)^2 = 900
(x-447.244)^2 +(y-108.884)^2 = 900
(x-1574.957)^2 +(y-109.386)^2 = 900
(x-1601.163)^2 +(y-204.862)^2 = 900
(x-1496.534)^2 +(y-177.88)^2 = 900
(x-1437.703)^2 +(y-189.662)^2 = 900
(x-754.27)^2 +(y-1701.816)^2 = 900
(x-704.753)^2 +(y-1801.869)^2 = 900
(x-553.065)^2 +(y-1249.966)^2 = 900
(x-438.138)^2 +(y-1270.592)^2 = 900
(x-378.229)^2 +(y-1267.28)^2 = 900
(x-190.92)^2 +(y-827.189)^2 = 900
(x-1502.915)^2 +(y-515.101)^2 = 900
(x-1485.919)^2 +(y-626.266)^2 = 900
(x-1035.868)^2 +(y-573.799)^2 = 900
(x-1133.839)^2 +(y-584.396)^2 = 900
(x-1191.851)^2 +(y-111.145)^2 = 900
(x-1192.222)^2 +(y-211.418)^2 = 900
(x-1266.192)^2 +(y-117.538)^2 = 900
(x-757.099)^2 +(y-1214.737)^2 = 900
(x-788.704)^2 +(y-1323.029)^2 = 900
(x-709.115)^2 +(y-1315.246)^2 = 900
(x-1266.156)^2 +(y-949.567)^2 = 900
(x-1209.13)^2 +(y-846.793)^2 = 900
(x-1170.038)^2 +(y-801.276)^2 = 900
(x-455.407)^2 +(y-1798.632)^2 = 900
(x-1068.034)^2 +(y-253.146)^2 = 900
(x-1128.033)^2 +(y-252.727)^2 = 900
(x-1885.238)^2 +(y-1931.053)^2 = 900
(x-1665.453)^2 +(y-401.898)^2 = 900
(x-1667.564)^2 +(y-341.935)^2 = 900
(x-1037.046)^2 +(y-1082.047)^2 = 900
(x-946.587)^2 +(y-1160.794)^2 = 900
(x-902.674)^2 +(y-1201.68)^2 = 900
(x-1039.801)^2 +(y-1154.105)^2 = 900
(x-1089.101)^2 +(y-1188.302)^2 = 900
(x-1200.514)^2 +(y-280.379)^2 = 900
(x-1209.468)^2 +(y-364.193)^2 = 900
(x-825.458)^2 +(y-979.671)^2 = 900
(x-1885.643)^2 +(y-764.851)^2 = 900
(x-1828.267)^2 +(y-673.092)^2 = 900
(x-1626.591)^2 +(y-1554.936)^2 = 900
(x-76.177)^2 +(y-419.628)^2 = 900
(x-1636.579)^2 +(y-738.159)^2 = 900
(x-1613.749)^2 +(y-849.44)^2 = 900
(x-75.257)^2 +(y-1620.655)^2 = 900
(x-77.728)^2 +(y-1560.706)^2 = 900
(x-367.045)^2 +(y-1077.968)^2 = 900
(x-1457.721)^2 +(y-797.537)^2 = 900
(x-1558.248)^2 +(y-843.925)^2 = 900
(x-1579.852)^2 +(y-1150.502)^2 = 900
(x-1616.056)^2 +(y-1252.054)^2 = 900
(x-1513.965)^2 +(y-1220.052)^2 = 900
(x-1454.792)^2 +(y-1229.979)^2 = 900
(x-654.108)^2 +(y-1095.033)^2 = 900
(x-1223.73)^2 +(y-1312.22)^2 = 900
(x-1263.074)^2 +(y-1266.921)^2 = 900
(x-1232.935)^2 +(y-1392.775)^2 = 900
(x-1281.485)^2 +(y-1428.03)^2 = 900
(x-1577.493)^2 +(y-1917.734)^2 = 900
(x-1532.913)^2 +(y-1817.42)^2 = 900
(x-1488.475)^2 +(y-1777.106)^2 = 900
(x-1231.091)^2 +(y-1561.669)^2 = 900
(x-412.586)^2 +(y-1525.047)^2 = 900
(x-1281.699)^2 +(y-1899.872)^2 = 900
(x-1243.078)^2 +(y-1945.79)^2 = 900
(x-649.021)^2 +(y-379.496)^2 = 900
(x-600.165)^2 +(y-317.966)^2 = 900
(x-660.499)^2 +(y-260.531)^2 = 900
(x-622.101)^2 +(y-1879.877)^2 = 900
(x-706.2)^2 +(y-1881.468)^2 = 900
(x-1220.766)^2 +(y-604.744)^2 = 900
(x-1119.129)^2 +(y-414.916)^2 = 900
(x-1232.605)^2 +(y-427.426)^2 = 900
(x-1287.318)^2 +(y-452.054)^2 = 900
(x-1863.173)^2 +(y-1008.343)^2 = 900
(x-1861.956)^2 +(y-1084.82)^2 = 900
(x-1907.575)^2 +(y-1123.794)^2 = 900
(x-78.411)^2 +(y-1163.844)^2 = 900
(x-80.433)^2 +(y-1223.809)^2 = 900
(x-210.706)^2 +(y-767.198)^2 = 900
(x-116.865)^2 +(y-796.069)^2 = 900
(x-1036.675)^2 +(y-1006.649)^2 = 900
(x-990.072)^2 +(y-968.857)^2 = 900
(x-1609.103)^2 +(y-1322.519)^2 = 900
(x-1502.351)^2 +(y-1723.695)^2 = 900
(x-1929.821)^2 +(y-341.577)^2 = 900
(x-116.377)^2 +(y-1509.519)^2 = 900
(x-154.815)^2 +(y-1463.448)^2 = 900
(x-687.264)^2 +(y-627.857)^2 = 900
(x-1887.767)^2 +(y-307.901)^2 = 900
(x-701.589)^2 +(y-1528.381)^2 = 900
(x-759.658)^2 +(y-1590.28)^2 = 900
(x-757.758)^2 +(y-1650.25)^2 = 900
(x-174.46)^2 +(y-1384.012)^2 = 900
(x-231.109)^2 +(y-1443.775)^2 = 900
(x-291.109)^2 +(y-1443.631)^2 = 900
(x-115.204)^2 +(y-213.031)^2 = 900
(x-126.024)^2 +(y-144.084)^2 = 900
(x-83.215)^2 +(y-102.044)^2 = 900
(x-957.774)^2 +(y-1929.794)^2 = 900
(x-480.747)^2 +(y-1874.441)^2 = 900
(x-549.202)^2 +(y-1866.478)^2 = 900
(x-589.105)^2 +(y-1911.287)^2 = 900
(x-1931.135)^2 +(y-1875.865)^2 = 900
(x-1923.795)^2 +(y-1757.035)^2 = 900
(x-1927.62)^2 +(y-1697.157)^2 = 900
(x-936.002)^2 +(y-1795.99)^2 = 900
(x-1208.881)^2 +(y-754.551)^2 = 900
(x-1119.726)^2 +(y-834.781)^2 = 900
(x-1073.868)^2 +(y-873.472)^2 = 900
(x-840.357)^2 +(y-1202.3)^2 = 900
(x-780.377)^2 +(y-1200.746)^2 = 900
(x-973.071)^2 +(y-781.624)^2 = 900
(x-271.074)^2 +(y-1936.179)^2 = 900
(x-1910.431)^2 +(y-107.396)^2 = 900
(x-1924.192)^2 +(y-226.545)^2 = 900
(x-1929.199)^2 +(y-286.336)^2 = 900
(x-1926.265)^2 +(y-1185.767)^2 = 900
(x-138.108)^2 +(y-614.179)^2 = 900
(x-83.253)^2 +(y-638.489)^2 = 900
(x-181.569)^2 +(y-530.961)^2 = 900
(x-170.176)^2 +(y-472.052)^2 = 900
(x-72.942)^2 +(y-1288.392)^2 = 900
(x-118.948)^2 +(y-1348.356)^2 = 900
(x-74.728)^2 +(y-833.486)^2 = 900
(x-83.955)^2 +(y-953.004)^2 = 900
(x-85.826)^2 +(y-1012.975)^2 = 900
(x-1435.661)^2 +(y-1278.908)^2 = 900
(x-1335.269)^2 +(y-75.618)^2 = 900
(x-1414.591)^2 +(y-131.289)^2 = 900
(x-1433.924)^2 +(y-188.089)^2 = 900
(x-1254.167)^2 +(y-1477.941)^2 = 900
(x-1646.87)^2 +(y-257.037)^2 = 900
(x-361.296)^2 +(y-1470.822)^2 = 900
(x-414.761)^2 +(y-1498.054)^2 = 900
(x-1645.858)^2 +(y-675.439)^2 = 900
(x-75.679)^2 +(y-699.131)^2 = 900
(x-70.134)^2 +(y-758.874)^2 = 900
(x-893.737)^2 +(y-1745.877)^2 = 900
(x-902.309)^2 +(y-1805.261)^2 = 900
(x-825.885)^2 +(y-1677.227)^2 = 900
(x-766.605)^2 +(y-1667.961)^2 = 900
(x-398.312)^2 +(y-431.439)^2 = 900
(x-344.035)^2 +(y-405.866)^2 = 900
(x-511.317)^2 +(y-469.301)^2 = 900
(x-1454.386)^2 +(y-246.937)^2 = 900
(x-1474.105)^2 +(y-303.604)^2 = 900
(x-849.784)^2 +(y-349.452)^2 = 900
(x-434.883)^2 +(y-1483.742)^2 = 900
(x-1123.432)^2 +(y-1672.551)^2 = 900
(x-1142.032)^2 +(y-1729.596)^2 = 900
(x-867.785)^2 +(y-908.03)^2 = 900
(x-134.124)^2 +(y-1926.251)^2 = 900
(x-193.535)^2 +(y-1934.64)^2 = 900
(x-1439.78)^2 +(y-738.981)^2 = 900
(x-1457.732)^2 +(y-681.73)^2 = 900
(x-685.888)^2 +(y-152.271)^2 = 900
(x-661.194)^2 +(y-206.954)^2 = 900
(x-660.1)^2 +(y-65.161)^2 = 900
(x-609.618)^2 +(y-32.733)^2 = 900
(x-621.42)^2 +(y-1179.203)^2 = 900
(x-698.822)^2 +(y-1159.824)^2 = 900
(x-748.407)^2 +(y-1193.608)^2 = 900
(x-1046.336)^2 +(y-1925.986)^2 = 900
(x-587.041)^2 +(y-782.046)^2 = 900
(x-661.998)^2 +(y-696.866)^2 = 900
(x-1637.355)^2 +(y-58.923)^2 = 900
(x-1874.914)^2 +(y-1229.937)^2 = 900
(x-1922.045)^2 +(y-1192.807)^2 = 900
(x-251.178)^2 +(y-1882.258)^2 = 900
(x-1246.763)^2 +(y-685.481)^2 = 900
(x-135.14)^2 +(y-417.292)^2 = 900
(x-1885.017)^2 +(y-645.336)^2 = 900
