(256,610)
(103,709)
(1016,1889)
(1384,1090)
(1443,25)
(616,286)
(453,772)
(1457,1555)
(1594,1798)
(263,682)
(1084,944)
(1377,1961)
(1592,812)
(175,16)
(1379,298)
(455,1023)
(1243,942)
(762,1369)
(750,1470)
(1305,1403)
(674,842)
(1744,1154)
(1037,1816)
(1875,1100)
(597,1559)
(89,1940)
(1391,43)
(1017,1733)
(463,497)
(1155,1621)
(1182,1285)
(18,1412)
(250,503)
(1730,443)
(531,1300)
(1952,478)
(475,1825)
(1810,627)
(1596,889)
(387,1105)
(1724,1871)
(1613,1094)
(759,376)
(1466,1496)
(1180,24)
(1937,1436)
(113,1559)
(656,1895)
(524,1158)
(1584,1208)
(1679,1620)
(974,1678)
(1586,216)
(521,490)
(687,1156)
(391,1601)
(890,830)
(1171,286)
(1521,1234)
(38,827)
(471,442)
(835,836)
(1329,618)
(1731,1696)
(1941,1018)
(944,832)
(170,1214)
(104,481)
(312,224)
(1165,1883)
(1868,1805)
(455,311)
(470,1081)
(311,551)
(91,22)
(1610,175)
(1866,620)
(587,1341)
(1183,436)
(114,1214)
(814,1930)
(390,1229)
(1872,1681)
(1757,302)
(834,156)
(1046,1278)
(378,817)
(191,1086)
(955,1497)
(323,1226)
(1594,1667)
(396,699)
(454,1233)
(740,749)
(116,632)
(1532,1406)
(1677,1540)
(760,173)
(748,110)
(822,1413)
(1389,1817)
(1175,707)
(1754,1033)
(98,817)
(1731,1272)
(1368,1037)
(1799,98)
(1096,634)
(962,1536)
(898,242)
(732,1155)
(1753,841)
(1600,110)
(834,235)
(1024,959)
(671,1411)
(548,158)
(1104,1147)
(606,755)
(834,1495)
(595,1678)
(390,1754)
(1818,435)
(378,1423)
(607,424)
(531,1550)
(1312,1766)
(327,1603)
(682,182)
(1444,763)
(1957,109)
(891,1285)
(1043,1007)
(1883,354)
(373,1162)
(1538,875)
(20,1561)
(1898,842)
(307,168)
(402,172)
(468,1740)
(1024,369)
(1747,1953)
(1240,42)
(753,617)
(737,1225)
(165,879)
(833,1304)
(1612,941)
(1864,98)
(1867,1212)
(113,158)
(335,497)
(585,1237)
(1510,697)
(757,1075)
(89,1092)
(948,91)
(230,1761)
(1047,170)
(1117,1360)
(1167,1491)
(121,1894)
(119,1692)
(391,237)
(895,964)
(958,153)
(451,1950)
(109,1416)
(1949,744)
(96,1294)
(545,1817)
(1672,1079)
(890,354)
(37,436)
(1678,1489)
(1678,1273)
(550,1233)
(942,1825)
(1042,747)
(691,880)
(1307,376)
(1106,1956)
(834,500)
(615,1742)
(118,1746)
(1958,42)
(661,1616)
(1746,701)
(664,370)
(255,1624)
(903,175)
(1327,1281)
(1388,1868)
(524,1761)
(806,883)
(1511,37)
(1177,150)
(377,109)
(1171,1963)
(1465,633)
(686,1225)
(1442,1138)
(751,310)
(1653,1888)
(1255,1798)
(1237,547)
(537,1425)
(1509,372)
(28,1302)
(1514,243)
(874,612)
(476,1336)
(327,1170)
(1869,222)
(941,951)
(1537,1285)
(1236,1348)
(1743,908)
(187,415)
(1390,176)
(1111,1748)
(1392,905)
(122,904)
(1511,1358)
(1042,1416)
(1113,1609)
(1181,481)
(394,908)
(735,1276)
(1449,359)
(524,1344)
(1673,1033)
(1657,1666)
(161,1946)
(975,688)
(752,832)
(1234,1233)
(53,1831)
(1805,764)
(123,105)
(744,1417)
(231,828)
(1959,1211)
(1395,1412)
(1245,433)
(890,412)
(1237,1040)
(817,1164)
(333,1027)
(1883,1762)
(1515,1161)
(49,495)
(1113,556)
(1462,1940)
(174,544)
(1154,776)
(831,31)
(1017,1155)
(400,964)
(801,1232)
(319,85)
(1385,507)
(375,567)
(1897,157)
(180,1436)
(1962,1361)
(1615,549)
(1308,1605)
(1182,1338)
(1046,572)
(1748,1601)
(95,288)
(1241,1566)
(515,1033)
(1048,629)
(1388,1234)
(680,1368)
(622,160)
(1106,169)
(1937,1621)
(182,151)
(1797,1880)
(446,688)
(1873,1955)
(1230,1409)
(592,1471)
(1470,223)
(29,1140)
(1101,1564)
(162,484)
(47,943)
(451,234)
(1963,1483)
(1606,1164)
(1656,348)
(1665,501)
(333,771)
(1519,634)
(104,547)
(306,1695)
(905,1138)
(1509,165)
(591,33)
(1819,303)
(875,1947)
(692,232)
(1525,1826)
(1458,1094)
(547,774)
(1311,1144)
(1827,247)
(672,113)
(1674,970)
(960,1406)
(803,1079)
(258,1097)
(29,1684)
(100,366)
(546,310)
(174,1889)
(1590,294)
(800,1873)
(900,291)
(1607,1871)
(186,1820)
(587,1610)
(110,218)
(1602,1281)
(1893,1560)
(537,364)
(683,1765)
(246,1668)
(242,941)
(1535,504)
(110,412)
(192,1291)
(1385,770)
(1530,1667)
(1519,307)
(260,1805)
(1103,288)
(952,246)
(1887,1160)
(1579,41)
(976,1155)
(1544,1475)
(516,1876)
(453,894)
(1108,890)
(377,281)
(835,566)
(1367,833)
(474,613)
(186,1162)
(1368,1155)
(587,1163)
(1659,1147)
(1877,875)
(242,1551)
(1874,24)
(1088,810)
(406,357)
(1324,837)
(1750,1482)
(1440,677)
(1467,1211)
(323,948)
(1659,152)
(310,431)
(446,1482)
(252,564)
(761,965)
(1377,220)
(1757,1341)
(37,1486)
(1159,218)
(1601,1745)
(383,1501)
(47,753)
(255,1472)
(1453,1018)
(1730,1742)
(1366,418)
(1256,1156)
(539,101)
(602,1935)
(1090,1278)
(1892,547)
(751,1741)
(1458,896)
(1586,425)
(1114,703)
(824,627)
(170,969)
(379,1941)
(875,897)
(1951,827)
(688,1666)
(528,1695)
(903,488)
(1088,1491)
(611,94)
(1519,1632)
(1734,634)
(660,1539)
(1226,1487)
(1110,743)
(1612,1964)
(462,1698)
(1315,1473)
(670,1943)
(1442,966)
(1675,243)
(1876,306)
(1896,1410)
(548,17)
(1451,1281)
(1047,509)
(1023,709)
(802,379)
(538,883)
(882,1689)
(1190,824)
(1581,1023)
(1798,1088)
(1022,1549)
(879,771)
(1254,1088)
(1098,1802)
(757,501)
(972,1755)
(875,678)
(1016,102)
(1656,1803)
(1877,1019)
(730,1687)
(528,242)
(33,101)
(975,1613)
(1863,503)
(1323,1039)
(1306,414)
(1652,897)
(1106,1074)
(1664,286)
(968,412)
(329,1299)
(943,560)
(606,1273)
(1534,1025)
(1046,1469)
(610,495)
(1874,770)
(41,1611)
(528,693)
(815,1367)
(101,1154)
(1023,435)
(1900,706)
(1026,20)
(1474,1423)
(1811,902)
(964,1337)
(1829,1933)
(1083,431)
(1377,1672)
(327,1495)
(801,1566)
(620,956)
(664,286)
(1727,1233)
(1300,879)
(671,639)
(1241,1734)
(1521,1952)
(1246,307)
(1456,1883)
(1896,963)
(1401,700)
(1185,1668)
(547,413)
(955,1958)
(940,616)
(1463,1734)
(664,570)
(162,1020)
(801,1745)
(264,90)
(591,550)
(1873,1871)
(1935,1281)
(1827,360)
(1297,1347)
(1583,710)
(873,1802)
(1530,96)
(1965,907)
(320,840)
(1726,223)
(262,1031)
(941,1081)
(45,43)
(764,1007)
(1541,550)
(1675,1433)
(180,1553)
(194,1607)
(1378,955)
(1792,689)
(1967,617)
(1368,562)
(462,179)
(873,1864)
(545,1611)
(1582,1624)
(971,286)
(318,358)
(1747,771)
(120,1818)
(1299,224)
(1814,1300)
(303,1554)
(52,703)
(975,755)
(1104,1024)
(1184,1221)
(1592,484)
(1614,1543)
(1388,363)
(29,566)
(181,1366)
(480,1882)
(1032,296)
(475,1432)
(1811,1609)
(1453,498)
(474,1294)
(1314,763)
(1327,153)
(1245,1938)
(1822,1353)
(1155,895)
(586,1406)
(1651,1225)
(94,772)
(692,426)
(1446,174)
(814,84)
(959,43)
(1662,105)
(812,686)
(738,1537)
(188,234)
(1226,641)
(478,570)
(1233,809)
(1171,1817)
(1942,1535)
(171,1692)
(877,1765)
(251,430)
(124,1605)
(18,1750)
(609,1007)
(1323,707)
(1951,1962)
(1808,1494)
(26,1366)
(172,87)
(1683,573)
(1026,817)
(944,1891)
(970,1288)
(744,422)
(1652,707)
(810,949)
(1869,441)
(756,1827)
(1227,173)
(1096,1885)
(959,1012)
(1299,1690)
(1031,1693)
(1312,572)
(1792,1224)
(1325,106)
(1161,378)
(1596,620)
(258,745)
(477,103)
(1893,1469)
(1952,1683)
(1870,1613)
(118,1027)
(37,231)
(1298,1931)
(1244,380)
(377,1867)
(1474,443)
(1241,876)
(265,1932)
(1248,1277)
(1376,1363)
(378,45)
(1297,1869)
(31,1231)
(328,907)
(478,18)
(29,1028)
(257,896)
(1540,753)
(1022,1077)
(1016,1210)
(1302,1084)
(27,370)
(165,692)
(1538,1879)
(1591,1494)
(1606,1421)
(1947,1817)
(1950,1884)
(232,1410)
(1949,419)
(236,1880)
(873,1554)
(904,556)
(1659,830)
(598,215)
(742,1936)
(1390,116)
(1298,1225)
(1805,1546)
(1950,1078)
(323,1425)
(321,1749)
(659,1080)
(1181,92)
(1614,1354)
(1048,1617)
(1951,947)
(23,1895)
(664,1498)
(600,1800)
(30,283)
(753,708)
(1651,426)
(894,1608)
(763,567)
(478,1153)
(1751,372)
(811,1028)
(183,367)
(330,1877)
(1754,506)
(538,564)
(1171,1563)
(308,1340)
(399,764)
(1242,698)
(604,679)
(672,684)
(387,1683)
(239,1355)
(1936,1139)
(1829,1026)
(1544,944)
(1673,1739)
(1535,428)
(800,301)
(180,834)
(1231,83)
(735,1883)
(1312,1810)
(379,1547)
(596,1878)
(1743,1563)
(658,760)
(590,638)
(1402,1753)
(1256,495)
(1382,1627)
(800,1804)
(1968,224)
(1305,30)
(1297,944)
(1727,965)
(1082,1698)
(661,1292)
(961,375)
(1804,556)
(117,951)
(1456,1689)
(1166,1089)
(1012,1951)
(1393,1550)
(124,1473)
(1934,380)
(47,150)
(1809,1829)
(1794,1422)
(460,363)
(1743,85)
(449,834)
(1106,232)
(1660,616)
(1105,368)
(1252,220)
(1813,826)
(1469,819)
(958,890)
(1745,1407)
(1261,1609)
(180,775)
(1372,1272)
(163,1501)
(91,1365)
(1611,774)
(1255,1696)
(903,45)
(328,1959)
(1748,167)
(1728,1105)
(1327,1568)
(1098,1410)
(892,1470)
(622,876)
(1240,754)
(879,1417)
(1445,1368)
(541,1946)
(387,412)
(1962,148)
(1528,830)
(538,628)
(1089,502)
(973,1233)
(336,288)
(1795,1683)
(826,1687)
(1824,176)
(1947,285)
(1154,1732)
(670,1030)
(657,948)
(514,1105)
(1539,1558)
(46,634)
(388,1353)
(261,239)
(814,1607)
(187,641)
(1661,1338)
(1169,1021)
(396,1010)
(823,431)
(451,1610)
(671,25)
(1260,1872)
(234,377)
(676,1829)
(895,87)
(1801,956)
(172,308)
(746,881)
(1655,744)
(1805,1733)
(233,150)
(241,1146)
(522,1480)
(310,706)
(869,1236)
(466,1557)
(1458,1817)
(1875,1353)
(1939,703)
(402,1812)
(615,828)
(835,759)
(325,32)
(884,1022)
(550,959)
(329,635)
(1758,546)
(1828,31)
(1115,94)
(29,1949)
(176,1765)
(1369,1502)
(1814,505)
(1879,1303)
(237,1227)
(1516,1099)
(974,507)
(742,1607)
(612,366)
(51,1090)
(1451,102)
(1040,1353)
(1443,564)
(375,623)
(521,831)
(247,305)
(587,1086)
(374,1272)
(1307,284)
(1508,1744)
(1656,17)
(1962,1747)
(1092,39)
(388,505)
(320,1815)
(1607,348)
(1739,44)
(1163,1141)
(1157,639)
(1166,553)
(1177,1402)
(1398,639)
(900,1351)
(1158,972)
(50,907)
(667,483)
(1011,887)
(306,1079)
(255,1300)
(1022,234)
(1312,511)
(891,1073)
(1460,280)
(1970,555)
(739,39)
(1463,1618)
(1737,1825)
(1798,1162)
(1660,1955)
(230,47)
(733,244)
(454,941)
(1085,1216)
(88,343)
(x-1599.998)^2 +(y-752.535)^2 = 900
(x-603.664)^2 +(y-1618.629)^2 = 900
(x-1672.992)^2 +(y-1093)^2 = 900
(x-357.415)^2 +(y-1551.28)^2 = 900
(x-556.089)^2 +(y-1289.575)^2 = 900
(x-1816.857)^2 +(y-306.136)^2 = 900
(x-250.869)^2 +(y-1089.959)^2 = 900
(x-1119.673)^2 +(y-683.785)^2 = 900
(x-893.996)^2 +(y-234.321)^2 = 900
(x-1295.628)^2 +(y-1823.723)^2 = 900
(x-359.47)^2 +(y-1220.455)^2 = 900
(x-59.107)^2 +(y-380.221)^2 = 900
(x-1217.893)^2 +(y-1290.798)^2 = 900
(x-1203.914)^2 +(y-1613.166)^2 = 900
(x-222.242)^2 +(y-106.496)^2 = 900
(x-890.441)^2 +(y-588.941)^2 = 900
(x-1503.853)^2 +(y-1690.057)^2 = 900
(x-1809.189)^2 +(y-529.54)^2 = 900
(x-160.392)^2 +(y-1557.296)^2 = 900
(x-1193.433)^2 +(y-764.098)^2 = 900
(x-279.953)^2 +(y-554.989)^2 = 900
(x-154.422)^2 +(y-678.084)^2 = 900
(x-1060.764)^2 +(y-1849.047)^2 = 900
(x-1426.961)^2 +(y-1048.115)^2 = 900
(x-1434.441)^2 +(y-84.386)^2 = 900
(x-565.681)^2 +(y-253.32)^2 = 900
(x-406.942)^2 +(y-733.546)^2 = 900
(x-1410.042)^2 +(y-1517.651)^2 = 900
(x-1645.702)^2 +(y-1828.446)^2 = 900
(x-282.383)^2 +(y-738.783)^2 = 900
(x-1066.471)^2 +(y-1001.382)^2 = 900
(x-1419.757)^2 +(y-1918.907)^2 = 900
(x-1417.432)^2 +(y-251.924)^2 = 900
(x-412.168)^2 +(y-1065.017)^2 = 900
(x-1205.568)^2 +(y-988.892)^2 = 900
(x-787.617)^2 +(y-1423.256)^2 = 900
(x-1271.227)^2 +(y-1452.592)^2 = 900
(x-733.868)^2 +(y-838.02)^2 = 900
(x-1746.208)^2 +(y-1213.959)^2 = 900
(x-1885.557)^2 +(y-1040.936)^2 = 900
(x-61.446)^2 +(y-1886.701)^2 = 900
(x-1033.945)^2 +(y-1675.443)^2 = 900
(x-498.28)^2 +(y-545.532)^2 = 900
(x-65.215)^2 +(y-1374.977)^2 = 900
(x-1926.455)^2 +(y-423.71)^2 = 900
(x-513.565)^2 +(y-1779.036)^2 = 900
(x-1776.247)^2 +(y-676.605)^2 = 900
(x-1554.785)^2 +(y-932.604)^2 = 900
(x-1766.301)^2 +(y-1828.448)^2 = 900
(x-709.197)^2 +(y-409.462)^2 = 900
(x-1195.295)^2 +(y-82.018)^2 = 900
(x-1906.678)^2 +(y-1384.226)^2 = 900
(x-715.362)^2 +(y-1903.728)^2 = 900
(x-559.535)^2 +(y-1109.655)^2 = 900
(x-1571.339)^2 +(y-1266.649)^2 = 900
(x-1673.25)^2 +(y-1679.724)^2 = 900
(x-1620.005)^2 +(y-166.567)^2 = 900
(x-710.736)^2 +(y-1211.106)^2 = 900
(x-856.726)^2 +(y-780.072)^2 = 900
(x-1138.453)^2 +(y-336.405)^2 = 900
(x-76.503)^2 +(y-873.017)^2 = 900
(x-493.274)^2 +(y-386.288)^2 = 900
(x-1308)^2 +(y-561.795)^2 = 900
(x-992.766)^2 +(y-866.955)^2 = 900
(x-142)^2 +(y-1267.066)^2 = 900
(x-130.288)^2 +(y-534.935)^2 = 900
(x-362.297)^2 +(y-191.286)^2 = 900
(x-1920.404)^2 +(y-1834.219)^2 = 900
(x-69.425)^2 +(y-77.987)^2 = 900
(x-1918.558)^2 +(y-648.942)^2 = 900
(x-1237.558)^2 +(y-460.969)^2 = 900
(x-1921.027)^2 +(y-1715.589)^2 = 900
(x-786.597)^2 +(y-119.217)^2 = 900
(x-1068)^2 +(y-1333.821)^2 = 900
(x-423.707)^2 +(y-855.87)^2 = 900
(x-1014.244)^2 +(y-1506.495)^2 = 900
(x-693.106)^2 +(y-711.57)^2 = 900
(x-1472.047)^2 +(y-1403.636)^2 = 900
(x-1731.799)^2 +(y-1515.565)^2 = 900
(x-1831.5)^2 +(y-47.564)^2 = 900
(x-1796.983)^2 +(y-881.811)^2 = 900
(x-586.276)^2 +(y-111.794)^2 = 900
(x-1064.266)^2 +(y-1191.958)^2 = 900
(x-560.752)^2 +(y-715.597)^2 = 900
(x-813.064)^2 +(y-1551.229)^2 = 900
(x-364.507)^2 +(y-1808.315)^2 = 900
(x-348.562)^2 +(y-1370.718)^2 = 900
(x-478.37)^2 +(y-1521.188)^2 = 900
(x-701.13)^2 +(y-238.869)^2 = 900
(x-1450.335)^2 +(y-703.335)^2 = 900
(x-1955.79)^2 +(y-168.988)^2 = 900
(x-845.918)^2 +(y-1245.407)^2 = 900
(x-1909.984)^2 +(y-783.209)^2 = 900
(x-1025.547)^2 +(y-428.98)^2 = 900
(x-224.376)^2 +(y-887.633)^2 = 900
(x-1912.581)^2 +(y-1172.983)^2 = 900
(x-59.625)^2 +(y-185.406)^2 = 900
(x-784.798)^2 +(y-1021.828)^2 = 900
(x-30.21)^2 +(y-1080.012)^2 = 900
(x-989.846)^2 +(y-48.001)^2 = 900
(x-176.68)^2 +(y-1733.486)^2 = 900
(x-1077.385)^2 +(y-221.737)^2 = 900
(x-932.967)^2 +(y-1010.46)^2 = 900
(x-494.24)^2 +(y-1908.403)^2 = 900
(x-837.474)^2 +(y-383)^2 = 900
(x-914.381)^2 +(y-1771.735)^2 = 900
(x-1034.997)^2 +(y-687.41)^2 = 900
(x-1363.39)^2 +(y-396.497)^2 = 900
(x-633.595)^2 +(y-1799.046)^2 = 900
(x-1357.829)^2 +(y-1229.526)^2 = 900
(x-1214.992)^2 +(y-196.439)^2 = 900
(x-367.552)^2 +(y-49.748)^2 = 900
(x-1492.992)^2 +(y-579.93)^2 = 900
(x-487.264)^2 +(y-1391.439)^2 = 900
(x-1526.168)^2 +(y-429.491)^2 = 900
(x-230.455)^2 +(y-373.627)^2 = 900
(x-1423.28)^2 +(y-853.799)^2 = 900
(x-218.586)^2 +(y-1929.151)^2 = 900
(x-1068.088)^2 +(y-516.214)^2 = 900
(x-229.226)^2 +(y-1401.696)^2 = 900
(x-1673.92)^2 +(y-560.333)^2 = 900
(x-1345.379)^2 +(y-1651.934)^2 = 900
(x-1897.8)^2 +(y-1575.576)^2 = 900
(x-1649.731)^2 +(y-288.328)^2 = 900
(x-830.691)^2 +(y-1906.544)^2 = 900
(x-1272.205)^2 +(y-1098.23)^2 = 900
(x-913.034)^2 +(y-1368.661)^2 = 900
(x-940.872)^2 +(y-1106.358)^2 = 900
(x-1554.672)^2 +(y-1534.043)^2 = 900
(x-350.288)^2 +(y-334.726)^2 = 900
(x-1925.277)^2 +(y-910.628)^2 = 900
(x-1298.957)^2 +(y-891.524)^2 = 900
(x-359.287)^2 +(y-465.217)^2 = 900
(x-1780.409)^2 +(y-1396.245)^2 = 900
(x-789.47)^2 +(y-1694.956)^2 = 900
(x-112.49)^2 +(y-986.106)^2 = 900
(x-583.546)^2 +(y-922.058)^2 = 900
(x-650.098)^2 +(y-539.634)^2 = 900
(x-1648.848)^2 +(y-1378.999)^2 = 900
(x-1692.162)^2 +(y-53.133)^2 = 900
(x-221.25)^2 +(y-283.944)^2 = 900
(x-45.165)^2 +(y-693.028)^2 = 900
(x-981.333)^2 +(y-1937.971)^2 = 900
(x-716.934)^2 +(y-1520.067)^2 = 900
(x-1095.061)^2 +(y-1623.705)^2 = 900
(x-1561.133)^2 +(y-1124.163)^2 = 900
(x-815.16)^2 +(y-892.625)^2 = 900
(x-1774.601)^2 +(y-1654.781)^2 = 900
(x-1123.504)^2 +(y-1926.337)^2 = 900
(x-330.844)^2 +(y-607.623)^2 = 900
(x-623.621)^2 +(y-1388.528)^2 = 900
(x-278.633)^2 +(y-1266.393)^2 = 900
(x-708.17)^2 +(y-65.128)^2 = 900
(x-1442.836)^2 +(y-1790.51)^2 = 900
(x-1713.5)^2 +(y-988.731)^2 = 900
(x-151.367)^2 +(y-789.578)^2 = 900
(x-1566.253)^2 +(y-60.39)^2 = 900
(x-1152.593)^2 +(y-1111.804)^2 = 900
(x-359.043)^2 +(y-1702.603)^2 = 900
(x-980.83)^2 +(y-327.331)^2 = 900
(x-795.21)^2 +(y-574.358)^2 = 900
(x-64.93)^2 +(y-1718.008)^2 = 900
(x-1272.267)^2 +(y-327.076)^2 = 900
(x-1415.403)^2 +(y-1191.783)^2 = 900
(x-1466.066)^2 +(y-206.912)^2 = 900
(x-1330.331)^2 +(y-182.291)^2 = 900
(x-1156.209)^2 +(y-1787.448)^2 = 900
(x-1097.641)^2 +(y-1438.452)^2 = 900
(x-344.32)^2 +(y-941.644)^2 = 900
(x-1339.396)^2 +(y-1389.457)^2 = 900
(x-873.115)^2 +(y-73.735)^2 = 900
(x-531.599)^2 +(y-41.458)^2 = 900
(x-1783.458)^2 +(y-205.72)^2 = 900
(x-1853.888)^2 +(y-1514.5)^2 = 900
(x-230.826)^2 +(y-1609.95)^2 = 900
(x-1346.136)^2 +(y-724.288)^2 = 900
(x-1140.288)^2 +(y-839.428)^2 = 900
(x-530.549)^2 +(y-633.054)^2 = 900
(x-330.794)^2 +(y-1905.276)^2 = 900
(x-667.318)^2 +(y-992.892)^2 = 900
(x-1770.325)^2 +(y-398.571)^2 = 900
(x-1194.862)^2 +(y-589.713)^2 = 900
(x-492.726)^2 +(y-1646.464)^2 = 900
(x-1559.456)^2 +(y-1935.033)^2 = 900
(x-1263.903)^2 +(y-1738.664)^2 = 900
(x-52.066)^2 +(y-329.912)^2 = 900
(x-1522.576)^2 +(y-1615.708)^2 = 900
(x-1639.914)^2 +(y-848.115)^2 = 900
(x-493.503)^2 +(y-976.983)^2 = 900
(x-1787.506)^2 +(y-1112.682)^2 = 900
(x-471.789)^2 +(y-1290.302)^2 = 900
(x-1917.846)^2 +(y-527.33)^2 = 900
(x-1694.801)^2 +(y-1923.416)^2 = 900
(x-1555.383)^2 +(y-1077.257)^2 = 900
(x-804.587)^2 +(y-336.989)^2 = 900
(x-1131.071)^2 +(y-58.727)^2 = 900
(x-67.315)^2 +(y-1597.896)^2 = 900
(x-610.638)^2 +(y-1934.272)^2 = 900
(x-1620.594)^2 +(y-1255.549)^2 = 900
(x-1785.901)^2 +(y-1720.204)^2 = 900
(x-142)^2 +(y-1160.934)^2 = 900
(x-53.89)^2 +(y-514)^2 = 900
(x-407.086)^2 +(y-274.885)^2 = 900
(x-986.086)^2 +(y-1281.213)^2 = 900
(x-1626.31)^2 +(y-1717.557)^2 = 900
(x-1401.496)^2 +(y-987.221)^2 = 900
(x-923.578)^2 +(y-1582.084)^2 = 900
(x-1798.464)^2 +(y-801.846)^2 = 900
(x-491.537)^2 +(y-137.705)^2 = 900
(x-563.448)^2 +(y-797.301)^2 = 900
(x-586.317)^2 +(y-367.677)^2 = 900
(x-1933.805)^2 +(y-322.081)^2 = 900
(x-1290.402)^2 +(y-74.552)^2 = 900
(x-711.5)^2 +(y-1279.312)^2 = 900
(x-1836.839)^2 +(y-1263.868)^2 = 900
(x-200.575)^2 +(y-1813.29)^2 = 900
(x-1192.969)^2 +(y-1436.911)^2 = 900
(x-884.602)^2 +(y-532.241)^2 = 900
(x-719.814)^2 +(y-1627.871)^2 = 900
(x-1489.917)^2 +(y-315.116)^2 = 900
(x-864.524)^2 +(y-671.247)^2 = 900
(x-1426.797)^2 +(y-550.046)^2 = 900
(x-1577.362)^2 +(y-502.273)^2 = 900
(x-1854.233)^2 +(y-1898.011)^2 = 900
(x-1608.066)^2 +(y-384.088)^2 = 900
(x-814.369)^2 +(y-1814.746)^2 = 900
(x-292.6)^2 +(y-1518.757)^2 = 900
(x-1264.466)^2 +(y-1881.246)^2 = 900
(x-94.882)^2 +(y-1501.801)^2 = 900
(x-56.243)^2 +(y-1249.063)^2 = 900
(x-1615.369)^2 +(y-659.48)^2 = 900
(x-1325.039)^2 +(y-1078.885)^2 = 900
(x-1577.192)^2 +(y-1855.598)^2 = 900
(x-1548.086)^2 +(y-852.885)^2 = 900
(x-136.045)^2 +(y-61.635)^2 = 900
(x-819.838)^2 +(y-1353.039)^2 = 900
(x-1931.612)^2 +(y-1119.878)^2 = 900
(x-570.743)^2 +(y-1505.05)^2 = 900
(x-1233.72)^2 +(y-1254.585)^2 = 900
(x-355.282)^2 +(y-1054.069)^2 = 900
(x-1946.996)^2 +(y-1495.161)^2 = 900
(x-466.489)^2 +(y-1140.897)^2 = 900
(x-708.264)^2 +(y-1099.894)^2 = 900
(x-935.577)^2 +(y-790.977)^2 = 900
(x-1366.043)^2 +(y-665.2)^2 = 900
(x-348.293)^2 +(y-869.13)^2 = 900
(x-902.756)^2 +(y-1526.505)^2 = 900
(x-1234.633)^2 +(y-700.376)^2 = 900
(x-928.955)^2 +(y-190.602)^2 = 900
(x-783.046)^2 +(y-1186.532)^2 = 900
(x-1018.618)^2 +(y-1018.758)^2 = 900
(x-1914.907)^2 +(y-66.243)^2 = 900
(x-722.988)^2 +(y-668.954)^2 = 900
(x-752.386)^2 +(y-1015.178)^2 = 900
(x-142.45)^2 +(y-1837.965)^2 = 900
(x-72.353)^2 +(y-1929.121)^2 = 900
(x-784.398)^2 +(y-533.759)^2 = 900
(x-1875.088)^2 +(y-281.69)^2 = 900
(x-1478.958)^2 +(y-1269.796)^2 = 900
(x-1781.337)^2 +(y-954.155)^2 = 900
(x-64.66)^2 +(y-921.666)^2 = 900
(x-1908.104)^2 +(y-1334.634)^2 = 900
(x-1358.09)^2 +(y-1571.97)^2 = 900
(x-995.443)^2 +(y-539.69)^2 = 900
(x-861)^2 +(y-1745.205)^2 = 900
(x-1909.754)^2 +(y-1918.425)^2 = 900
(x-292.475)^2 +(y-1349.676)^2 = 225
(x-1609.776)^2 +(y-693.338)^2 = 900
(x-1623.12)^2 +(y-807.901)^2 = 900
(x-545.468)^2 +(y-1633.231)^2 = 900
(x-663.475)^2 +(y-1623.388)^2 = 900
(x-586.96)^2 +(y-1561.001)^2 = 900
(x-1694.719)^2 +(y-1037.072)^2 = 900
(x-1615.193)^2 +(y-1109.103)^2 = 900
(x-1732.125)^2 +(y-1103.163)^2 = 900
(x-303.788)^2 +(y-1524.371)^2 = 900
(x-415.64)^2 +(y-1536.795)^2 = 900
(x-473.865)^2 +(y-1522.309)^2 = 900
(x-496.091)^2 +(y-1290.093)^2 = 900
(x-589.911)^2 +(y-1339.134)^2 = 900
(x-1872.18)^2 +(y-282.911)^2 = 900
(x-1789.878)^2 +(y-359.729)^2 = 900
(x-1797.921)^2 +(y-249.203)^2 = 900
(x-307.611)^2 +(y-1070.455)^2 = 900
(x-200.607)^2 +(y-1122.726)^2 = 900
(x-150.345)^2 +(y-1155.494)^2 = 900
(x-1059.728)^2 +(y-686.351)^2 = 900
(x-1160.258)^2 +(y-727.976)^2 = 900
(x-934.941)^2 +(y-278.178)^2 = 900
(x-975.887)^2 +(y-322.036)^2 = 900
(x-854.592)^2 +(y-279.568)^2 = 900
(x-815.189)^2 +(y-324.816)^2 = 900
(x-1267.048)^2 +(y-1876.479)^2 = 900
(x-1274.66)^2 +(y-1767.506)^2 = 900
(x-307.305)^2 +(y-1250.099)^2 = 900
(x-410.422)^2 +(y-1252.14)^2 = 900
(x-461.373)^2 +(y-1283.825)^2 = 900
(x-56.769)^2 +(y-440.176)^2 = 900
(x-54.431)^2 +(y-500.13)^2 = 900
(x-1144.194)^2 +(y-1618.948)^2 = 900
(x-1229.79)^2 +(y-1667.3)^2 = 900
(x-1255.666)^2 +(y-1721.433)^2 = 900
(x-169.019)^2 +(y-78.796)^2 = 900
(x-872.42)^2 +(y-646.171)^2 = 900
(x-831.132)^2 +(y-579.859)^2 = 900
(x-1518.505)^2 +(y-1631.873)^2 = 900
(x-1472.704)^2 +(y-1741.338)^2 = 900
(x-1562.395)^2 +(y-1703.204)^2 = 900
(x-1620.937)^2 +(y-1716.351)^2 = 900
(x-1869.177)^2 +(y-528.32)^2 = 900
(x-114.61)^2 +(y-1518.513)^2 = 900
(x-208.448)^2 +(y-1593.221)^2 = 900
(x-1226.01)^2 +(y-713.712)^2 = 900
(x-1158.845)^2 +(y-813.125)^2 = 900
(x-321.659)^2 +(y-598.123)^2 = 900
(x-319.685)^2 +(y-510.029)^2 = 900
(x-94.975)^2 +(y-686.215)^2 = 900
(x-152.779)^2 +(y-738.062)^2 = 900
(x-144.447)^2 +(y-618.919)^2 = 900
(x-134.472)^2 +(y-559.754)^2 = 900
(x-1098.578)^2 +(y-1895.631)^2 = 900
(x-1111.176)^2 +(y-1816.512)^2 = 900
(x-1020.793)^2 +(y-1893.795)^2 = 900
(x-1403.813)^2 +(y-992.761)^2 = 900
(x-1369.522)^2 +(y-1065.456)^2 = 900
(x-1485.474)^2 +(y-1061.393)^2 = 900
(x-1543.986)^2 +(y-1074.671)^2 = 900
(x-1449.436)^2 +(y-142.483)^2 = 900
(x-1464.431)^2 +(y-200.579)^2 = 900
(x-576.336)^2 +(y-312.366)^2 = 900
(x-625.342)^2 +(y-246.954)^2 = 900
(x-685.004)^2 +(y-240.589)^2 = 900
(x-415.089)^2 +(y-792.991)^2 = 900
(x-423.236)^2 +(y-852.435)^2 = 900
(x-346.995)^2 +(y-736.067)^2 = 900
(x-287.048)^2 +(y-738.587)^2 = 900
(x-1368.571)^2 +(y-1561.011)^2 = 900
(x-1438.707)^2 +(y-1464.941)^2 = 900
(x-1467.372)^2 +(y-1412.231)^2 = 900
(x-1589.923)^2 +(y-1850.552)^2 = 900
(x-1673.257)^2 +(y-1881.744)^2 = 900
(x-1635.366)^2 +(y-1769.342)^2 = 900
(x-303.178)^2 +(y-682.502)^2 = 900
(x-323.973)^2 +(y-626.22)^2 = 900
(x-1126.23)^2 +(y-996.016)^2 = 900
(x-1185.99)^2 +(y-990.65)^2 = 900
(x-1430.372)^2 +(y-1859.853)^2 = 900
(x-1440.986)^2 +(y-1800.8)^2 = 900
(x-1461.466)^2 +(y-211.169)^2 = 900
(x-1462.658)^2 +(y-291.352)^2 = 900
(x-1370.567)^2 +(y-214.458)^2 = 900
(x-447.094)^2 +(y-1113.804)^2 = 900
(x-452.885)^2 +(y-1020.947)^2 = 900
(x-1236.793)^2 +(y-1040.127)^2 = 900
(x-1268.019)^2 +(y-1091.361)^2 = 900
(x-1247.1)^2 +(y-945.59)^2 = 900
(x-1288.633)^2 +(y-902.288)^2 = 900
(x-812.641)^2 +(y-1368.724)^2 = 900
(x-1212.397)^2 +(y-1440.804)^2 = 900
(x-1315.248)^2 +(y-1411.822)^2 = 900
(x-783.674)^2 +(y-871.476)^2 = 900
(x-1798.766)^2 +(y-1242.902)^2 = 900
(x-1768.863)^2 +(y-1158.401)^2 = 900
(x-1689.249)^2 +(y-1232.818)^2 = 900
(x-1632.29)^2 +(y-1251.676)^2 = 900
(x-1915.792)^2 +(y-1092.761)^2 = 900
(x-112.858)^2 +(y-1855.769)^2 = 900
(x-1079.74)^2 +(y-1636.676)^2 = 900
(x-519.036)^2 +(y-601.827)^2 = 900
(x-60.951)^2 +(y-1315.129)^2 = 900
(x-56.686)^2 +(y-1255.28)^2 = 900
(x-1930.783)^2 +(y-363.866)^2 = 900
(x-1921.487)^2 +(y-483.504)^2 = 900
(x-572.749)^2 +(y-1788.902)^2 = 900
(x-631.932)^2 +(y-1798.769)^2 = 900
(x-504.701)^2 +(y-1838.377)^2 = 900
(x-495.836)^2 +(y-1897.719)^2 = 900
(x-1786.727)^2 +(y-735.683)^2 = 900
(x-1797.207)^2 +(y-794.761)^2 = 900
(x-1549.761)^2 +(y-872.815)^2 = 900
(x-1776.992)^2 +(y-1769.409)^2 = 900
(x-1813.357)^2 +(y-1865.674)^2 = 900
(x-756.973)^2 +(y-373.164)^2 = 900
(x-652.392)^2 +(y-390.145)^2 = 900
(x-595.586)^2 +(y-370.829)^2 = 900
(x-1138.889)^2 +(y-61.562)^2 = 900
(x-1255.111)^2 +(y-77.322)^2 = 900
(x-1205.474)^2 +(y-141.148)^2 = 900
(x-1927.172)^2 +(y-1440.617)^2 = 900
(x-1846.948)^2 +(y-1389.912)^2 = 900
(x-1787.218)^2 +(y-1395.597)^2 = 900
(x-657.762)^2 +(y-1920.528)^2 = 900
(x-775.344)^2 +(y-1905.192)^2 = 900
(x-502.656)^2 +(y-1128.753)^2 = 900
(x-1511.374)^2 +(y-1268.692)^2 = 900
(x-1626.535)^2 +(y-1717.376)^2 = 900
(x-1731.511)^2 +(y-1665.385)^2 = 900
(x-1592.905)^2 +(y-113.036)^2 = 900
(x-1634.235)^2 +(y-224.855)^2 = 900
(x-1648.465)^2 +(y-283.143)^2 = 900
(x-711.408)^2 +(y-1271.102)^2 = 900
(x-767.545)^2 +(y-1191.8)^2 = 900
(x-709.403)^2 +(y-1151.12)^2 = 900
(x-916.16)^2 +(y-788.292)^2 = 900
(x-861.014)^2 +(y-720.225)^2 = 900
(x-835.94)^2 +(y-836.356)^2 = 900
(x-1110.25)^2 +(y-283.447)^2 = 900
(x-1082.046)^2 +(y-230.489)^2 = 900
(x-1198.308)^2 +(y-332.232)^2 = 900
(x-1258.162)^2 +(y-328.059)^2 = 900
(x-116.573)^2 +(y-828.358)^2 = 900
(x-552.109)^2 +(y-374.52)^2 = 900
(x-1249.748)^2 +(y-576.169)^2 = 900
(x-1367.709)^2 +(y-555.89)^2 = 900
(x-1273.637)^2 +(y-512.61)^2 = 900
(x-1239.273)^2 +(y-463.425)^2 = 900
(x-956.683)^2 +(y-819.018)^2 = 900
(x-83.28)^2 +(y-1254.739)^2 = 900
(x-142)^2 +(y-1207.066)^2 = 900
(x-72.421)^2 +(y-519.078)^2 = 900
(x-390.632)^2 +(y-244.174)^2 = 900
(x-364.523)^2 +(y-131.327)^2 = 900
(x-366.75)^2 +(y-71.369)^2 = 900
(x-1912.876)^2 +(y-1893.745)^2 = 900
(x-1920.719)^2 +(y-1774.22)^2 = 900
(x-127.695)^2 +(y-63.684)^2 = 900
(x-63.974)^2 +(y-137.739)^2 = 900
(x-1918.207)^2 +(y-588.943)^2 = 900
(x-1917.855)^2 +(y-528.944)^2 = 900
(x-1914.734)^2 +(y-708.82)^2 = 900
(x-1910.91)^2 +(y-768.698)^2 = 900
(x-1252.614)^2 +(y-402.889)^2 = 900
(x-1267.67)^2 +(y-344.809)^2 = 900
(x-1911.208)^2 +(y-1656.398)^2 = 900
(x-1901.389)^2 +(y-1597.207)^2 = 900
(x-737.205)^2 +(y-85.153)^2 = 900
(x-839.706)^2 +(y-91.298)^2 = 900
(x-1017.515)^2 +(y-1301.398)^2 = 900
(x-1084.354)^2 +(y-1391.549)^2 = 900
(x-364.613)^2 +(y-866.26)^2 = 900
(x-1060.734)^2 +(y-1468.564)^2 = 900
(x-955.188)^2 +(y-1517.095)^2 = 900
(x-633.134)^2 +(y-713.395)^2 = 900
(x-573.162)^2 +(y-715.22)^2 = 900
(x-1412.386)^2 +(y-1397.259)^2 = 900
(x-1352.726)^2 +(y-1390.882)^2 = 900
(x-1791.797)^2 +(y-1515.041)^2 = 900
(x-1851.794)^2 +(y-1514.518)^2 = 900
(x-1890.05)^2 +(y-60.676)^2 = 900
(x-1784.3)^2 +(y-940.455)^2 = 900
(x-1798.094)^2 +(y-821.821)^2 = 900
(x-549.452)^2 +(y-64.424)^2 = 900
(x-528.401)^2 +(y-127.623)^2 = 900
(x-642.31)^2 +(y-90.342)^2 = 900
(x-698.344)^2 +(y-68.889)^2 = 900
(x-1024.732)^2 +(y-1237.092)^2 = 900
(x-1108.698)^2 +(y-1151.637)^2 = 900
(x-562.731)^2 +(y-775.564)^2 = 900
(x-540.135)^2 +(y-659.251)^2 = 900
(x-870.907)^2 +(y-1535.285)^2 = 900
(x-755.988)^2 +(y-1532.727)^2 = 900
(x-344.803)^2 +(y-1864.987)^2 = 900
(x-361.41)^2 +(y-1748.395)^2 = 900
(x-537.475)^2 +(y-1510.862)^2 = 900
(x-1395.67)^2 +(y-678.603)^2 = 900
(x-1933.607)^2 +(y-113.239)^2 = 900
(x-1920.859)^2 +(y-217.771)^2 = 900
(x-1885.927)^2 +(y-266.554)^2 = 900
(x-802.122)^2 +(y-1204.396)^2 = 900
(x-831.788)^2 +(y-1303.72)^2 = 900
(x-1850.804)^2 +(y-793.099)^2 = 900
(x-1917.134)^2 +(y-842.781)^2 = 900
(x-1924.284)^2 +(y-902.354)^2 = 900
(x-1051.847)^2 +(y-482.909)^2 = 900
(x-1001.387)^2 +(y-374.059)^2 = 900
(x-188.543)^2 +(y-839.508)^2 = 900
(x-152.711)^2 +(y-791.383)^2 = 900
(x-283.718)^2 +(y-878.772)^2 = 900
(x-343.06)^2 +(y-869.911)^2 = 900
(x-1874.169)^2 +(y-1219.075)^2 = 900
(x-56.491)^2 +(y-245.324)^2 = 900
(x-53.356)^2 +(y-305.242)^2 = 900
(x-69.751)^2 +(y-1034.884)^2 = 900
(x-109.292)^2 +(y-989.757)^2 = 900
(x-931.253)^2 +(y-60.918)^2 = 900
(x-193.891)^2 +(y-1790.965)^2 = 900
(x-117.248)^2 +(y-1725.254)^2 = 900
(x-992.687)^2 +(y-1016.246)^2 = 900
(x-937.896)^2 +(y-1070.257)^2 = 900
(x-552.811)^2 +(y-1921.42)^2 = 900
(x-1315.663)^2 +(y-360.137)^2 = 900
(x-1408.008)^2 +(y-1196.631)^2 = 900
(x-1299.016)^2 +(y-1241.401)^2 = 900
(x-1240.203)^2 +(y-1253.276)^2 = 900
(x-1438.306)^2 +(y-555.242)^2 = 900
(x-1537.138)^2 +(y-539.296)^2 = 900
(x-478.189)^2 +(y-1332.129)^2 = 900
(x-1560.687)^2 +(y-478.567)^2 = 900
(x-1578.644)^2 +(y-400.399)^2 = 900
(x-1508.04)^2 +(y-372.295)^2 = 900
(x-224.329)^2 +(y-313.941)^2 = 900
(x-287.523)^2 +(y-355.101)^2 = 900
(x-344.591)^2 +(y-336.575)^2 = 900
(x-1483.278)^2 +(y-853.36)^2 = 900
(x-1543.277)^2 +(y-852.92)^2 = 900
(x-1365.865)^2 +(y-871.221)^2 = 900
(x-1308.45)^2 +(y-888.643)^2 = 900
(x-277.272)^2 +(y-1916.664)^2 = 900
(x-209.37)^2 +(y-1869.863)^2 = 900
(x-1010.995)^2 +(y-534.664)^2 = 900
(x-275.566)^2 +(y-1363.583)^2 = 900
(x-1622.5)^2 +(y-529.415)^2 = 900
(x-1643.41)^2 +(y-611.997)^2 = 900
(x-1354.798)^2 +(y-1592.678)^2 = 900
(x-1304.298)^2 +(y-1695.665)^2 = 900
(x-1862.775)^2 +(y-1526.86)^2 = 900
(x-1929.112)^2 +(y-1524.394)^2 = 900
(x-1625.793)^2 +(y-343.346)^2 = 900
(x-820.188)^2 +(y-1847.47)^2 = 900
(x-1212.587)^2 +(y-1104.995)^2 = 900
(x-1152.97)^2 +(y-1111.761)^2 = 900
(x-853.859)^2 +(y-1358.742)^2 = 900
(x-951.5)^2 +(y-1322.614)^2 = 900
(x-1532.725)^2 +(y-1589.885)^2 = 900
(x-391.594)^2 +(y-291.208)^2 = 900
(x-354.416)^2 +(y-394.584)^2 = 900
(x-358.544)^2 +(y-454.441)^2 = 900
(x-838.567)^2 +(y-1729.446)^2 = 900
(x-746.254)^2 +(y-1653.335)^2 = 900
(x-76.73)^2 +(y-937.928)^2 = 900
(x-532.324)^2 +(y-953.303)^2 = 900
(x-629.363)^2 +(y-960.799)^2 = 900
(x-574.004)^2 +(y-862.822)^2 = 900
(x-564.461)^2 +(y-803.585)^2 = 900
(x-710.04)^2 +(y-537.012)^2 = 900
(x-769.983)^2 +(y-534.39)^2 = 900
(x-1635.462)^2 +(y-1320.512)^2 = 900
(x-1622.076)^2 +(y-1262.024)^2 = 900
(x-1632.262)^2 +(y-56.585)^2 = 900
(x-1572.361)^2 +(y-60.038)^2 = 900
(x-718.536)^2 +(y-1580.045)^2 = 900
(x-1784.813)^2 +(y-1713.906)^2 = 900
(x-598.827)^2 +(y-1443.165)^2 = 900
(x-574.032)^2 +(y-1497.803)^2 = 900
(x-288.47)^2 +(y-1325.581)^2 = 900
(x-1766.957)^2 +(y-961.484)^2 = 900
(x-758.8)^2 +(y-622.048)^2 = 900
(x-66.121)^2 +(y-1658.02)^2 = 900
(x-67.312)^2 +(y-1598.032)^2 = 900
(x-1453.299)^2 +(y-1238.3)^2 = 900
(x-1309.48)^2 +(y-126.03)^2 = 900
(x-1210.863)^2 +(y-1762.691)^2 = 900
(x-1157.633)^2 +(y-1437.482)^2 = 900
(x-347.603)^2 +(y-881.734)^2 = 900
(x-350.143)^2 +(y-1001.361)^2 = 900
(x-898.983)^2 +(y-127.873)^2 = 900
(x-924.85)^2 +(y-182.01)^2 = 900
(x-264.476)^2 +(y-1560.275)^2 = 900
(x-1365.292)^2 +(y-667.428)^2 = 900
(x-1287.47)^2 +(y-711.707)^2 = 900
(x-725.359)^2 +(y-1008.097)^2 = 900
(x-1215.154)^2 +(y-646.177)^2 = 900
(x-1572.53)^2 +(y-1876.474)^2 = 900
(x-1579.994)^2 +(y-851.228)^2 = 900
(x-83.86)^2 +(y-1540.222)^2 = 900
(x-1884.371)^2 +(y-288.076)^2 = 900
(x-1879.414)^2 +(y-1306.145)^2 = 900
(x-145.346)^2 +(y-1836.735)^2 = 900
(x-944.467)^2 +(y-536.264)^2 = 900
(x-847.785)^2 +(y-1764.912)^2 = 900
(x-735.98)^2 +(y-1046.679)^2 = 900
