(1240,1908)
(715,1458)
(1004,1939)
(436,550)
(1150,313)
(320,71)
(1829,1703)
(1406,962)
(1385,569)
(700,1966)
(1256,1283)
(198,409)
(1001,1202)
(1128,543)
(1388,46)
(1163,461)
(1822,282)
(1815,966)
(1409,1211)
(1673,1703)
(36,165)
(1277,1819)
(876,1047)
(1418,1907)
(620,1214)
(966,91)
(307,281)
(1695,566)
(1682,1922)
(883,201)
(706,1544)
(1000,936)
(1365,836)
(47,706)
(329,703)
(1136,1968)
(313,1425)
(973,213)
(475,160)
(1798,538)
(1654,808)
(575,1072)
(880,1460)
(1255,811)
(80,1195)
(1656,1299)
(180,816)
(48,807)
(1815,840)
(339,1956)
(1826,1590)
(1164,59)
(443,1294)
(1819,719)
(225,201)
(438,1440)
(1522,211)
(892,1202)
(1938,801)
(1249,1578)
(1005,588)
(1537,1556)
(363,168)
(607,1928)
(1544,287)
(1946,308)
(1279,407)
(1007,1675)
(1513,1210)
(355,933)
(885,783)
(1255,211)
(90,323)
(1497,908)
(861,46)
(97,1936)
(1946,945)
(738,1831)
(764,285)
(84,64)
(220,1048)
(743,190)
(738,1217)
(460,1679)
(92,436)
(484,1172)
(1545,581)
(438,332)
(1671,190)
(1554,1284)
(616,1662)
(759,1340)
(1774,182)
(604,92)
(1293,1212)
(723,836)
(1955,1716)
(432,1090)
(1153,204)
(1646,1164)
(993,302)
(445,1574)
(70,1301)
(180,680)
(1025,678)
(1771,1944)
(871,1590)
(834,578)
(1146,1340)
(435,32)
(447,1842)
(1935,1802)
(580,301)
(1634,293)
(1001,1809)
(1786,1297)
(1130,1827)
(1563,1714)
(1674,952)
(1144,926)
(1558,38)
(1763,459)
(220,1303)
(1027,1310)
(1247,588)
(1520,1823)
(1632,434)
(1541,1057)
(1911,1179)
(1025,1083)
(849,1803)
(331,1662)
(974,1418)
(760,558)
(711,909)
(1922,1457)
(626,431)
(1509,1932)
(89,591)
(180,1795)
(850,1692)
(732,1681)
(1416,1075)
(175,966)
(1415,1427)
(1930,1939)
(1023,812)
(1404,1695)
(484,661)
(1942,170)
(1123,1714)
(320,1303)
(187,1581)
(68,1593)
(1148,1214)
(1926,584)
(878,677)
(1906,667)
(199,1718)
(437,915)
(53,932)
(1278,1456)
(1143,1558)
(1292,61)
(85,1799)
(1367,443)
(1119,794)
(700,656)
(586,709)
(207,1961)
(1794,86)
(1241,340)
(220,68)
(1896,1036)
(750,428)
(748,94)
(1802,1201)
(1546,707)
(1551,786)
(886,932)
(359,1172)
(50,1466)
(359,542)
(1657,1831)
(600,157)
(1028,412)
(1116,1464)
(1896,1562)
(1536,1463)
(1381,681)
(351,1086)
(455,1952)
(1135,1060)
(204,1184)
(891,414)
(192,337)
(1932,422)
(609,844)
(357,829)
(1267,1052)
(1424,290)
(1364,1563)
(601,537)
(1657,1073)
(586,1804)
(995,1586)
(604,1464)
(177,1446)
(454,432)
(574,1324)
(88,1053)
(1363,1337)
(601,963)
(1810,1415)
(198,532)
(1629,712)
(1765,1835)
(493,802)
(1413,214)
(314,444)
(1247,1671)
(333,1544)
(1544,469)
(1690,1541)
(870,1941)
(567,1538)
(1826,1059)
(51,1663)
(1152,708)
(842,1290)
(699,1033)
(846,305)
(1937,62)
(1956,1330)
(1678,1418)
(1282,960)
(1277,712)
(1365,1840)
(1695,62)
(311,1791)
(645,1923)
(x-665.912)^2 +(y-1916.624)^2 = 900
(x-1837.776)^2 +(y-1021.509)^2 = 900
(x-377.408)^2 +(y-1114.893)^2 = 900
(x-1593.504)^2 +(y-743.652)^2 = 900
(x-1291.504)^2 +(y-1877.221)^2 = 900
(x-751.876)^2 +(y-1505.33)^2 = 900
(x-402.238)^2 +(y-500.401)^2 = 900
(x-1176.54)^2 +(y-259.189)^2 = 900
(x-367.122)^2 +(y-108.142)^2 = 900
(x-1847.63)^2 +(y-1645.966)^2 = 900
(x-1465.941)^2 +(y-959.335)^2 = 900
(x-1404.434)^2 +(y-625.765)^2 = 900
(x-1314.134)^2 +(y-1268.155)^2 = 900
(x-151.09)^2 +(y-446.409)^2 = 900
(x-946.5)^2 +(y-1227.095)^2 = 900
(x-1182.435)^2 +(y-517.765)^2 = 900
(x-1345.436)^2 +(y-88.288)^2 = 900
(x-1818.637)^2 +(y-222.094)^2 = 900
(x-1461.288)^2 +(y-1240.428)^2 = 900
(x-1620.322)^2 +(y-1731.724)^2 = 900
(x-79.659)^2 +(y-123.843)^2 = 900
(x-897.332)^2 +(y-990.92)^2 = 900
(x-1473.318)^2 +(y-1883.763)^2 = 900
(x-679.275)^2 +(y-1204.698)^2 = 900
(x-920.737)^2 +(y-51.614)^2 = 900
(x-278.472)^2 +(y-228.216)^2 = 900
(x-1753.692)^2 +(y-578.458)^2 = 900
(x-1735.79)^2 +(y-1895.417)^2 = 900
(x-933.185)^2 +(y-168.114)^2 = 900
(x-1314.535)^2 +(y-803.545)^2 = 900
(x-79.894)^2 +(y-756.179)^2 = 900
(x-608.879)^2 +(y-1022.48)^2 = 900
(x-939.574)^2 +(y-1467.141)^2 = 900
(x-102.554)^2 +(y-1250.599)^2 = 900
(x-1609.467)^2 +(y-1261.122)^2 = 900
(x-397.525)^2 +(y-1969.222)^2 = 900
(x-1878.979)^2 +(y-720.571)^2 = 900
(x-1576.332)^2 +(y-236.457)^2 = 900
(x-1200.874)^2 +(y-1542.169)^2 = 900
(x-1052.491)^2 +(y-624.669)^2 = 900
(x-1574.412)^2 +(y-1509.092)^2 = 900
(x-1956.249)^2 +(y-367.118)^2 = 900
(x-1336.86)^2 +(y-391.119)^2 = 900
(x-1040.439)^2 +(y-1625.182)^2 = 900
(x-405.192)^2 +(y-965.875)^2 = 900
(x-909.345)^2 +(y-728.161)^2 = 900
(x-145.191)^2 +(y-299.464)^2 = 900
(x-156.535)^2 +(y-1928.545)^2 = 900
(x-797.901)^2 +(y-1834.447)^2 = 900
(x-787.793)^2 +(y-229.919)^2 = 900
(x-230.451)^2 +(y-988.917)^2 = 900
(x-480.28)^2 +(y-1622.531)^2 = 900
(x-1566.034)^2 +(y-524.808)^2 = 900
(x-477.783)^2 +(y-376.915)^2 = 900
(x-1675.658)^2 +(y-249.819)^2 = 900
(x-675.951)^2 +(y-1659.586)^2 = 900
(x-818.764)^2 +(y-1345.318)^2 = 900
(x-652.301)^2 +(y-127.595)^2 = 900
(x-763.616)^2 +(y-880.163)^2 = 900
(x-1984.576)^2 +(y-1768.204)^2 = 900
(x-1689.944)^2 +(y-1123.147)^2 = 900
(x-1026.122)^2 +(y-352.029)^2 = 900
(x-889.699)^2 +(y-1647.012)^2 = 900
(x-809.044)^2 +(y-523.436)^2 = 900
(x-1828.622)^2 +(y-1254.77)^2 = 900
(x-1146.349)^2 +(y-1769.27)^2 = 900
(x-270)^2 +(y-1336.166)^2 = 900
(x-1084.306)^2 +(y-1092.096)^2 = 900
(x-342.861)^2 +(y-1603.184)^2 = 900
(x-1934.214)^2 +(y-1515.744)^2 = 900
(x-638.021)^2 +(y-489.783)^2 = 900
(x-233.217)^2 +(y-1767.287)^2 = 900
(x-1414.962)^2 +(y-1367)^2 = 900
(x-1077.424)^2 +(y-837.26)^2 = 900
(x-543.757)^2 +(y-666.391)^2 = 900
(x-1965.506)^2 +(y-114.796)^2 = 900
(x-127.989)^2 +(y-1591.849)^2 = 900
(x-1751.972)^2 +(y-43.179)^2 = 900
(x-1711.965)^2 +(y-1806.941)^2 = 900
(x-878.772)^2 +(y-355.259)^2 = 900
(x-1311.793)^2 +(y-1012.08)^2 = 900
(x-1464.13)^2 +(y-245.396)^2 = 900
(x-624.372)^2 +(y-1520.436)^2 = 900
(x-1205.942)^2 +(y-291.308)^2 = 900
(x-270.994)^2 +(y-36.383)^2 = 900
(x-1430.488)^2 +(y-1016.775)^2 = 900
(x-1036.063)^2 +(y-1250.688)^2 = 900
(x-1330.15)^2 +(y-1791.159)^2 = 900
(x-603.257)^2 +(y-1271.617)^2 = 900
(x-943.653)^2 +(y-915.384)^2 = 900
(x-420.508)^2 +(y-185.112)^2 = 900
(x-1818.567)^2 +(y-481.635)^2 = 900
(x-1608.506)^2 +(y-768.881)^2 = 900
(x-1297.31)^2 +(y-768.458)^2 = 900
(x-1308.493)^2 +(y-1585.782)^2 = 900
(x-1285.896)^2 +(y-1625.315)^2 = 900
(x-326.089)^2 +(y-880.425)^2 = 900
(x-1206.151)^2 +(y-176.161)^2 = 900
(x-1947.362)^2 +(y-1004.985)^2 = 900
(x-781.364)^2 +(y-143.868)^2 = 900
(x-487.774)^2 +(y-1112.119)^2 = 900
(x-667.281)^2 +(y-858.258)^2 = 900
(x-474.581)^2 +(y-1895.285)^2 = 900
(x-1553.539)^2 +(y-1773.249)^2 = 900
(x-1601.618)^2 +(y-485.739)^2 = 900
(x-1600.792)^2 +(y-1052.008)^2 = 900
(x-1860.962)^2 +(y-1212.11)^2 = 900
(x-744.747)^2 +(y-616.029)^2 = 900
(x-1867.684)^2 +(y-1431.51)^2 = 900
(x-134.04)^2 +(y-1833.57)^2 = 900
(x-106.132)^2 +(y-1639.325)^2 = 900
(x-1956.99)^2 +(y-635.377)^2 = 900
(x-1162.916)^2 +(y-1501.402)^2 = 900
(x-1171.402)^2 +(y-764.776)^2 = 900
(x-360.419)^2 +(y-482.017)^2 = 900
(x-1004)^2 +(y-1939)^2 = 900
(x-329)^2 +(y-703)^2 = 900
(x-1136)^2 +(y-1968)^2 = 900
(x-313)^2 +(y-1425)^2 = 900
(x-180)^2 +(y-816)^2 = 900
(x-1815)^2 +(y-840)^2 = 900
(x-1164)^2 +(y-59)^2 = 900
(x-443)^2 +(y-1294)^2 = 900
(x-438)^2 +(y-1440)^2 = 900
(x-1938)^2 +(y-801)^2 = 900
(x-180)^2 +(y-680)^2 = 900
(x-1146)^2 +(y-1340)^2 = 900
(x-435)^2 +(y-32)^2 = 900
(x-580)^2 +(y-301)^2 = 900
(x-1001)^2 +(y-1809)^2 = 900
(x-1674)^2 +(y-952)^2 = 900
(x-1144)^2 +(y-926)^2 = 900
(x-1558)^2 +(y-38)^2 = 900
(x-1247)^2 +(y-588)^2 = 900
(x-89)^2 +(y-591)^2 = 900
(x-1930)^2 +(y-1939)^2 = 900
(x-1404)^2 +(y-1695)^2 = 900
(x-1148)^2 +(y-1214)^2 = 900
(x-53)^2 +(y-932)^2 = 900
(x-1278)^2 +(y-1456)^2 = 900
(x-750)^2 +(y-428)^2 = 900
(x-50)^2 +(y-1466)^2 = 900
(x-204)^2 +(y-1184)^2 = 900
(x-586)^2 +(y-1804)^2 = 900
(x-177)^2 +(y-1446)^2 = 900
(x-88)^2 +(y-1053)^2 = 900
(x-198)^2 +(y-532)^2 = 900
(x-493)^2 +(y-802)^2 = 900
(x-1690)^2 +(y-1541)^2 = 900
(x-870)^2 +(y-1941)^2 = 900
(x-699)^2 +(y-1033)^2 = 900
(x-1956)^2 +(y-1330)^2 = 900
(x-1678)^2 +(y-1418)^2 = 900
(x-311)^2 +(y-1791)^2 = 900
(x-1699.96)^2 +(y-866.71)^2 = 225
(x-146.556)^2 +(y-598.716)^2 = 225
(x-631.191)^2 +(y-1867.691)^2 = 900
(x-596.471)^2 +(y-1818.757)^2 = 900
(x-716.846)^2 +(y-1884.912)^2 = 900
(x-767.781)^2 +(y-1853.2)^2 = 900
(x-1897.105)^2 +(y-1012.563)^2 = 900
(x-1782.545)^2 +(y-998.068)^2 = 900
(x-1727.313)^2 +(y-974.627)^2 = 900
(x-437.389)^2 +(y-1113.386)^2 = 900
(x-388.405)^2 +(y-1055.91)^2 = 900
(x-399.403)^2 +(y-996.926)^2 = 900
(x-1316.082)^2 +(y-1822.486)^2 = 900
(x-692.293)^2 +(y-1512.389)^2 = 900
(x-632.71)^2 +(y-1519.448)^2 = 900
(x-775.017)^2 +(y-1449.972)^2 = 900
(x-798.157)^2 +(y-1394.614)^2 = 900
(x-433.549)^2 +(y-449.219)^2 = 900
(x-464.861)^2 +(y-398.037)^2 = 900
(x-1196.695)^2 +(y-202.675)^2 = 900
(x-1125.483)^2 +(y-290.703)^2 = 900
(x-1074.425)^2 +(y-322.216)^2 = 900
(x-401.317)^2 +(y-157.444)^2 = 900
(x-407.048)^2 +(y-63.355)^2 = 900
(x-319.041)^2 +(y-72.25)^2 = 900
(x-1880.851)^2 +(y-1596.002)^2 = 900
(x-1914.072)^2 +(y-1546.038)^2 = 900
(x-1892.392)^2 +(y-1685.92)^2 = 900
(x-1937.154)^2 +(y-1725.875)^2 = 900
(x-1981.916)^2 +(y-1765.829)^2 = 900
(x-1797.689)^2 +(y-1612.71)^2 = 900
(x-1747.749)^2 +(y-1579.455)^2 = 900
(x-1697.808)^2 +(y-1546.199)^2 = 900
(x-1434.427)^2 +(y-1010.393)^2 = 900
(x-1515.39)^2 +(y-993.318)^2 = 900
(x-1564.839)^2 +(y-1027.3)^2 = 900
(x-1346.089)^2 +(y-611.77)^2 = 900
(x-1287.744)^2 +(y-597.774)^2 = 900
(x-1368.411)^2 +(y-673.749)^2 = 900
(x-1332.389)^2 +(y-721.732)^2 = 900
(x-1356.98)^2 +(y-1310.158)^2 = 900
(x-1399.825)^2 +(y-1352.161)^2 = 900
(x-179.927)^2 +(y-499.025)^2 = 900
(x-148.683)^2 +(y-386.458)^2 = 900
(x-146.277)^2 +(y-326.506)^2 = 900
(x-1004.521)^2 +(y-1242.379)^2 = 900
(x-902.466)^2 +(y-1267.85)^2 = 900
(x-858.431)^2 +(y-1308.605)^2 = 900
(x-1223.041)^2 +(y-561.937)^2 = 900
(x-1136.1)^2 +(y-555.884)^2 = 900
(x-1089.765)^2 +(y-594.004)^2 = 900
(x-1294.69)^2 +(y-120.302)^2 = 900
(x-1243.945)^2 +(y-152.317)^2 = 900
(x-1759.734)^2 +(y-233.516)^2 = 900
(x-1700.831)^2 +(y-244.938)^2 = 900
(x-1867.085)^2 +(y-186.7)^2 = 900
(x-1915.533)^2 +(y-151.305)^2 = 900
(x-1963.981)^2 +(y-115.91)^2 = 900
(x-1797.687)^2 +(y-165.87)^2 = 900
(x-1776.738)^2 +(y-109.647)^2 = 900
(x-1755.789)^2 +(y-53.423)^2 = 900
(x-1440.665)^2 +(y-1296.772)^2 = 900
(x-1420.043)^2 +(y-1353.117)^2 = 900
(x-1520.711)^2 +(y-1248.727)^2 = 900
(x-1580.134)^2 +(y-1257.026)^2 = 900
(x-1569.369)^2 +(y-1763.406)^2 = 900
(x-1666.701)^2 +(y-1769.79)^2 = 900
(x-100.635)^2 +(y-180.057)^2 = 900
(x-121.611)^2 +(y-236.271)^2 = 900
(x-142.587)^2 +(y-292.485)^2 = 900
(x-928.698)^2 +(y-939.772)^2 = 900
(x-851.125)^2 +(y-952.646)^2 = 900
(x-804.917)^2 +(y-914.373)^2 = 900
(x-1508.564)^2 +(y-1835.207)^2 = 900
(x-1543.811)^2 +(y-1786.651)^2 = 900
(x-634.239)^2 +(y-1244.344)^2 = 900
(x-686.123)^2 +(y-1145.09)^2 = 900
(x-692.971)^2 +(y-1085.483)^2 = 900
(x-927.111)^2 +(y-111.275)^2 = 900
(x-335.887)^2 +(y-210.792)^2 = 900
(x-393.301)^2 +(y-193.369)^2 = 900
(x-225.559)^2 +(y-256.502)^2 = 900
(x-172.645)^2 +(y-284.788)^2 = 900
(x-1787.09)^2 +(y-528.612)^2 = 900
(x-1702.463)^2 +(y-547.224)^2 = 900
(x-1651.234)^2 +(y-515.99)^2 = 900
(x-1793.371)^2 +(y-623.465)^2 = 900
(x-1833.049)^2 +(y-668.472)^2 = 900
(x-1872.727)^2 +(y-713.479)^2 = 900
(x-1720.189)^2 +(y-1837.481)^2 = 900
(x-873.936)^2 +(y-158.652)^2 = 900
(x-814.686)^2 +(y-149.19)^2 = 900
(x-131.399)^2 +(y-786.957)^2 = 900
(x-127.641)^2 +(y-719.844)^2 = 900
(x-175.388)^2 +(y-683.509)^2 = 900
(x-668.475)^2 +(y-1029.437)^2 = 900
(x-560.653)^2 +(y-1058.176)^2 = 900
(x-512.426)^2 +(y-1093.872)^2 = 900
(x-897.325)^2 +(y-1424.538)^2 = 900
(x-855.076)^2 +(y-1381.934)^2 = 900
(x-152.711)^2 +(y-1217.671)^2 = 900
(x-202.868)^2 +(y-1184.743)^2 = 900
(x-1639.697)^2 +(y-1209.294)^2 = 900
(x-1669.927)^2 +(y-1157.466)^2 = 900
(x-1633.487)^2 +(y-1316.105)^2 = 900
(x-1657.506)^2 +(y-1371.087)^2 = 900
(x-440.818)^2 +(y-1927.681)^2 = 900
(x-1914.477)^2 +(y-768.944)^2 = 900
(x-1919.499)^2 +(y-676.32)^2 = 900
(x-1635.796)^2 +(y-244.456)^2 = 900
(x-1516.522)^2 +(y-241.222)^2 = 900
(x-1240.889)^2 +(y-1497.462)^2 = 900
(x-1256.481)^2 +(y-1564.704)^2 = 900
(x-1003.868)^2 +(y-659.822)^2 = 900
(x-955.245)^2 +(y-694.976)^2 = 900
(x-1632.249)^2 +(y-1525.058)^2 = 900
(x-1910.119)^2 +(y-405.486)^2 = 900
(x-1863.99)^2 +(y-443.854)^2 = 900
(x-1289.146)^2 +(y-354.742)^2 = 900
(x-1241.431)^2 +(y-318.365)^2 = 900
(x-1376.329)^2 +(y-345.928)^2 = 900
(x-1415.797)^2 +(y-300.737)^2 = 900
(x-1455.266)^2 +(y-255.546)^2 = 900
(x-981.059)^2 +(y-1633.781)^2 = 900
(x-921.678)^2 +(y-1642.381)^2 = 900
(x-1082.641)^2 +(y-1582.532)^2 = 900
(x-1124.842)^2 +(y-1539.881)^2 = 900
(x-364.432)^2 +(y-921.845)^2 = 900
(x-142.706)^2 +(y-1870.161)^2 = 900
(x-831.526)^2 +(y-1884.139)^2 = 900
(x-865.15)^2 +(y-1933.832)^2 = 900
(x-783.323)^2 +(y-170.086)^2 = 900
(x-823.039)^2 +(y-278.476)^2 = 900
(x-858.284)^2 +(y-327.033)^2 = 900
(x-270.127)^2 +(y-943.908)^2 = 900
(x-309.803)^2 +(y-898.899)^2 = 900
(x-175.733)^2 +(y-1013.533)^2 = 900
(x-121.015)^2 +(y-1038.148)^2 = 900
(x-420.866)^2 +(y-1614.166)^2 = 900
(x-361.452)^2 +(y-1605.802)^2 = 900
(x-529.237)^2 +(y-1587.843)^2 = 900
(x-578.193)^2 +(y-1553.155)^2 = 900
(x-525.951)^2 +(y-341.141)^2 = 900
(x-574.12)^2 +(y-305.367)^2 = 900
(x-655.097)^2 +(y-1603.327)^2 = 900
(x-634.243)^2 +(y-1547.067)^2 = 900
(x-644.229)^2 +(y-1710.515)^2 = 900
(x-612.507)^2 +(y-1761.443)^2 = 900
(x-711.829)^2 +(y-135.101)^2 = 900
(x-771.358)^2 +(y-142.606)^2 = 900
(x-629.211)^2 +(y-182.975)^2 = 900
(x-606.12)^2 +(y-238.354)^2 = 900
(x-583.03)^2 +(y-293.733)^2 = 900
(x-705.109)^2 +(y-866.86)^2 = 900
(x-740.252)^2 +(y-935.427)^2 = 900
(x-716.887)^2 +(y-990.691)^2 = 900
(x-1966.314)^2 +(y-1825.357)^2 = 900
(x-1948.051)^2 +(y-1882.51)^2 = 900
(x-1643.045)^2 +(y-1085.724)^2 = 900
(x-966.136)^2 +(y-353.344)^2 = 900
(x-906.151)^2 +(y-354.659)^2 = 900
(x-777.477)^2 +(y-472.412)^2 = 900
(x-774.822)^2 +(y-572.719)^2 = 900
(x-1880.285)^2 +(y-1285.282)^2 = 900
(x-1931.947)^2 +(y-1315.794)^2 = 900
(x-1088.472)^2 +(y-1785.09)^2 = 900
(x-1030.595)^2 +(y-1800.91)^2 = 900
(x-296.142)^2 +(y-1390.172)^2 = 900
(x-246.125)^2 +(y-1281.121)^2 = 900
(x-222.25)^2 +(y-1226.076)^2 = 900
(x-1112.092)^2 +(y-1145.275)^2 = 900
(x-1139.877)^2 +(y-1198.454)^2 = 900
(x-1104.599)^2 +(y-1035.632)^2 = 900
(x-1124.892)^2 +(y-979.168)^2 = 900
(x-1897.025)^2 +(y-1468.659)^2 = 900
(x-690.556)^2 +(y-460.798)^2 = 900
(x-743.09)^2 +(y-431.813)^2 = 900
(x-290.609)^2 +(y-1784.784)^2 = 900
(x-183.332)^2 +(y-1800.627)^2 = 900
(x-190.936)^2 +(y-1724.715)^2 = 900
(x-148.656)^2 +(y-1682.143)^2 = 900
(x-106.376)^2 +(y-1639.571)^2 = 900
(x-1364.651)^2 +(y-1399.693)^2 = 900
(x-1314.34)^2 +(y-1432.386)^2 = 900
(x-1113.431)^2 +(y-885.254)^2 = 900
(x-1124.934)^2 +(y-800.616)^2 = 900
(x-1025.612)^2 +(y-867.518)^2 = 900
(x-973.801)^2 +(y-897.777)^2 = 900
(x-522.725)^2 +(y-722.583)^2 = 900
(x-501.692)^2 +(y-778.776)^2 = 900
(x-96.383)^2 +(y-1540.848)^2 = 900
(x-64.778)^2 +(y-1489.847)^2 = 900
(x-1691.993)^2 +(y-41.578)^2 = 900
(x-1632.014)^2 +(y-39.976)^2 = 900
(x-1572.036)^2 +(y-38.375)^2 = 900
(x-826.531)^2 +(y-384.769)^2 = 900
(x-774.289)^2 +(y-414.279)^2 = 900
(x-1371.746)^2 +(y-1014.452)^2 = 900
(x-1093.079)^2 +(y-1232.001)^2 = 900
(x-1366.696)^2 +(y-1743.573)^2 = 900
(x-1403.241)^2 +(y-1695.988)^2 = 900
(x-543.834)^2 +(y-1279.916)^2 = 900
(x-484.411)^2 +(y-1288.216)^2 = 900
(x-1649.48)^2 +(y-812.711)^2 = 900
(x-1690.455)^2 +(y-856.542)^2 = 900
(x-1237.336)^2 +(y-766.704)^2 = 900
(x-1177.362)^2 +(y-764.951)^2 = 900
(x-1337.571)^2 +(y-1655.805)^2 = 900
(x-1389.247)^2 +(y-1686.295)^2 = 900
(x-271.19)^2 +(y-856.215)^2 = 900
(x-216.292)^2 +(y-832.004)^2 = 900
(x-1185.839)^2 +(y-119.704)^2 = 900
(x-1165.528)^2 +(y-63.246)^2 = 900
(x-610.182)^2 +(y-839.827)^2 = 900
(x-553.084)^2 +(y-821.395)^2 = 900
(x-495.985)^2 +(y-802.963)^2 = 900
(x-520.993)^2 +(y-1857.26)^2 = 900
(x-567.405)^2 +(y-1819.235)^2 = 900
(x-1500.378)^2 +(y-1745.432)^2 = 900
(x-1447.216)^2 +(y-1717.614)^2 = 900
(x-1636.232)^2 +(y-1003.594)^2 = 900
(x-1671.673)^2 +(y-955.179)^2 = 900
(x-1907.067)^2 +(y-1386.244)^2 = 900
(x-1946.449)^2 +(y-1340.978)^2 = 900
(x-1156.662)^2 +(y-1441.729)^2 = 900
(x-1150.408)^2 +(y-1382.055)^2 = 900
(x-303.073)^2 +(y-499.665)^2 = 900
(x-245.727)^2 +(y-517.312)^2 = 900
(x-1002.616)^2 +(y-1879.016)^2 = 900
(x-1001.232)^2 +(y-1819.032)^2 = 900
(x-944.007)^2 +(y-1939.895)^2 = 900
(x-884.013)^2 +(y-1940.791)^2 = 900
(x-1062.602)^2 +(y-1951.875)^2 = 900
(x-1121.205)^2 +(y-1964.75)^2 = 900
(x-269.702)^2 +(y-693.847)^2 = 900
(x-210.405)^2 +(y-684.693)^2 = 900
(x-372.573)^2 +(y-1432.149)^2 = 900
(x-432.145)^2 +(y-1439.297)^2 = 900
(x-253.703)^2 +(y-1434.156)^2 = 900
(x-194.405)^2 +(y-1443.312)^2 = 900
(x-1872.194)^2 +(y-821.865)^2 = 900
(x-1929.388)^2 +(y-803.731)^2 = 900
(x-1756.555)^2 +(y-853.57)^2 = 900
(x-440.946)^2 +(y-1353.965)^2 = 900
(x-438.893)^2 +(y-1413.93)^2 = 900
(x-157.17)^2 +(y-624.513)^2 = 900
(x-1146.952)^2 +(y-1280.008)^2 = 900
(x-1147.905)^2 +(y-1220.015)^2 = 900
(x-1691.471)^2 +(y-894.6)^2 = 900
(x-69.672)^2 +(y-989.637)^2 = 900
(x-86.344)^2 +(y-1047.274)^2 = 900
(x-109.27)^2 +(y-1456.666)^2 = 900
(x-168.539)^2 +(y-1447.332)^2 = 900
(x-161.362)^2 +(y-579.515)^2 = 900
(x-1684.174)^2 +(y-1481.284)^2 = 900
(x-1678.348)^2 +(y-1421.567)^2 = 900
